09:58:43 **** Incremental Build of configuration Debug for project FreeRTOS ****
make -r all 
make: Nothing to be done for `all'.
09:58:45 **** Incremental Build of configuration Debug for project lpc_chip_15xx ****
make -r all 
make: Nothing to be done for `all'.
09:58:47 **** Incremental Build of configuration Debug for project lpc_board_nxp_lpcxpresso_1549 ****
make -r all 
make: Nothing to be done for `all'.
09:58:49 **** Incremental Build of configuration Debug for project Solar ****
make -r -j4 all 
Building file: ../src/DigitalIoPin.cpp
Building file: ../src/main.cpp
Invoking: MCU C++ Compiler
arm-none-eabi-c++ -std=c++11 -D__NEWLIB__ -DDEBUG -D__CODE_RED -DCORE_M3 -D__USE_LPCOPEN -DCPP_USE_HEAP -D__LPC15XX__ -I"C:\Users\pavel\Desktop\koulu\IoT_Project\Solar_Tracker\source\lpc_board_nxp_lpcxpresso_1549\inc" -I"C:\Users\pavel\Desktop\koulu\IoT_Project\Solar_Tracker\source\lpc_chip_15xx\inc" -I"C:\Users\pavel\Desktop\koulu\IoT_Project\Solar_Tracker\source\FreeRTOS\inc" -I"C:\Users\pavel\Desktop\koulu\IoT_Project\Solar_Tracker\source\FreeRTOS\src\include" -I"C:\Users\pavel\Desktop\koulu\IoT_Project\Solar_Tracker\source\FreeRTOS\src\portable\GCC\ARM_CM3" -O0 -fno-common -g3 -Wall -c -fmessage-length=0 -fno-builtin -ffunction-sections -fdata-sections -fno-rtti -fno-exceptions -mcpu=cortex-m3 -mthumb -D__NEWLIB__ -MMD -MP -MF"src/DigitalIoPin.d" -MT"src/DigitalIoPin.o" -MT"src/DigitalIoPin.d" -o "src/DigitalIoPin.o" "../src/DigitalIoPin.cpp"
Invoking: MCU C++ Compiler
arm-none-eabi-c++ -std=c++11 -D__NEWLIB__ -DDEBUG -D__CODE_RED -DCORE_M3 -D__USE_LPCOPEN -DCPP_USE_HEAP -D__LPC15XX__ -I"C:\Users\pavel\Desktop\koulu\IoT_Project\Solar_Tracker\source\lpc_board_nxp_lpcxpresso_1549\inc" -I"C:\Users\pavel\Desktop\koulu\IoT_Project\Solar_Tracker\source\lpc_chip_15xx\inc" -I"C:\Users\pavel\Desktop\koulu\IoT_Project\Solar_Tracker\source\FreeRTOS\inc" -I"C:\Users\pavel\Desktop\koulu\IoT_Project\Solar_Tracker\source\FreeRTOS\src\include" -I"C:\Users\pavel\Desktop\koulu\IoT_Project\Solar_Tracker\source\FreeRTOS\src\portable\GCC\ARM_CM3" -O0 -fno-common -g3 -Wall -c -fmessage-length=0 -fno-builtin -ffunction-sections -fdata-sections -fno-rtti -fno-exceptions -mcpu=cortex-m3 -mthumb -D__NEWLIB__ -MMD -MP -MF"src/main.d" -MT"src/main.o" -MT"src/main.d" -o "src/main.o" "../src/main.cpp"
Finished building: ../src/DigitalIoPin.cpp
 
Finished building: ../src/main.cpp
 
Building target: Solar.axf
Invoking: MCU C++ Linker
arm-none-eabi-c++ -nostdlib -L"C:\Users\pavel\Desktop\koulu\IoT_Project\Solar_Tracker\source\lpc_board_nxp_lpcxpresso_1549\Debug" -L"C:\Users\pavel\Desktop\koulu\IoT_Project\Solar_Tracker\source\lpc_chip_15xx\Debug" -L"C:\Users\pavel\Desktop\koulu\IoT_Project\Solar_Tracker\source\FreeRTOS\Debug" -Xlinker -Map="Solar.map" -Xlinker --gc-sections -Xlinker -print-memory-usage -mcpu=cortex-m3 -mthumb -T "Solar_Debug.ld" -o "Solar.axf"  ./src/DigitalIoPin.o ./src/MAXIM1249.o ./src/SPI.o ./src/cr_cpp_config.o ./src/cr_startup_lpc15xx.o ./src/crp.o ./src/main.o ./src/sysinit.o   -llpc_board_nxp_lpcxpresso_1549 -llpc_chip_15xx -lFreeRTOS
Memory region         Used Size  Region Size  %age Used
       MFlash256:       22828 B       256 KB      8.71%
      Ram0_16_32:         500 B        32 KB      1.53%
          Ram2_4:          0 GB         4 KB      0.00%
Finished building target: Solar.axf
 
make --no-print-directory post-build
Performing post-build steps
arm-none-eabi-size "Solar.axf"; # arm-none-eabi-objcopy -v -O binary "Solar.axf" "Solar.bin" ; # checksum -p LPC1549 -d "Solar.bin";
   text	   data	    bss	    dec	    hex	filename
  22724	    104	    396	  23224	   5ab8	Solar.axf
 
