10:13:08 **** Incremental Build of configuration Debug for project FreeRTOS ****
make -r all 
make: Nothing to be done for `all'.
10:13:09 **** Incremental Build of configuration Debug for project lpc_chip_15xx ****
make -r all 
make: Nothing to be done for `all'.
10:13:09 **** Incremental Build of configuration Debug for project lpc_board_nxp_lpcxpresso_1549 ****
make -r all 
make: Nothing to be done for `all'.
10:13:10 **** Incremental Build of configuration Debug for project Solar ****
make -r -j4 all 
Building file: ../src/pavel_main.cpp
Invoking: MCU C++ Compiler
arm-none-eabi-c++ -std=c++11 -D__NEWLIB__ -DDEBUG -D__CODE_RED -DCORE_M3 -D__USE_LPCOPEN -DCPP_USE_HEAP -D__LPC15XX__ -I"C:\Users\Lauri\Documents\MCUXpressoIDE_10.2.1_795\workspace\Solar_Tracker_Latest_Workspace\Solar_Project\lpc_board_nxp_lpcxpresso_1549\inc" -I"C:\Users\Lauri\Documents\MCUXpressoIDE_10.2.1_795\workspace\Solar_Tracker_Latest_Workspace\Solar_Project\lpc_chip_15xx\inc" -I"C:\Users\Lauri\Documents\MCUXpressoIDE_10.2.1_795\workspace\Solar_Tracker_Latest_Workspace\Solar_Project\FreeRTOS\inc" -I"C:\Users\Lauri\Documents\MCUXpressoIDE_10.2.1_795\workspace\Solar_Tracker_Latest_Workspace\Solar_Project\FreeRTOS\src\include" -I"C:\Users\Lauri\Documents\MCUXpressoIDE_10.2.1_795\workspace\Solar_Tracker_Latest_Workspace\Solar_Project\FreeRTOS\src\portable\GCC\ARM_CM3" -O0 -fno-common -g3 -Wall -c -fmessage-length=0 -fno-builtin -ffunction-sections -fdata-sections -fno-rtti -fno-exceptions -mcpu=cortex-m3 -mthumb -D__NEWLIB__ -MMD -MP -MF"src/pavel_main.d" -MT"src/pavel_main.o" -MT"src/pavel_main.d" -o "src/pavel_main.o" "../src/pavel_main.cpp"
../src/pavel_main.cpp:424:13: warning: 'void vTask_ADC(void*)' defined but not used [-Wunused-function]
 static void vTask_ADC(void* pvPrameters){
             ^~~~~~~~~
../src/pavel_main.cpp:387:13: warning: 'void vPWM_led_test(void*)' defined but not used [-Wunused-function]
 static void vPWM_led_test(void* taskParameters){
             ^~~~~~~~~~~~~
../src/pavel_main.cpp:329:13: warning: 'void vPWM_test_task(void*)' defined but not used [-Wunused-function]
 static void vPWM_test_task(void* taskParameters){
             ^~~~~~~~~~~~~~
Finished building: ../src/pavel_main.cpp
 
Building target: Solar.axf
Invoking: MCU C++ Linker
arm-none-eabi-c++ -nostdlib -L"C:\Users\Lauri\Documents\MCUXpressoIDE_10.2.1_795\workspace\Solar_Tracker_Latest_Workspace\Solar_Project\lpc_board_nxp_lpcxpresso_1549\Debug" -L"C:\Users\Lauri\Documents\MCUXpressoIDE_10.2.1_795\workspace\Solar_Tracker_Latest_Workspace\Solar_Project\lpc_chip_15xx\Debug" -L"C:\Users\Lauri\Documents\MCUXpressoIDE_10.2.1_795\workspace\Solar_Tracker_Latest_Workspace\Solar_Project\FreeRTOS\Debug" -Xlinker -Map="Solar.map" -Xlinker --gc-sections -Xlinker -print-memory-usage -mcpu=cortex-m3 -mthumb -T "Solar_Debug.ld" -o "Solar.axf"  ./src/LimitedCounter.o ./src/MAXIM1249.o ./src/PavelIoPin.o ./src/RapiData.o ./src/SPI.o ./src/SerialPort.o ./src/cr_cpp_config.o ./src/cr_startup_lpc15xx.o ./src/crp.o ./src/pavel_main.o ./src/sysinit.o   -llpc_board_nxp_lpcxpresso_1549 -llpc_chip_15xx -lFreeRTOS
Memory region         Used Size  Region Size  %age Used
       MFlash256:       13268 B       256 KB      5.06%
      Ram0_16_32:         508 B        32 KB      1.55%
          Ram2_4:          0 GB         4 KB      0.00%
Finished building target: Solar.axf
 
make --no-print-directory post-build
Performing post-build steps
arm-none-eabi-size "Solar.axf"; # arm-none-eabi-objcopy -v -O binary "Solar.axf" "Solar.bin" ; # checksum -p LPC1549 -d "Solar.bin";
   text	   data	    bss	    dec	    hex	filename
  13164	    104	    404	  13672	   3568	Solar.axf
 
10:15:12 **** Incremental Build of configuration Debug for project FreeRTOS ****
make -r all 
make: Nothing to be done for `all'.
10:15:13 **** Incremental Build of configuration Debug for project lpc_chip_15xx ****
make -r all 
make: Nothing to be done for `all'.
10:15:13 **** Incremental Build of configuration Debug for project lpc_board_nxp_lpcxpresso_1549 ****
make -r all 
make: Nothing to be done for `all'.
10:15:14 **** Incremental Build of configuration Debug for project Solar ****
make -r -j4 all 
Building file: ../src/pavel_main.cpp
Invoking: MCU C++ Compiler
arm-none-eabi-c++ -std=c++11 -D__NEWLIB__ -DDEBUG -D__CODE_RED -DCORE_M3 -D__USE_LPCOPEN -DCPP_USE_HEAP -D__LPC15XX__ -I"C:\Users\Lauri\Documents\MCUXpressoIDE_10.2.1_795\workspace\Solar_Tracker_Latest_Workspace\Solar_Project\lpc_board_nxp_lpcxpresso_1549\inc" -I"C:\Users\Lauri\Documents\MCUXpressoIDE_10.2.1_795\workspace\Solar_Tracker_Latest_Workspace\Solar_Project\lpc_chip_15xx\inc" -I"C:\Users\Lauri\Documents\MCUXpressoIDE_10.2.1_795\workspace\Solar_Tracker_Latest_Workspace\Solar_Project\FreeRTOS\inc" -I"C:\Users\Lauri\Documents\MCUXpressoIDE_10.2.1_795\workspace\Solar_Tracker_Latest_Workspace\Solar_Project\FreeRTOS\src\include" -I"C:\Users\Lauri\Documents\MCUXpressoIDE_10.2.1_795\workspace\Solar_Tracker_Latest_Workspace\Solar_Project\FreeRTOS\src\portable\GCC\ARM_CM3" -O0 -fno-common -g3 -Wall -c -fmessage-length=0 -fno-builtin -ffunction-sections -fdata-sections -fno-rtti -fno-exceptions -mcpu=cortex-m3 -mthumb -D__NEWLIB__ -MMD -MP -MF"src/pavel_main.d" -MT"src/pavel_main.o" -MT"src/pavel_main.d" -o "src/pavel_main.o" "../src/pavel_main.cpp"
../src/pavel_main.cpp:413:13: warning: 'void vTask_ADC(void*)' defined but not used [-Wunused-function]
 static void vTask_ADC(void* pvPrameters){
             ^~~~~~~~~
../src/pavel_main.cpp:376:13: warning: 'void vPWM_led_test(void*)' defined but not used [-Wunused-function]
 static void vPWM_led_test(void* taskParameters){
             ^~~~~~~~~~~~~
../src/pavel_main.cpp:318:13: warning: 'void vPWM_test_task(void*)' defined but not used [-Wunused-function]
 static void vPWM_test_task(void* taskParameters){
             ^~~~~~~~~~~~~~
Finished building: ../src/pavel_main.cpp
 
Building target: Solar.axf
Invoking: MCU C++ Linker
arm-none-eabi-c++ -nostdlib -L"C:\Users\Lauri\Documents\MCUXpressoIDE_10.2.1_795\workspace\Solar_Tracker_Latest_Workspace\Solar_Project\lpc_board_nxp_lpcxpresso_1549\Debug" -L"C:\Users\Lauri\Documents\MCUXpressoIDE_10.2.1_795\workspace\Solar_Tracker_Latest_Workspace\Solar_Project\lpc_chip_15xx\Debug" -L"C:\Users\Lauri\Documents\MCUXpressoIDE_10.2.1_795\workspace\Solar_Tracker_Latest_Workspace\Solar_Project\FreeRTOS\Debug" -Xlinker -Map="Solar.map" -Xlinker --gc-sections -Xlinker -print-memory-usage -mcpu=cortex-m3 -mthumb -T "Solar_Debug.ld" -o "Solar.axf"  ./src/LimitedCounter.o ./src/MAXIM1249.o ./src/PavelIoPin.o ./src/RapiData.o ./src/SPI.o ./src/SerialPort.o ./src/cr_cpp_config.o ./src/cr_startup_lpc15xx.o ./src/crp.o ./src/pavel_main.o ./src/sysinit.o   -llpc_board_nxp_lpcxpresso_1549 -llpc_chip_15xx -lFreeRTOS
Memory region         Used Size  Region Size  %age Used
       MFlash256:       13268 B       256 KB      5.06%
      Ram0_16_32:         508 B        32 KB      1.55%
          Ram2_4:          0 GB         4 KB      0.00%
Finished building target: Solar.axf
 
make --no-print-directory post-build
Performing post-build steps
arm-none-eabi-size "Solar.axf"; # arm-none-eabi-objcopy -v -O binary "Solar.axf" "Solar.bin" ; # checksum -p LPC1549 -d "Solar.bin";
   text	   data	    bss	    dec	    hex	filename
  13164	    104	    404	  13672	   3568	Solar.axf
 
10:15:22 **** Incremental Build of configuration Debug for project FreeRTOS ****
make -r all 
make: Nothing to be done for `all'.
10:15:23 **** Incremental Build of configuration Debug for project lpc_chip_15xx ****
make -r all 
make: Nothing to be done for `all'.
10:15:23 **** Incremental Build of configuration Debug for project lpc_board_nxp_lpcxpresso_1549 ****
make -r all 
make: Nothing to be done for `all'.
10:15:24 **** Incremental Build of configuration Debug for project Solar ****
make -r -j4 all 
make: Nothing to be done for `all'.
10:15:25 **** Incremental Build of configuration Debug for project Solar ****
make -r -j4 all 
make: Nothing to be done for `all'.
10:19:42 **** Incremental Build of configuration Debug for project FreeRTOS ****
make -r all 
make: Nothing to be done for `all'.
10:19:43 **** Incremental Build of configuration Debug for project lpc_chip_15xx ****
make -r all 
make: Nothing to be done for `all'.
10:19:43 **** Incremental Build of configuration Debug for project lpc_board_nxp_lpcxpresso_1549 ****
make -r all 
make: Nothing to be done for `all'.
10:19:44 **** Incremental Build of configuration Debug for project Solar ****
make -r -j4 all 
Building file: ../src/pavel_main.cpp
Invoking: MCU C++ Compiler
arm-none-eabi-c++ -std=c++11 -D__NEWLIB__ -DDEBUG -D__CODE_RED -DCORE_M3 -D__USE_LPCOPEN -DCPP_USE_HEAP -D__LPC15XX__ -I"C:\Users\Lauri\Documents\MCUXpressoIDE_10.2.1_795\workspace\Solar_Tracker_Latest_Workspace\Solar_Project\lpc_board_nxp_lpcxpresso_1549\inc" -I"C:\Users\Lauri\Documents\MCUXpressoIDE_10.2.1_795\workspace\Solar_Tracker_Latest_Workspace\Solar_Project\lpc_chip_15xx\inc" -I"C:\Users\Lauri\Documents\MCUXpressoIDE_10.2.1_795\workspace\Solar_Tracker_Latest_Workspace\Solar_Project\FreeRTOS\inc" -I"C:\Users\Lauri\Documents\MCUXpressoIDE_10.2.1_795\workspace\Solar_Tracker_Latest_Workspace\Solar_Project\FreeRTOS\src\include" -I"C:\Users\Lauri\Documents\MCUXpressoIDE_10.2.1_795\workspace\Solar_Tracker_Latest_Workspace\Solar_Project\FreeRTOS\src\portable\GCC\ARM_CM3" -O0 -fno-common -g3 -Wall -c -fmessage-length=0 -fno-builtin -ffunction-sections -fdata-sections -fno-rtti -fno-exceptions -mcpu=cortex-m3 -mthumb -D__NEWLIB__ -MMD -MP -MF"src/pavel_main.d" -MT"src/pavel_main.o" -MT"src/pavel_main.d" -o "src/pavel_main.o" "../src/pavel_main.cpp"
../src/pavel_main.cpp:306:13: warning: 'void vTask_ADC(void*)' defined but not used [-Wunused-function]
 static void vTask_ADC(void* pvPrameters){
             ^~~~~~~~~
../src/pavel_main.cpp:241:13: warning: 'void vPWM_test_task(void*)' defined but not used [-Wunused-function]
 static void vPWM_test_task(void* taskParameters){
             ^~~~~~~~~~~~~~
Finished building: ../src/pavel_main.cpp
 
Building target: Solar.axf
Invoking: MCU C++ Linker
arm-none-eabi-c++ -nostdlib -L"C:\Users\Lauri\Documents\MCUXpressoIDE_10.2.1_795\workspace\Solar_Tracker_Latest_Workspace\Solar_Project\lpc_board_nxp_lpcxpresso_1549\Debug" -L"C:\Users\Lauri\Documents\MCUXpressoIDE_10.2.1_795\workspace\Solar_Tracker_Latest_Workspace\Solar_Project\lpc_chip_15xx\Debug" -L"C:\Users\Lauri\Documents\MCUXpressoIDE_10.2.1_795\workspace\Solar_Tracker_Latest_Workspace\Solar_Project\FreeRTOS\Debug" -Xlinker -Map="Solar.map" -Xlinker --gc-sections -Xlinker -print-memory-usage -mcpu=cortex-m3 -mthumb -T "Solar_Debug.ld" -o "Solar.axf"  ./src/LimitedCounter.o ./src/MAXIM1249.o ./src/PavelIoPin.o ./src/RapiData.o ./src/SPI.o ./src/SerialPort.o ./src/cr_cpp_config.o ./src/cr_startup_lpc15xx.o ./src/crp.o ./src/pavel_main.o ./src/sysinit.o   -llpc_board_nxp_lpcxpresso_1549 -llpc_chip_15xx -lFreeRTOS
Memory region         Used Size  Region Size  %age Used
       MFlash256:       13296 B       256 KB      5.07%
      Ram0_16_32:         508 B        32 KB      1.55%
          Ram2_4:          0 GB         4 KB      0.00%
Finished building target: Solar.axf
 
make --no-print-directory post-build
Performing post-build steps
arm-none-eabi-size "Solar.axf"; # arm-none-eabi-objcopy -v -O binary "Solar.axf" "Solar.bin" ; # checksum -p LPC1549 -d "Solar.bin";
   text	   data	    bss	    dec	    hex	filename
  13192	    104	    404	  13700	   3584	Solar.axf
 
10:21:04 **** Incremental Build of configuration Debug for project FreeRTOS ****
make -r all 
make: Nothing to be done for `all'.
10:21:05 **** Incremental Build of configuration Debug for project lpc_chip_15xx ****
make -r all 
make: Nothing to be done for `all'.
10:21:05 **** Incremental Build of configuration Debug for project lpc_board_nxp_lpcxpresso_1549 ****
make -r all 
make: Nothing to be done for `all'.
10:21:06 **** Incremental Build of configuration Debug for project Solar ****
make -r -j4 all 
Building file: ../src/pavel_main.cpp
Invoking: MCU C++ Compiler
arm-none-eabi-c++ -std=c++11 -D__NEWLIB__ -DDEBUG -D__CODE_RED -DCORE_M3 -D__USE_LPCOPEN -DCPP_USE_HEAP -D__LPC15XX__ -I"C:\Users\Lauri\Documents\MCUXpressoIDE_10.2.1_795\workspace\Solar_Tracker_Latest_Workspace\Solar_Project\lpc_board_nxp_lpcxpresso_1549\inc" -I"C:\Users\Lauri\Documents\MCUXpressoIDE_10.2.1_795\workspace\Solar_Tracker_Latest_Workspace\Solar_Project\lpc_chip_15xx\inc" -I"C:\Users\Lauri\Documents\MCUXpressoIDE_10.2.1_795\workspace\Solar_Tracker_Latest_Workspace\Solar_Project\FreeRTOS\inc" -I"C:\Users\Lauri\Documents\MCUXpressoIDE_10.2.1_795\workspace\Solar_Tracker_Latest_Workspace\Solar_Project\FreeRTOS\src\include" -I"C:\Users\Lauri\Documents\MCUXpressoIDE_10.2.1_795\workspace\Solar_Tracker_Latest_Workspace\Solar_Project\FreeRTOS\src\portable\GCC\ARM_CM3" -O0 -fno-common -g3 -Wall -c -fmessage-length=0 -fno-builtin -ffunction-sections -fdata-sections -fno-rtti -fno-exceptions -mcpu=cortex-m3 -mthumb -D__NEWLIB__ -MMD -MP -MF"src/pavel_main.d" -MT"src/pavel_main.o" -MT"src/pavel_main.d" -o "src/pavel_main.o" "../src/pavel_main.cpp"
../src/pavel_main.cpp:307:13: warning: 'void vTask_ADC(void*)' defined but not used [-Wunused-function]
 static void vTask_ADC(void* pvPrameters){
             ^~~~~~~~~
../src/pavel_main.cpp:241:13: warning: 'void vPWM_test_task(void*)' defined but not used [-Wunused-function]
 static void vPWM_test_task(void* taskParameters){
             ^~~~~~~~~~~~~~
Finished building: ../src/pavel_main.cpp
 
Building target: Solar.axf
Invoking: MCU C++ Linker
arm-none-eabi-c++ -nostdlib -L"C:\Users\Lauri\Documents\MCUXpressoIDE_10.2.1_795\workspace\Solar_Tracker_Latest_Workspace\Solar_Project\lpc_board_nxp_lpcxpresso_1549\Debug" -L"C:\Users\Lauri\Documents\MCUXpressoIDE_10.2.1_795\workspace\Solar_Tracker_Latest_Workspace\Solar_Project\lpc_chip_15xx\Debug" -L"C:\Users\Lauri\Documents\MCUXpressoIDE_10.2.1_795\workspace\Solar_Tracker_Latest_Workspace\Solar_Project\FreeRTOS\Debug" -Xlinker -Map="Solar.map" -Xlinker --gc-sections -Xlinker -print-memory-usage -mcpu=cortex-m3 -mthumb -T "Solar_Debug.ld" -o "Solar.axf"  ./src/LimitedCounter.o ./src/MAXIM1249.o ./src/PavelIoPin.o ./src/RapiData.o ./src/SPI.o ./src/SerialPort.o ./src/cr_cpp_config.o ./src/cr_startup_lpc15xx.o ./src/crp.o ./src/pavel_main.o ./src/sysinit.o   -llpc_board_nxp_lpcxpresso_1549 -llpc_chip_15xx -lFreeRTOS
Memory region         Used Size  Region Size  %age Used
       MFlash256:       13296 B       256 KB      5.07%
      Ram0_16_32:         508 B        32 KB      1.55%
          Ram2_4:          0 GB         4 KB      0.00%
Finished building target: Solar.axf
 
make --no-print-directory post-build
Performing post-build steps
arm-none-eabi-size "Solar.axf"; # arm-none-eabi-objcopy -v -O binary "Solar.axf" "Solar.bin" ; # checksum -p LPC1549 -d "Solar.bin";
   text	   data	    bss	    dec	    hex	filename
  13192	    104	    404	  13700	   3584	Solar.axf
 
10:21:08 **** Incremental Build of configuration Debug for project Solar ****
make -r -j4 all 
make: Nothing to be done for `all'.
10:21:31 **** Incremental Build of configuration Debug for project FreeRTOS ****
make -r all 
make: Nothing to be done for `all'.
10:21:32 **** Incremental Build of configuration Debug for project lpc_chip_15xx ****
make -r all 
make: Nothing to be done for `all'.
10:21:32 **** Incremental Build of configuration Debug for project lpc_board_nxp_lpcxpresso_1549 ****
make -r all 
make: Nothing to be done for `all'.
10:21:33 **** Incremental Build of configuration Debug for project Solar ****
make -r -j4 all 
Building file: ../src/pavel_main.cpp
Invoking: MCU C++ Compiler
arm-none-eabi-c++ -std=c++11 -D__NEWLIB__ -DDEBUG -D__CODE_RED -DCORE_M3 -D__USE_LPCOPEN -DCPP_USE_HEAP -D__LPC15XX__ -I"C:\Users\Lauri\Documents\MCUXpressoIDE_10.2.1_795\workspace\Solar_Tracker_Latest_Workspace\Solar_Project\lpc_board_nxp_lpcxpresso_1549\inc" -I"C:\Users\Lauri\Documents\MCUXpressoIDE_10.2.1_795\workspace\Solar_Tracker_Latest_Workspace\Solar_Project\lpc_chip_15xx\inc" -I"C:\Users\Lauri\Documents\MCUXpressoIDE_10.2.1_795\workspace\Solar_Tracker_Latest_Workspace\Solar_Project\FreeRTOS\inc" -I"C:\Users\Lauri\Documents\MCUXpressoIDE_10.2.1_795\workspace\Solar_Tracker_Latest_Workspace\Solar_Project\FreeRTOS\src\include" -I"C:\Users\Lauri\Documents\MCUXpressoIDE_10.2.1_795\workspace\Solar_Tracker_Latest_Workspace\Solar_Project\FreeRTOS\src\portable\GCC\ARM_CM3" -O0 -fno-common -g3 -Wall -c -fmessage-length=0 -fno-builtin -ffunction-sections -fdata-sections -fno-rtti -fno-exceptions -mcpu=cortex-m3 -mthumb -D__NEWLIB__ -MMD -MP -MF"src/pavel_main.d" -MT"src/pavel_main.o" -MT"src/pavel_main.d" -o "src/pavel_main.o" "../src/pavel_main.cpp"
../src/pavel_main.cpp:307:13: warning: 'void vTask_ADC(void*)' defined but not used [-Wunused-function]
 static void vTask_ADC(void* pvPrameters){
             ^~~~~~~~~
../src/pavel_main.cpp:241:13: warning: 'void vPWM_test_task(void*)' defined but not used [-Wunused-function]
 static void vPWM_test_task(void* taskParameters){
             ^~~~~~~~~~~~~~
Finished building: ../src/pavel_main.cpp
 
Building target: Solar.axf
Invoking: MCU C++ Linker
arm-none-eabi-c++ -nostdlib -L"C:\Users\Lauri\Documents\MCUXpressoIDE_10.2.1_795\workspace\Solar_Tracker_Latest_Workspace\Solar_Project\lpc_board_nxp_lpcxpresso_1549\Debug" -L"C:\Users\Lauri\Documents\MCUXpressoIDE_10.2.1_795\workspace\Solar_Tracker_Latest_Workspace\Solar_Project\lpc_chip_15xx\Debug" -L"C:\Users\Lauri\Documents\MCUXpressoIDE_10.2.1_795\workspace\Solar_Tracker_Latest_Workspace\Solar_Project\FreeRTOS\Debug" -Xlinker -Map="Solar.map" -Xlinker --gc-sections -Xlinker -print-memory-usage -mcpu=cortex-m3 -mthumb -T "Solar_Debug.ld" -o "Solar.axf"  ./src/LimitedCounter.o ./src/MAXIM1249.o ./src/PavelIoPin.o ./src/RapiData.o ./src/SPI.o ./src/SerialPort.o ./src/cr_cpp_config.o ./src/cr_startup_lpc15xx.o ./src/crp.o ./src/pavel_main.o ./src/sysinit.o   -llpc_board_nxp_lpcxpresso_1549 -llpc_chip_15xx -lFreeRTOS
Memory region         Used Size  Region Size  %age Used
       MFlash256:       13296 B       256 KB      5.07%
      Ram0_16_32:         508 B        32 KB      1.55%
          Ram2_4:          0 GB         4 KB      0.00%
Finished building target: Solar.axf
 
make --no-print-directory post-build
Performing post-build steps
arm-none-eabi-size "Solar.axf"; # arm-none-eabi-objcopy -v -O binary "Solar.axf" "Solar.bin" ; # checksum -p LPC1549 -d "Solar.bin";
   text	   data	    bss	    dec	    hex	filename
  13192	    104	    404	  13700	   3584	Solar.axf
 
10:21:35 **** Incremental Build of configuration Debug for project Solar ****
make -r -j4 all 
make: Nothing to be done for `all'.
10:30:20 **** Incremental Build of configuration Debug for project FreeRTOS ****
make -r all 
make: Nothing to be done for `all'.
10:30:21 **** Incremental Build of configuration Debug for project lpc_chip_15xx ****
make -r all 
make: Nothing to be done for `all'.
10:30:21 **** Incremental Build of configuration Debug for project lpc_board_nxp_lpcxpresso_1549 ****
make -r all 
make: Nothing to be done for `all'.
10:30:22 **** Incremental Build of configuration Debug for project Solar ****
make -r -j4 all 
Building file: ../src/pavel_main.cpp
Invoking: MCU C++ Compiler
arm-none-eabi-c++ -std=c++11 -D__NEWLIB__ -DDEBUG -D__CODE_RED -DCORE_M3 -D__USE_LPCOPEN -DCPP_USE_HEAP -D__LPC15XX__ -I"C:\Users\Lauri\Documents\MCUXpressoIDE_10.2.1_795\workspace\Solar_Tracker_Latest_Workspace\Solar_Project\lpc_board_nxp_lpcxpresso_1549\inc" -I"C:\Users\Lauri\Documents\MCUXpressoIDE_10.2.1_795\workspace\Solar_Tracker_Latest_Workspace\Solar_Project\lpc_chip_15xx\inc" -I"C:\Users\Lauri\Documents\MCUXpressoIDE_10.2.1_795\workspace\Solar_Tracker_Latest_Workspace\Solar_Project\FreeRTOS\inc" -I"C:\Users\Lauri\Documents\MCUXpressoIDE_10.2.1_795\workspace\Solar_Tracker_Latest_Workspace\Solar_Project\FreeRTOS\src\include" -I"C:\Users\Lauri\Documents\MCUXpressoIDE_10.2.1_795\workspace\Solar_Tracker_Latest_Workspace\Solar_Project\FreeRTOS\src\portable\GCC\ARM_CM3" -O0 -fno-common -g3 -Wall -c -fmessage-length=0 -fno-builtin -ffunction-sections -fdata-sections -fno-rtti -fno-exceptions -mcpu=cortex-m3 -mthumb -D__NEWLIB__ -MMD -MP -MF"src/pavel_main.d" -MT"src/pavel_main.o" -MT"src/pavel_main.d" -o "src/pavel_main.o" "../src/pavel_main.cpp"
../src/pavel_main.cpp:310:13: warning: 'void vTask_ADC(void*)' defined but not used [-Wunused-function]
 static void vTask_ADC(void* pvPrameters){
             ^~~~~~~~~
../src/pavel_main.cpp:244:13: warning: 'void vPWM_test_task(void*)' defined but not used [-Wunused-function]
 static void vPWM_test_task(void* taskParameters){
             ^~~~~~~~~~~~~~
Finished building: ../src/pavel_main.cpp
 
Building target: Solar.axf
Invoking: MCU C++ Linker
arm-none-eabi-c++ -nostdlib -L"C:\Users\Lauri\Documents\MCUXpressoIDE_10.2.1_795\workspace\Solar_Tracker_Latest_Workspace\Solar_Project\lpc_board_nxp_lpcxpresso_1549\Debug" -L"C:\Users\Lauri\Documents\MCUXpressoIDE_10.2.1_795\workspace\Solar_Tracker_Latest_Workspace\Solar_Project\lpc_chip_15xx\Debug" -L"C:\Users\Lauri\Documents\MCUXpressoIDE_10.2.1_795\workspace\Solar_Tracker_Latest_Workspace\Solar_Project\FreeRTOS\Debug" -Xlinker -Map="Solar.map" -Xlinker --gc-sections -Xlinker -print-memory-usage -mcpu=cortex-m3 -mthumb -T "Solar_Debug.ld" -o "Solar.axf"  ./src/LimitedCounter.o ./src/MAXIM1249.o ./src/PavelIoPin.o ./src/RapiData.o ./src/SPI.o ./src/SerialPort.o ./src/cr_cpp_config.o ./src/cr_startup_lpc15xx.o ./src/crp.o ./src/pavel_main.o ./src/sysinit.o   -llpc_board_nxp_lpcxpresso_1549 -llpc_chip_15xx -lFreeRTOS
Memory region         Used Size  Region Size  %age Used
       MFlash256:       13296 B       256 KB      5.07%
      Ram0_16_32:         508 B        32 KB      1.55%
          Ram2_4:          0 GB         4 KB      0.00%
Finished building target: Solar.axf
 
make --no-print-directory post-build
Performing post-build steps
arm-none-eabi-size "Solar.axf"; # arm-none-eabi-objcopy -v -O binary "Solar.axf" "Solar.bin" ; # checksum -p LPC1549 -d "Solar.bin";
   text	   data	    bss	    dec	    hex	filename
  13192	    104	    404	  13700	   3584	Solar.axf
 
10:30:25 **** Incremental Build of configuration Debug for project Solar ****
make -r -j4 all 
make: Nothing to be done for `all'.
10:30:58 **** Incremental Build of configuration Debug for project FreeRTOS ****
make -r all 
make: Nothing to be done for `all'.
10:30:58 **** Incremental Build of configuration Debug for project lpc_chip_15xx ****
make -r all 
make: Nothing to be done for `all'.
10:30:59 **** Incremental Build of configuration Debug for project lpc_board_nxp_lpcxpresso_1549 ****
make -r all 
make: Nothing to be done for `all'.
10:30:59 **** Incremental Build of configuration Debug for project Solar ****
make -r -j4 all 
make: Nothing to be done for `all'.
10:31:00 **** Incremental Build of configuration Debug for project Solar ****
make -r -j4 all 
make: Nothing to be done for `all'.
10:31:42 **** Incremental Build of configuration Debug for project FreeRTOS ****
make -r all 
make: Nothing to be done for `all'.
10:31:42 **** Incremental Build of configuration Debug for project lpc_chip_15xx ****
make -r all 
make: Nothing to be done for `all'.
10:31:43 **** Incremental Build of configuration Debug for project lpc_board_nxp_lpcxpresso_1549 ****
make -r all 
make: Nothing to be done for `all'.
10:31:44 **** Incremental Build of configuration Debug for project Solar ****
make -r -j4 all 
Building file: ../src/pavel_main.cpp
Invoking: MCU C++ Compiler
arm-none-eabi-c++ -std=c++11 -D__NEWLIB__ -DDEBUG -D__CODE_RED -DCORE_M3 -D__USE_LPCOPEN -DCPP_USE_HEAP -D__LPC15XX__ -I"C:\Users\Lauri\Documents\MCUXpressoIDE_10.2.1_795\workspace\Solar_Tracker_Latest_Workspace\Solar_Project\lpc_board_nxp_lpcxpresso_1549\inc" -I"C:\Users\Lauri\Documents\MCUXpressoIDE_10.2.1_795\workspace\Solar_Tracker_Latest_Workspace\Solar_Project\lpc_chip_15xx\inc" -I"C:\Users\Lauri\Documents\MCUXpressoIDE_10.2.1_795\workspace\Solar_Tracker_Latest_Workspace\Solar_Project\FreeRTOS\inc" -I"C:\Users\Lauri\Documents\MCUXpressoIDE_10.2.1_795\workspace\Solar_Tracker_Latest_Workspace\Solar_Project\FreeRTOS\src\include" -I"C:\Users\Lauri\Documents\MCUXpressoIDE_10.2.1_795\workspace\Solar_Tracker_Latest_Workspace\Solar_Project\FreeRTOS\src\portable\GCC\ARM_CM3" -O0 -fno-common -g3 -Wall -c -fmessage-length=0 -fno-builtin -ffunction-sections -fdata-sections -fno-rtti -fno-exceptions -mcpu=cortex-m3 -mthumb -D__NEWLIB__ -MMD -MP -MF"src/pavel_main.d" -MT"src/pavel_main.o" -MT"src/pavel_main.d" -o "src/pavel_main.o" "../src/pavel_main.cpp"
../src/pavel_main.cpp:310:13: warning: 'void vTask_ADC(void*)' defined but not used [-Wunused-function]
 static void vTask_ADC(void* pvPrameters){
             ^~~~~~~~~
../src/pavel_main.cpp:244:13: warning: 'void vPWM_test_task(void*)' defined but not used [-Wunused-function]
 static void vPWM_test_task(void* taskParameters){
             ^~~~~~~~~~~~~~
Finished building: ../src/pavel_main.cpp
 
Building target: Solar.axf
Invoking: MCU C++ Linker
arm-none-eabi-c++ -nostdlib -L"C:\Users\Lauri\Documents\MCUXpressoIDE_10.2.1_795\workspace\Solar_Tracker_Latest_Workspace\Solar_Project\lpc_board_nxp_lpcxpresso_1549\Debug" -L"C:\Users\Lauri\Documents\MCUXpressoIDE_10.2.1_795\workspace\Solar_Tracker_Latest_Workspace\Solar_Project\lpc_chip_15xx\Debug" -L"C:\Users\Lauri\Documents\MCUXpressoIDE_10.2.1_795\workspace\Solar_Tracker_Latest_Workspace\Solar_Project\FreeRTOS\Debug" -Xlinker -Map="Solar.map" -Xlinker --gc-sections -Xlinker -print-memory-usage -mcpu=cortex-m3 -mthumb -T "Solar_Debug.ld" -o "Solar.axf"  ./src/LimitedCounter.o ./src/MAXIM1249.o ./src/PavelIoPin.o ./src/RapiData.o ./src/SPI.o ./src/SerialPort.o ./src/cr_cpp_config.o ./src/cr_startup_lpc15xx.o ./src/crp.o ./src/pavel_main.o ./src/sysinit.o   -llpc_board_nxp_lpcxpresso_1549 -llpc_chip_15xx -lFreeRTOS
Memory region         Used Size  Region Size  %age Used
       MFlash256:       13296 B       256 KB      5.07%
      Ram0_16_32:         508 B        32 KB      1.55%
          Ram2_4:          0 GB         4 KB      0.00%
Finished building target: Solar.axf
 
make --no-print-directory post-build
Performing post-build steps
arm-none-eabi-size "Solar.axf"; # arm-none-eabi-objcopy -v -O binary "Solar.axf" "Solar.bin" ; # checksum -p LPC1549 -d "Solar.bin";
   text	   data	    bss	    dec	    hex	filename
  13192	    104	    404	  13700	   3584	Solar.axf
 
10:31:47 **** Incremental Build of configuration Debug for project Solar ****
make -r -j4 all 
make: Nothing to be done for `all'.
10:41:04 **** Incremental Build of configuration Debug for project FreeRTOS ****
make -r all 
make: Nothing to be done for `all'.
10:41:04 **** Incremental Build of configuration Debug for project lpc_chip_15xx ****
make -r all 
make: Nothing to be done for `all'.
10:41:05 **** Incremental Build of configuration Debug for project lpc_board_nxp_lpcxpresso_1549 ****
make -r all 
make: Nothing to be done for `all'.
10:41:05 **** Incremental Build of configuration Debug for project Solar ****
make -r -j4 all 
Building file: ../src/pavel_main.cpp
Invoking: MCU C++ Compiler
arm-none-eabi-c++ -std=c++11 -D__NEWLIB__ -DDEBUG -D__CODE_RED -DCORE_M3 -D__USE_LPCOPEN -DCPP_USE_HEAP -D__LPC15XX__ -I"C:\Users\Lauri\Documents\MCUXpressoIDE_10.2.1_795\workspace\Solar_Tracker_Latest_Workspace\Solar_Project\lpc_board_nxp_lpcxpresso_1549\inc" -I"C:\Users\Lauri\Documents\MCUXpressoIDE_10.2.1_795\workspace\Solar_Tracker_Latest_Workspace\Solar_Project\lpc_chip_15xx\inc" -I"C:\Users\Lauri\Documents\MCUXpressoIDE_10.2.1_795\workspace\Solar_Tracker_Latest_Workspace\Solar_Project\FreeRTOS\inc" -I"C:\Users\Lauri\Documents\MCUXpressoIDE_10.2.1_795\workspace\Solar_Tracker_Latest_Workspace\Solar_Project\FreeRTOS\src\include" -I"C:\Users\Lauri\Documents\MCUXpressoIDE_10.2.1_795\workspace\Solar_Tracker_Latest_Workspace\Solar_Project\FreeRTOS\src\portable\GCC\ARM_CM3" -O0 -fno-common -g3 -Wall -c -fmessage-length=0 -fno-builtin -ffunction-sections -fdata-sections -fno-rtti -fno-exceptions -mcpu=cortex-m3 -mthumb -D__NEWLIB__ -MMD -MP -MF"src/pavel_main.d" -MT"src/pavel_main.o" -MT"src/pavel_main.d" -o "src/pavel_main.o" "../src/pavel_main.cpp"
../src/pavel_main.cpp:310:13: warning: 'void vTask_ADC(void*)' defined but not used [-Wunused-function]
 static void vTask_ADC(void* pvPrameters){
             ^~~~~~~~~
../src/pavel_main.cpp:244:13: warning: 'void vPWM_test_task(void*)' defined but not used [-Wunused-function]
 static void vPWM_test_task(void* taskParameters){
             ^~~~~~~~~~~~~~
Finished building: ../src/pavel_main.cpp
 
Building target: Solar.axf
Invoking: MCU C++ Linker
arm-none-eabi-c++ -nostdlib -L"C:\Users\Lauri\Documents\MCUXpressoIDE_10.2.1_795\workspace\Solar_Tracker_Latest_Workspace\Solar_Project\lpc_board_nxp_lpcxpresso_1549\Debug" -L"C:\Users\Lauri\Documents\MCUXpressoIDE_10.2.1_795\workspace\Solar_Tracker_Latest_Workspace\Solar_Project\lpc_chip_15xx\Debug" -L"C:\Users\Lauri\Documents\MCUXpressoIDE_10.2.1_795\workspace\Solar_Tracker_Latest_Workspace\Solar_Project\FreeRTOS\Debug" -Xlinker -Map="Solar.map" -Xlinker --gc-sections -Xlinker -print-memory-usage -mcpu=cortex-m3 -mthumb -T "Solar_Debug.ld" -o "Solar.axf"  ./src/LimitedCounter.o ./src/MAXIM1249.o ./src/PavelIoPin.o ./src/RapiData.o ./src/SPI.o ./src/SerialPort.o ./src/cr_cpp_config.o ./src/cr_startup_lpc15xx.o ./src/crp.o ./src/pavel_main.o ./src/sysinit.o   -llpc_board_nxp_lpcxpresso_1549 -llpc_chip_15xx -lFreeRTOS
Memory region         Used Size  Region Size  %age Used
       MFlash256:         13 KB       256 KB      5.08%
      Ram0_16_32:         508 B        32 KB      1.55%
          Ram2_4:          0 GB         4 KB      0.00%
Finished building target: Solar.axf
 
make --no-print-directory post-build
Performing post-build steps
arm-none-eabi-size "Solar.axf"; # arm-none-eabi-objcopy -v -O binary "Solar.axf" "Solar.bin" ; # checksum -p LPC1549 -d "Solar.bin";
   text	   data	    bss	    dec	    hex	filename
  13208	    104	    404	  13716	   3594	Solar.axf
 
10:41:08 **** Incremental Build of configuration Debug for project Solar ****
make -r -j4 all 
make: Nothing to be done for `all'.
10:46:39 **** Incremental Build of configuration Debug for project FreeRTOS ****
make -r all 
make: Nothing to be done for `all'.
10:46:40 **** Incremental Build of configuration Debug for project lpc_chip_15xx ****
make -r all 
make: Nothing to be done for `all'.
10:46:41 **** Incremental Build of configuration Debug for project lpc_board_nxp_lpcxpresso_1549 ****
make -r all 
make: Nothing to be done for `all'.
10:46:41 **** Incremental Build of configuration Debug for project Solar ****
make -r -j4 all 
Building file: ../src/pavel_main.cpp
Invoking: MCU C++ Compiler
arm-none-eabi-c++ -std=c++11 -D__NEWLIB__ -DDEBUG -D__CODE_RED -DCORE_M3 -D__USE_LPCOPEN -DCPP_USE_HEAP -D__LPC15XX__ -I"C:\Users\Lauri\Documents\MCUXpressoIDE_10.2.1_795\workspace\Solar_Tracker_Latest_Workspace\Solar_Project\lpc_board_nxp_lpcxpresso_1549\inc" -I"C:\Users\Lauri\Documents\MCUXpressoIDE_10.2.1_795\workspace\Solar_Tracker_Latest_Workspace\Solar_Project\lpc_chip_15xx\inc" -I"C:\Users\Lauri\Documents\MCUXpressoIDE_10.2.1_795\workspace\Solar_Tracker_Latest_Workspace\Solar_Project\FreeRTOS\inc" -I"C:\Users\Lauri\Documents\MCUXpressoIDE_10.2.1_795\workspace\Solar_Tracker_Latest_Workspace\Solar_Project\FreeRTOS\src\include" -I"C:\Users\Lauri\Documents\MCUXpressoIDE_10.2.1_795\workspace\Solar_Tracker_Latest_Workspace\Solar_Project\FreeRTOS\src\portable\GCC\ARM_CM3" -O0 -fno-common -g3 -Wall -c -fmessage-length=0 -fno-builtin -ffunction-sections -fdata-sections -fno-rtti -fno-exceptions -mcpu=cortex-m3 -mthumb -D__NEWLIB__ -MMD -MP -MF"src/pavel_main.d" -MT"src/pavel_main.o" -MT"src/pavel_main.d" -o "src/pavel_main.o" "../src/pavel_main.cpp"
../src/pavel_main.cpp: In function 'void setLEDs(int, int)':
../src/pavel_main.cpp:149:6: warning: unused variable 'kakka' [-Wunused-variable]
  int kakka=0; //for debug only
      ^~~~~
../src/pavel_main.cpp: At global scope:
../src/pavel_main.cpp:311:13: warning: 'void vTask_ADC(void*)' defined but not used [-Wunused-function]
 static void vTask_ADC(void* pvPrameters){
             ^~~~~~~~~
../src/pavel_main.cpp:245:13: warning: 'void vPWM_test_task(void*)' defined but not used [-Wunused-function]
 static void vPWM_test_task(void* taskParameters){
             ^~~~~~~~~~~~~~
Finished building: ../src/pavel_main.cpp
 
Building target: Solar.axf
Invoking: MCU C++ Linker
arm-none-eabi-c++ -nostdlib -L"C:\Users\Lauri\Documents\MCUXpressoIDE_10.2.1_795\workspace\Solar_Tracker_Latest_Workspace\Solar_Project\lpc_board_nxp_lpcxpresso_1549\Debug" -L"C:\Users\Lauri\Documents\MCUXpressoIDE_10.2.1_795\workspace\Solar_Tracker_Latest_Workspace\Solar_Project\lpc_chip_15xx\Debug" -L"C:\Users\Lauri\Documents\MCUXpressoIDE_10.2.1_795\workspace\Solar_Tracker_Latest_Workspace\Solar_Project\FreeRTOS\Debug" -Xlinker -Map="Solar.map" -Xlinker --gc-sections -Xlinker -print-memory-usage -mcpu=cortex-m3 -mthumb -T "Solar_Debug.ld" -o "Solar.axf"  ./src/LimitedCounter.o ./src/MAXIM1249.o ./src/PavelIoPin.o ./src/RapiData.o ./src/SPI.o ./src/SerialPort.o ./src/cr_cpp_config.o ./src/cr_startup_lpc15xx.o ./src/crp.o ./src/pavel_main.o ./src/sysinit.o   -llpc_board_nxp_lpcxpresso_1549 -llpc_chip_15xx -lFreeRTOS
Memory region         Used Size  Region Size  %age Used
       MFlash256:         13 KB       256 KB      5.08%
      Ram0_16_32:         508 B        32 KB      1.55%
          Ram2_4:          0 GB         4 KB      0.00%
Finished building target: Solar.axf
 
make --no-print-directory post-build
Performing post-build steps
arm-none-eabi-size "Solar.axf"; # arm-none-eabi-objcopy -v -O binary "Solar.axf" "Solar.bin" ; # checksum -p LPC1549 -d "Solar.bin";
   text	   data	    bss	    dec	    hex	filename
  13208	    104	    404	  13716	   3594	Solar.axf
 
10:46:44 **** Incremental Build of configuration Debug for project Solar ****
make -r -j4 all 
make: Nothing to be done for `all'.
10:50:29 **** Incremental Build of configuration Debug for project FreeRTOS ****
make -r all 
make: Nothing to be done for `all'.
10:50:30 **** Incremental Build of configuration Debug for project lpc_chip_15xx ****
make -r all 
make: Nothing to be done for `all'.
10:50:30 **** Incremental Build of configuration Debug for project lpc_board_nxp_lpcxpresso_1549 ****
make -r all 
make: Nothing to be done for `all'.
10:50:31 **** Incremental Build of configuration Debug for project Solar ****
make -r -j4 all 
Building file: ../src/pavel_main.cpp
Invoking: MCU C++ Compiler
arm-none-eabi-c++ -std=c++11 -D__NEWLIB__ -DDEBUG -D__CODE_RED -DCORE_M3 -D__USE_LPCOPEN -DCPP_USE_HEAP -D__LPC15XX__ -I"C:\Users\Lauri\Documents\MCUXpressoIDE_10.2.1_795\workspace\Solar_Tracker_Latest_Workspace\Solar_Project\lpc_board_nxp_lpcxpresso_1549\inc" -I"C:\Users\Lauri\Documents\MCUXpressoIDE_10.2.1_795\workspace\Solar_Tracker_Latest_Workspace\Solar_Project\lpc_chip_15xx\inc" -I"C:\Users\Lauri\Documents\MCUXpressoIDE_10.2.1_795\workspace\Solar_Tracker_Latest_Workspace\Solar_Project\FreeRTOS\inc" -I"C:\Users\Lauri\Documents\MCUXpressoIDE_10.2.1_795\workspace\Solar_Tracker_Latest_Workspace\Solar_Project\FreeRTOS\src\include" -I"C:\Users\Lauri\Documents\MCUXpressoIDE_10.2.1_795\workspace\Solar_Tracker_Latest_Workspace\Solar_Project\FreeRTOS\src\portable\GCC\ARM_CM3" -O0 -fno-common -g3 -Wall -c -fmessage-length=0 -fno-builtin -ffunction-sections -fdata-sections -fno-rtti -fno-exceptions -mcpu=cortex-m3 -mthumb -D__NEWLIB__ -MMD -MP -MF"src/pavel_main.d" -MT"src/pavel_main.o" -MT"src/pavel_main.d" -o "src/pavel_main.o" "../src/pavel_main.cpp"
../src/pavel_main.cpp: In function 'void setLEDs(int, int)':
../src/pavel_main.cpp:149:6: warning: unused variable 'kakka' [-Wunused-variable]
  int kakka=0; //for debug only
      ^~~~~
../src/pavel_main.cpp: At global scope:
../src/pavel_main.cpp:312:13: warning: 'void vTask_ADC(void*)' defined but not used [-Wunused-function]
 static void vTask_ADC(void* pvPrameters){
             ^~~~~~~~~
../src/pavel_main.cpp:245:13: warning: 'void vPWM_test_task(void*)' defined but not used [-Wunused-function]
 static void vPWM_test_task(void* taskParameters){
             ^~~~~~~~~~~~~~
Finished building: ../src/pavel_main.cpp
 
Building target: Solar.axf
Invoking: MCU C++ Linker
arm-none-eabi-c++ -nostdlib -L"C:\Users\Lauri\Documents\MCUXpressoIDE_10.2.1_795\workspace\Solar_Tracker_Latest_Workspace\Solar_Project\lpc_board_nxp_lpcxpresso_1549\Debug" -L"C:\Users\Lauri\Documents\MCUXpressoIDE_10.2.1_795\workspace\Solar_Tracker_Latest_Workspace\Solar_Project\lpc_chip_15xx\Debug" -L"C:\Users\Lauri\Documents\MCUXpressoIDE_10.2.1_795\workspace\Solar_Tracker_Latest_Workspace\Solar_Project\FreeRTOS\Debug" -Xlinker -Map="Solar.map" -Xlinker --gc-sections -Xlinker -print-memory-usage -mcpu=cortex-m3 -mthumb -T "Solar_Debug.ld" -o "Solar.axf"  ./src/LimitedCounter.o ./src/MAXIM1249.o ./src/PavelIoPin.o ./src/RapiData.o ./src/SPI.o ./src/SerialPort.o ./src/cr_cpp_config.o ./src/cr_startup_lpc15xx.o ./src/crp.o ./src/pavel_main.o ./src/sysinit.o   -llpc_board_nxp_lpcxpresso_1549 -llpc_chip_15xx -lFreeRTOS
Memory region         Used Size  Region Size  %age Used
       MFlash256:         13 KB       256 KB      5.08%
      Ram0_16_32:         508 B        32 KB      1.55%
          Ram2_4:          0 GB         4 KB      0.00%
Finished building target: Solar.axf
 
make --no-print-directory post-build
Performing post-build steps
arm-none-eabi-size "Solar.axf"; # arm-none-eabi-objcopy -v -O binary "Solar.axf" "Solar.bin" ; # checksum -p LPC1549 -d "Solar.bin";
   text	   data	    bss	    dec	    hex	filename
  13208	    104	    404	  13716	   3594	Solar.axf
 
