Archive member included to satisfy reference by file (symbol)

C:\Users\Lauri\Documents\MCUXpressoIDE_10.2.1_795\workspace\Solar_Tracker_Latest_Workspace\Solar_Project\lpc_board_nxp_lpcxpresso_1549\Debug\liblpc_board_nxp_lpcxpresso_1549.a(board.o)
                              ./src/pavel_main.o (Board_UARTPutSTR)
C:\Users\Lauri\Documents\MCUXpressoIDE_10.2.1_795\workspace\Solar_Tracker_Latest_Workspace\Solar_Project\lpc_board_nxp_lpcxpresso_1549\Debug\liblpc_board_nxp_lpcxpresso_1549.a(board_sysinit.o)
                              ./src/sysinit.o (Board_SystemInit)
C:\Users\Lauri\Documents\MCUXpressoIDE_10.2.1_795\workspace\Solar_Tracker_Latest_Workspace\Solar_Project\lpc_chip_15xx\Debug\liblpc_chip_15xx.a(chip_15xx.o)
                              ./src/pavel_main.o (SystemCoreClockUpdate)
C:\Users\Lauri\Documents\MCUXpressoIDE_10.2.1_795\workspace\Solar_Tracker_Latest_Workspace\Solar_Project\lpc_chip_15xx\Debug\liblpc_chip_15xx.a(clock_15xx.o)
                              ./src/SerialPort.o (Chip_Clock_GetMainClockRate)
C:\Users\Lauri\Documents\MCUXpressoIDE_10.2.1_795\workspace\Solar_Tracker_Latest_Workspace\Solar_Project\lpc_chip_15xx\Debug\liblpc_chip_15xx.a(gpio_15xx.o)
                              C:\Users\Lauri\Documents\MCUXpressoIDE_10.2.1_795\workspace\Solar_Tracker_Latest_Workspace\Solar_Project\lpc_board_nxp_lpcxpresso_1549\Debug\liblpc_board_nxp_lpcxpresso_1549.a(board.o) (Chip_GPIO_Init)
C:\Users\Lauri\Documents\MCUXpressoIDE_10.2.1_795\workspace\Solar_Tracker_Latest_Workspace\Solar_Project\lpc_chip_15xx\Debug\liblpc_chip_15xx.a(iocon_15xx.o)
                              C:\Users\Lauri\Documents\MCUXpressoIDE_10.2.1_795\workspace\Solar_Tracker_Latest_Workspace\Solar_Project\lpc_board_nxp_lpcxpresso_1549\Debug\liblpc_board_nxp_lpcxpresso_1549.a(board_sysinit.o) (Chip_IOCON_SetPinMuxing)
C:\Users\Lauri\Documents\MCUXpressoIDE_10.2.1_795\workspace\Solar_Tracker_Latest_Workspace\Solar_Project\lpc_chip_15xx\Debug\liblpc_chip_15xx.a(ring_buffer.o)
                              ./src/SerialPort.o (RingBuffer_Init)
C:\Users\Lauri\Documents\MCUXpressoIDE_10.2.1_795\workspace\Solar_Tracker_Latest_Workspace\Solar_Project\lpc_chip_15xx\Debug\liblpc_chip_15xx.a(ritimer_15xx.o)
                              ./src/pavel_main.o (Chip_RIT_SetCTRL)
C:\Users\Lauri\Documents\MCUXpressoIDE_10.2.1_795\workspace\Solar_Tracker_Latest_Workspace\Solar_Project\lpc_chip_15xx\Debug\liblpc_chip_15xx.a(sct_15xx.o)
                              ./src/DCmotor.o (Chip_SCT_Init)
C:\Users\Lauri\Documents\MCUXpressoIDE_10.2.1_795\workspace\Solar_Tracker_Latest_Workspace\Solar_Project\lpc_chip_15xx\Debug\liblpc_chip_15xx.a(spi_15xx.o)
                              ./src/SPI.o (Chip_SPI_SetConfig)
C:\Users\Lauri\Documents\MCUXpressoIDE_10.2.1_795\workspace\Solar_Tracker_Latest_Workspace\Solar_Project\lpc_chip_15xx\Debug\liblpc_chip_15xx.a(swm_15xx.o)
                              ./src/DCmotor.o (Chip_SWM_MovablePinAssign)
C:\Users\Lauri\Documents\MCUXpressoIDE_10.2.1_795\workspace\Solar_Tracker_Latest_Workspace\Solar_Project\lpc_chip_15xx\Debug\liblpc_chip_15xx.a(sysctl_15xx.o)
                              C:\Users\Lauri\Documents\MCUXpressoIDE_10.2.1_795\workspace\Solar_Tracker_Latest_Workspace\Solar_Project\lpc_board_nxp_lpcxpresso_1549\Debug\liblpc_board_nxp_lpcxpresso_1549.a(board_sysinit.o) (Chip_SYSCTL_AssertPeriphReset)
C:\Users\Lauri\Documents\MCUXpressoIDE_10.2.1_795\workspace\Solar_Tracker_Latest_Workspace\Solar_Project\lpc_chip_15xx\Debug\liblpc_chip_15xx.a(sysinit_15xx.o)
                              C:\Users\Lauri\Documents\MCUXpressoIDE_10.2.1_795\workspace\Solar_Tracker_Latest_Workspace\Solar_Project\lpc_board_nxp_lpcxpresso_1549\Debug\liblpc_board_nxp_lpcxpresso_1549.a(board_sysinit.o) (Chip_SetupXtalClocking)
C:\Users\Lauri\Documents\MCUXpressoIDE_10.2.1_795\workspace\Solar_Tracker_Latest_Workspace\Solar_Project\lpc_chip_15xx\Debug\liblpc_chip_15xx.a(uart_15xx.o)
                              ./src/SerialPort.o (Chip_UART_Init)
C:\Users\Lauri\Documents\MCUXpressoIDE_10.2.1_795\workspace\Solar_Tracker_Latest_Workspace\Solar_Project\FreeRTOS\Debug\libFreeRTOS.a(queue.o)
                              ./src/pavel_main.o (xQueueGenericCreate)
C:\Users\Lauri\Documents\MCUXpressoIDE_10.2.1_795\workspace\Solar_Tracker_Latest_Workspace\Solar_Project\FreeRTOS\Debug\libFreeRTOS.a(tasks.o)
                              C:\Users\Lauri\Documents\MCUXpressoIDE_10.2.1_795\workspace\Solar_Tracker_Latest_Workspace\Solar_Project\FreeRTOS\Debug\libFreeRTOS.a(queue.o) (vTaskSuspendAll)
C:\Users\Lauri\Documents\MCUXpressoIDE_10.2.1_795\workspace\Solar_Tracker_Latest_Workspace\Solar_Project\FreeRTOS\Debug\libFreeRTOS.a(heap_3.o)
                              C:\Users\Lauri\Documents\MCUXpressoIDE_10.2.1_795\workspace\Solar_Tracker_Latest_Workspace\Solar_Project\FreeRTOS\Debug\libFreeRTOS.a(queue.o) (pvPortMalloc)
[...]
Memory Configuration

Name             Origin             Length             Attributes
MFlash256        0x00000000         0x00040000         xr
Ram0_16_32       0x02000000         0x00008000         xrw
Ram2_4           0x02008000         0x00001000         xrw
*default*        0x00000000         0xffffffff

Linker script and memory map

LOAD ./src/DCmotor.o
LOAD ./src/LimitedCounter.o
LOAD ./src/MAXIM1249.o
LOAD ./src/PavelIoPin.o
LOAD ./src/RapiData.o
LOAD ./src/SPI.o
LOAD ./src/SerialPort.o
LOAD ./src/cr_cpp_config.o
LOAD ./src/cr_startup_lpc15xx.o
LOAD ./src/crp.o
LOAD ./src/pavel_main.o
LOAD ./src/sysinit.o
LOAD C:\Users\Lauri\Documents\MCUXpressoIDE_10.2.1_795\workspace\Solar_Tracker_Latest_Workspace\Solar_Project\lpc_board_nxp_lpcxpresso_1549\Debug\liblpc_board_nxp_lpcxpresso_1549.a
LOAD C:\Users\Lauri\Documents\MCUXpressoIDE_10.2.1_795\workspace\Solar_Tracker_Latest_Workspace\Solar_Project\lpc_chip_15xx\Debug\liblpc_chip_15xx.a
LOAD C:\Users\Lauri\Documents\MCUXpressoIDE_10.2.1_795\workspace\Solar_Tracker_Latest_Workspace\Solar_Project\FreeRTOS\Debug\libFreeRTOS.a
START GROUP
LOAD c:/nxp/mcuxpressoide_10.2.1_795/ide/tools/bin/../lib/gcc/arm-none-eabi/7.2.1/thumb/v7-m\libgcc.a
LOAD c:/nxp/mcuxpressoide_10.2.1_795/ide/tools/bin/../lib/gcc/arm-none-eabi/7.2.1/../../../../arm-none-eabi/lib/thumb/v7-m\libc_nano.a
LOAD c:/nxp/mcuxpressoide_10.2.1_795/ide/tools/bin/../lib/gcc/arm-none-eabi/7.2.1/../../../../arm-none-eabi/lib/thumb/v7-m\libstdc++_nano.a
LOAD c:/nxp/mcuxpressoide_10.2.1_795/ide/tools/bin/../lib/gcc/arm-none-eabi/7.2.1/../../../../arm-none-eabi/lib/thumb/v7-m\libm.a
LOAD c:/nxp/mcuxpressoide_10.2.1_795/ide/tools/bin/../lib/gcc/arm-none-eabi/7.2.1/../../../../arm-none-eabi/lib/thumb/v7-m\libcr_newlib_nohost.a
LOAD c:/nxp/mcuxpressoide_10.2.1_795/ide/tools/bin/../lib/gcc/arm-none-eabi/7.2.1/thumb/v7-m\crti.o
LOAD c:/nxp/mcuxpressoide_10.2.1_795/ide/tools/bin/../lib/gcc/arm-none-eabi/7.2.1/thumb/v7-m\crtn.o
LOAD c:/nxp/mcuxpressoide_10.2.1_795/ide/tools/bin/../lib/gcc/arm-none-eabi/7.2.1/thumb/v7-m\crtbegin.o
LOAD c:/nxp/mcuxpressoide_10.2.1_795/ide/tools/bin/../lib/gcc/arm-none-eabi/7.2.1/thumb/v7-m\crtend.o
END GROUP
                0x00000000                __base_MFlash256 = 0x0
                0x00000000                __base_Flash = 0x0
                0x00040000                __top_MFlash256 = 0x40000
                0x00040000                __top_Flash = 0x40000
                0x02000000                __base_Ram0_16_32 = 0x2000000
                0x02000000                __base_RAM = 0x2000000
                0x02008000                __top_Ram0_16_32 = 0x2008000
                0x02008000                __top_RAM = 0x2008000
                0x02008000                __base_Ram2_4 = 0x2008000
                0x02008000                __base_RAM2 = 0x2008000
                0x02009000                __top_Ram2_4 = 0x2009000
                0x02009000                __top_RAM2 = 0x2009000

.text           0x00000000     0x2cf0
 FILL mask 0xff
                0x00000000                __vectors_start__ = ABSOLUTE (.)
 *(.isr_vector)
 .isr_vector    0x00000000       0xfc ./src/cr_startup_lpc15xx.o
                0x00000000                g_pfnVectors
                0x000000fc                . = ALIGN (0x4)
                0x000000fc                __section_table_start = .
                0x000000fc                __data_section_table = .
                0x000000fc        0x4 LONG 0x2cf8 LOADADDR (.data)
                0x00000100        0x4 LONG 0x2000000 ADDR (.data)
                0x00000104        0x4 LONG 0x68 SIZEOF (.data)
                0x00000108        0x4 LONG 0x2cf8 LOADADDR (.data_RAM2)
                0x0000010c        0x4 LONG 0x2008000 ADDR (.data_RAM2)
                0x00000110        0x4 LONG 0x0 SIZEOF (.data_RAM2)
                0x00000114                __data_section_table_end = .
                0x00000114                __bss_section_table = .
                0x00000114        0x4 LONG 0x2000068 ADDR (.bss)
                0x00000118        0x4 LONG 0x18c SIZEOF (.bss)
                0x0000011c        0x4 LONG 0x2008000 ADDR (.bss_RAM2)
                0x00000120        0x4 LONG 0x0 SIZEOF (.bss_RAM2)
                0x00000124                __bss_section_table_end = .
                0x00000124                __section_table_end = .
 *(.after_vectors*)
 .after_vectors
                0x00000124      0x140 ./src/cr_startup_lpc15xx.o
                0x00000124                data_init(unsigned int, unsigned int, unsigned int)
                0x00000166                bss_init(unsigned int, unsigned int)
                0x0000019c                ResetISR
                0x00000228                NMI_Handler
                0x0000022e                HardFault_Handler
                0x00000234                MemManage_Handler
                0x0000023a                BusFault_Handler
                0x00000240                UsageFault_Handler
                0x0000024c                DebugMon_Handler
                0x0000025e                UART0_IRQHandler
                0x0000025e                RTC_WAKE_IRQHandler
                0x0000025e                MRT_IRQHandler
                0x0000025e                SPI1_IRQHandler
                0x0000025e                PIN_INT6_IRQHandler
                0x0000025e                IntDefaultHandler
                0x0000025e                PIN_INT4_IRQHandler
                0x0000025e                CAN_IRQHandler
                0x0000025e                RTC_ALARM_IRQHandler
                0x0000025e                ADC1B_IRQHandler
                0x0000025e                ADC1_OVR_IRQHandler
                0x0000025e                USBWakeup_IRQHandler
                0x0000025e                UART2_IRQHandler
                0x0000025e                PIN_INT5_IRQHandler
                0x0000025e                ADC1_THCMP_IRQHandler
                0x0000025e                PIN_INT2_IRQHandler
                0x0000025e                USB_FIQHandler
                0x0000025e                SCT3_IRQHandler
                0x0000025e                PIN_INT7_IRQHandler
                0x0000025e                ADC0_OVR_IRQHandler
                0x0000025e                PIN_INT1_IRQHandler
                0x0000025e                USB_IRQHandler
                0x0000025e                BOD_IRQHandler
                0x0000025e                ADC0B_IRQHandler
                0x0000025e                ACMP0_IRQHandler
                0x0000025e                I2C0_IRQHandler
                0x0000025e                SCT2_IRQHandler
                0x0000025e                WDT_IRQHandler
                0x0000025e                PIN_INT0_IRQHandler
                0x0000025e                QEI_IRQHandler
                0x0000025e                ACMP3_IRQHandler
                0x0000025e                GINT0_IRQHandler
                0x0000025e                DAC_IRQHandler
                0x0000025e                SPI0_IRQHandler
                0x0000025e                EEPROM_IRQHandler
                0x0000025e                ACMP2_IRQHandler
                0x0000025e                SCT1_IRQHandler
                0x0000025e                ADC1A_IRQHandler
                0x0000025e                DMA_IRQHandler
                0x0000025e                PIN_INT3_IRQHandler
                0x0000025e                ACMP1_IRQHandler
                0x0000025e                SCT0_IRQHandler
                0x0000025e                ADC0A_IRQHandler
                0x0000025e                FMC_IRQHandler
                0x0000025e                GINT1_IRQHandler
                0x0000025e                ADC0_THCMP_IRQHandler
 *(.text*)
 .text.Chip_IOCON_PinMuxSet
                0x00000264       0x2c ./src/PavelIoPin.o
 .text.Chip_GPIO_SetPinState
                0x00000290       0x36 ./src/PavelIoPin.o
 .text.Chip_GPIO_SetPinDIROutput
                0x000002c6       0x3c ./src/PavelIoPin.o
 .text.Chip_GPIO_SetPinDIRInput
                0x00000302       0x3e ./src/PavelIoPin.o
 .text._ZN10PavelIoPinC2Eiibbb
                0x00000340      0x11c ./src/PavelIoPin.o
                0x00000340                PavelIoPin::PavelIoPin(int, int, bool, bool, bool)
                0x00000340                PavelIoPin::PavelIoPin(int, int, bool, bool, bool)
 .text._ZN10PavelIoPin5writeEb
                0x0000045c       0x48 ./src/PavelIoPin.o
                0x0000045c                PavelIoPin::write(bool)
 .text._ZN10PavelIoPinD2Ev
                0x000004a4       0x20 ./src/PavelIoPin.o
                0x000004a4                PavelIoPin::~PavelIoPin()
                0x000004a4                PavelIoPin::~PavelIoPin()
 .text._ZN10PavelIoPinD0Ev
                0x000004c4       0x1e ./src/PavelIoPin.o
                0x000004c4                PavelIoPin::~PavelIoPin()
 *fill*         0x000004e2        0x2 ff
 .text.UART1_IRQHandler
                0x000004e4       0x24 ./src/SerialPort.o
                0x000004e4                UART1_IRQHandler
 .text._Znwj    0x00000508       0x18 ./src/cr_cpp_config.o
                0x00000508                operator new(unsigned int)
 .text._ZdlPv   0x00000520       0x16 ./src/cr_cpp_config.o
                0x00000520                operator delete(void*)
 *fill*         0x00000536        0x2 ff
 .text.NVIC_SetPriority
                0x00000538       0x54 ./src/pavel_main.o
 .text.Chip_RIT_Disable
                0x0000058c       0x18 ./src/pavel_main.o
 .text.Chip_RIT_ClearIntStatus
                0x000005a4       0x18 ./src/pavel_main.o
 .text.RIT_IRQHandler
                0x000005bc       0x9c ./src/pavel_main.o
                0x000005bc                RIT_IRQHandler
 .text._ZL16prvSetupHardwarev
                0x00000658       0x2c ./src/pavel_main.o
 .text.main     0x00000684       0x80 ./src/pavel_main.o
                0x00000684                main
 .text.SystemInit
                0x00000704        0xc ./src/sysinit.o
                0x00000704                SystemInit
 .text.Chip_IOCON_PinMuxSet
                0x00000710       0x2c C:\Users\Lauri\Documents\MCUXpressoIDE_10.2.1_795\workspace\Solar_Tracker_Latest_Workspace\Solar_Project\lpc_board_nxp_lpcxpresso_1549\Debug\liblpc_board_nxp_lpcxpresso_1549.a(board.o)
 .text.Chip_SWM_MovablePortPinAssign
                0x0000073c       0x30 C:\Users\Lauri\Documents\MCUXpressoIDE_10.2.1_795\workspace\Solar_Tracker_Latest_Workspace\Solar_Project\lpc_board_nxp_lpcxpresso_1549\Debug\liblpc_board_nxp_lpcxpresso_1549.a(board.o)
 .text.Chip_GPIO_SetPinState
                0x0000076c       0x36 C:\Users\Lauri\Documents\MCUXpressoIDE_10.2.1_795\workspace\Solar_Tracker_Latest_Workspace\Solar_Project\lpc_board_nxp_lpcxpresso_1549\Debug\liblpc_board_nxp_lpcxpresso_1549.a(board.o)
 .text.Chip_GPIO_SetPinDIROutput
                0x000007a2       0x3c C:\Users\Lauri\Documents\MCUXpressoIDE_10.2.1_795\workspace\Solar_Tracker_Latest_Workspace\Solar_Project\lpc_board_nxp_lpcxpresso_1549\Debug\liblpc_board_nxp_lpcxpresso_1549.a(board.o)
 .text.Chip_UART_Enable
                0x000007de       0x1e C:\Users\Lauri\Documents\MCUXpressoIDE_10.2.1_795\workspace\Solar_Tracker_Latest_Workspace\Solar_Project\lpc_board_nxp_lpcxpresso_1549\Debug\liblpc_board_nxp_lpcxpresso_1549.a(board.o)
 .text.Chip_UART_TXEnable
                0x000007fc       0x1e C:\Users\Lauri\Documents\MCUXpressoIDE_10.2.1_795\workspace\Solar_Tracker_Latest_Workspace\Solar_Project\lpc_board_nxp_lpcxpresso_1549\Debug\liblpc_board_nxp_lpcxpresso_1549.a(board.o)
 .text.Chip_UART_ConfigData
                0x0000081a       0x28 C:\Users\Lauri\Documents\MCUXpressoIDE_10.2.1_795\workspace\Solar_Tracker_Latest_Workspace\Solar_Project\lpc_board_nxp_lpcxpresso_1549\Debug\liblpc_board_nxp_lpcxpresso_1549.a(board.o)
 *fill*         0x00000842        0x2 ff
 .text.Board_Debug_Init
                0x00000844       0x70 C:\Users\Lauri\Documents\MCUXpressoIDE_10.2.1_795\workspace\Solar_Tracker_Latest_Workspace\Solar_Project\lpc_board_nxp_lpcxpresso_1549\Debug\liblpc_board_nxp_lpcxpresso_1549.a(board.o)
                0x00000844                Board_Debug_Init
 .text.Board_LED_Init
                0x000008b4       0x5c C:\Users\Lauri\Documents\MCUXpressoIDE_10.2.1_795\workspace\Solar_Tracker_Latest_Workspace\Solar_Project\lpc_board_nxp_lpcxpresso_1549\Debug\liblpc_board_nxp_lpcxpresso_1549.a(board.o)
 .text.Board_LED_Set
                0x00000910       0x54 C:\Users\Lauri\Documents\MCUXpressoIDE_10.2.1_795\workspace\Solar_Tracker_Latest_Workspace\Solar_Project\lpc_board_nxp_lpcxpresso_1549\Debug\liblpc_board_nxp_lpcxpresso_1549.a(board.o)
                0x00000910                Board_LED_Set
 .text.Board_Init
                0x00000964       0x18 C:\Users\Lauri\Documents\MCUXpressoIDE_10.2.1_795\workspace\Solar_Tracker_Latest_Workspace\Solar_Project\lpc_board_nxp_lpcxpresso_1549\Debug\liblpc_board_nxp_lpcxpresso_1549.a(board.o)
                0x00000964                Board_Init
 .text.Chip_SYSCTL_PeriphReset
                0x0000097c       0x22 C:\Users\Lauri\Documents\MCUXpressoIDE_10.2.1_795\workspace\Solar_Tracker_Latest_Workspace\Solar_Project\lpc_board_nxp_lpcxpresso_1549\Debug\liblpc_board_nxp_lpcxpresso_1549.a(board_sysinit.o)
 *fill*         0x0000099e        0x2 ff
 .text.Chip_Clock_SetUSBPLLSource
                0x000009a0       0x20 C:\Users\Lauri\Documents\MCUXpressoIDE_10.2.1_795\workspace\Solar_Tracker_Latest_Workspace\Solar_Project\lpc_board_nxp_lpcxpresso_1549\Debug\liblpc_board_nxp_lpcxpresso_1549.a(board_sysinit.o)
 .text.Chip_Clock_SetupUSBPLL
                0x000009c0       0x34 C:\Users\Lauri\Documents\MCUXpressoIDE_10.2.1_795\workspace\Solar_Tracker_Latest_Workspace\Solar_Project\lpc_board_nxp_lpcxpresso_1549\Debug\liblpc_board_nxp_lpcxpresso_1549.a(board_sysinit.o)
 .text.Chip_Clock_IsUSBPLLLocked
                0x000009f4       0x24 C:\Users\Lauri\Documents\MCUXpressoIDE_10.2.1_795\workspace\Solar_Tracker_Latest_Workspace\Solar_Project\lpc_board_nxp_lpcxpresso_1549\Debug\liblpc_board_nxp_lpcxpresso_1549.a(board_sysinit.o)
 .text.Chip_Clock_SetSysTickClockDiv
                0x00000a18       0x20 C:\Users\Lauri\Documents\MCUXpressoIDE_10.2.1_795\workspace\Solar_Tracker_Latest_Workspace\Solar_Project\lpc_board_nxp_lpcxpresso_1549\Debug\liblpc_board_nxp_lpcxpresso_1549.a(board_sysinit.o)
 .text.Chip_SWM_MovablePortPinAssign
                0x00000a38       0x30 C:\Users\Lauri\Documents\MCUXpressoIDE_10.2.1_795\workspace\Solar_Tracker_Latest_Workspace\Solar_Project\lpc_board_nxp_lpcxpresso_1549\Debug\liblpc_board_nxp_lpcxpresso_1549.a(board_sysinit.o)
 .text.Board_SetupMuxing
                0x00000a68       0x80 C:\Users\Lauri\Documents\MCUXpressoIDE_10.2.1_795\workspace\Solar_Tracker_Latest_Workspace\Solar_Project\lpc_board_nxp_lpcxpresso_1549\Debug\liblpc_board_nxp_lpcxpresso_1549.a(board_sysinit.o)
                0x00000a68                Board_SetupMuxing
 .text.Board_SetupClocking
                0x00000ae8       0x3a C:\Users\Lauri\Documents\MCUXpressoIDE_10.2.1_795\workspace\Solar_Tracker_Latest_Workspace\Solar_Project\lpc_board_nxp_lpcxpresso_1549\Debug\liblpc_board_nxp_lpcxpresso_1549.a(board_sysinit.o)
                0x00000ae8                Board_SetupClocking
 *fill*         0x00000b22        0x2 ff
 .text.Board_SystemInit
                0x00000b24       0x1c C:\Users\Lauri\Documents\MCUXpressoIDE_10.2.1_795\workspace\Solar_Tracker_Latest_Workspace\Solar_Project\lpc_board_nxp_lpcxpresso_1549\Debug\liblpc_board_nxp_lpcxpresso_1549.a(board_sysinit.o)
                0x00000b24                Board_SystemInit
 .text.SystemCoreClockUpdate
                0x00000b40       0x18 C:\Users\Lauri\Documents\MCUXpressoIDE_10.2.1_795\workspace\Solar_Tracker_Latest_Workspace\Solar_Project\lpc_chip_15xx\Debug\liblpc_chip_15xx.a(chip_15xx.o)
                0x00000b40                SystemCoreClockUpdate
 .text.Chip_Clock_SetMain_A_ClockSource
                0x00000b58       0x20 C:\Users\Lauri\Documents\MCUXpressoIDE_10.2.1_795\workspace\Solar_Tracker_Latest_Workspace\Solar_Project\lpc_chip_15xx\Debug\liblpc_chip_15xx.a(clock_15xx.o)
 .text.Chip_Clock_GetMain_A_ClockSource
                0x00000b78       0x18 C:\Users\Lauri\Documents\MCUXpressoIDE_10.2.1_795\workspace\Solar_Tracker_Latest_Workspace\Solar_Project\lpc_chip_15xx\Debug\liblpc_chip_15xx.a(clock_15xx.o)
 .text.Chip_Clock_SetMain_B_ClockSource
                0x00000b90       0x20 C:\Users\Lauri\Documents\MCUXpressoIDE_10.2.1_795\workspace\Solar_Tracker_Latest_Workspace\Solar_Project\lpc_chip_15xx\Debug\liblpc_chip_15xx.a(clock_15xx.o)
 .text.Chip_Clock_GetMain_B_ClockSource
                0x00000bb0       0x18 C:\Users\Lauri\Documents\MCUXpressoIDE_10.2.1_795\workspace\Solar_Tracker_Latest_Workspace\Solar_Project\lpc_chip_15xx\Debug\liblpc_chip_15xx.a(clock_15xx.o)
 .text.Chip_Clock_SetUARTFRGDivider
                0x00000bc8       0x20 C:\Users\Lauri\Documents\MCUXpressoIDE_10.2.1_795\workspace\Solar_Tracker_Latest_Workspace\Solar_Project\lpc_chip_15xx\Debug\liblpc_chip_15xx.a(clock_15xx.o)
 .text.Chip_Clock_GetUARTFRGDivider
                0x00000be8       0x18 C:\Users\Lauri\Documents\MCUXpressoIDE_10.2.1_795\workspace\Solar_Tracker_Latest_Workspace\Solar_Project\lpc_chip_15xx\Debug\liblpc_chip_15xx.a(clock_15xx.o)
 .text.Chip_Clock_GetMainOscRate
                0x00000c00       0x14 C:\Users\Lauri\Documents\MCUXpressoIDE_10.2.1_795\workspace\Solar_Tracker_Latest_Workspace\Solar_Project\lpc_chip_15xx\Debug\liblpc_chip_15xx.a(clock_15xx.o)
 .text.Chip_Clock_GetIntOscRate
                0x00000c14       0x14 C:\Users\Lauri\Documents\MCUXpressoIDE_10.2.1_795\workspace\Solar_Tracker_Latest_Workspace\Solar_Project\lpc_chip_15xx\Debug\liblpc_chip_15xx.a(clock_15xx.o)
 .text.Chip_Clock_GetRTCOscRate
                0x00000c28       0x14 C:\Users\Lauri\Documents\MCUXpressoIDE_10.2.1_795\workspace\Solar_Tracker_Latest_Workspace\Solar_Project\lpc_chip_15xx\Debug\liblpc_chip_15xx.a(clock_15xx.o)
 .text.Chip_Clock_GetWDTOSCRate
                0x00000c3c       0x14 C:\Users\Lauri\Documents\MCUXpressoIDE_10.2.1_795\workspace\Solar_Tracker_Latest_Workspace\Solar_Project\lpc_chip_15xx\Debug\liblpc_chip_15xx.a(clock_15xx.o)
 .text.Chip_Clock_GetPLLFreq
                0x00000c50       0x26 C:\Users\Lauri\Documents\MCUXpressoIDE_10.2.1_795\workspace\Solar_Tracker_Latest_Workspace\Solar_Project\lpc_chip_15xx\Debug\liblpc_chip_15xx.a(clock_15xx.o)
 .text.Chip_Clock_GetPLLInClockRate
                0x00000c76       0x38 C:\Users\Lauri\Documents\MCUXpressoIDE_10.2.1_795\workspace\Solar_Tracker_Latest_Workspace\Solar_Project\lpc_chip_15xx\Debug\liblpc_chip_15xx.a(clock_15xx.o)
 *fill*         0x00000cae        0x2 ff
 .text.Chip_Clock_GetSystemPLLInClockRate
                0x00000cb0       0x1c C:\Users\Lauri\Documents\MCUXpressoIDE_10.2.1_795\workspace\Solar_Tracker_Latest_Workspace\Solar_Project\lpc_chip_15xx\Debug\liblpc_chip_15xx.a(clock_15xx.o)
                0x00000cb0                Chip_Clock_GetSystemPLLInClockRate
 .text.Chip_Clock_GetSystemPLLOutClockRate
                0x00000ccc       0x24 C:\Users\Lauri\Documents\MCUXpressoIDE_10.2.1_795\workspace\Solar_Tracker_Latest_Workspace\Solar_Project\lpc_chip_15xx\Debug\liblpc_chip_15xx.a(clock_15xx.o)
                0x00000ccc                Chip_Clock_GetSystemPLLOutClockRate
 .text.Chip_Clock_GetMain_A_ClockRate
                0x00000cf0       0x44 C:\Users\Lauri\Documents\MCUXpressoIDE_10.2.1_795\workspace\Solar_Tracker_Latest_Workspace\Solar_Project\lpc_chip_15xx\Debug\liblpc_chip_15xx.a(clock_15xx.o)
                0x00000cf0                Chip_Clock_GetMain_A_ClockRate
 .text.Chip_Clock_GetMain_B_ClockRate
                0x00000d34       0x58 C:\Users\Lauri\Documents\MCUXpressoIDE_10.2.1_795\workspace\Solar_Tracker_Latest_Workspace\Solar_Project\lpc_chip_15xx\Debug\liblpc_chip_15xx.a(clock_15xx.o)
                0x00000d34                Chip_Clock_GetMain_B_ClockRate
 .text.Chip_Clock_SetMainClockSource
                0x00000d8c       0x3c C:\Users\Lauri\Documents\MCUXpressoIDE_10.2.1_795\workspace\Solar_Tracker_Latest_Workspace\Solar_Project\lpc_chip_15xx\Debug\liblpc_chip_15xx.a(clock_15xx.o)
                0x00000d8c                Chip_Clock_SetMainClockSource
 .text.Chip_Clock_GetMainClockRate
                0x00000dc8       0x28 C:\Users\Lauri\Documents\MCUXpressoIDE_10.2.1_795\workspace\Solar_Tracker_Latest_Workspace\Solar_Project\lpc_chip_15xx\Debug\liblpc_chip_15xx.a(clock_15xx.o)
                0x00000dc8                Chip_Clock_GetMainClockRate
 .text.Chip_Clock_EnablePeriphClock
                0x00000df0       0x58 C:\Users\Lauri\Documents\MCUXpressoIDE_10.2.1_795\workspace\Solar_Tracker_Latest_Workspace\Solar_Project\lpc_chip_15xx\Debug\liblpc_chip_15xx.a(clock_15xx.o)
                0x00000df0                Chip_Clock_EnablePeriphClock
 .text.Chip_Clock_GetUARTBaseClockRate
                0x00000e48       0x8c C:\Users\Lauri\Documents\MCUXpressoIDE_10.2.1_795\workspace\Solar_Tracker_Latest_Workspace\Solar_Project\lpc_chip_15xx\Debug\liblpc_chip_15xx.a(clock_15xx.o)
                0x00000e48                Chip_Clock_GetUARTBaseClockRate
 .text.Chip_Clock_SetUARTBaseClockRate
                0x00000ed4       0xa4 C:\Users\Lauri\Documents\MCUXpressoIDE_10.2.1_795\workspace\Solar_Tracker_Latest_Workspace\Solar_Project\lpc_chip_15xx\Debug\liblpc_chip_15xx.a(clock_15xx.o)
                0x00000ed4                Chip_Clock_SetUARTBaseClockRate
 .text.Chip_Clock_GetSystemClockRate
                0x00000f78       0x1c C:\Users\Lauri\Documents\MCUXpressoIDE_10.2.1_795\workspace\Solar_Tracker_Latest_Workspace\Solar_Project\lpc_chip_15xx\Debug\liblpc_chip_15xx.a(clock_15xx.o)
                0x00000f78                Chip_Clock_GetSystemClockRate
 .text.Chip_SYSCTL_PeriphReset
                0x00000f94       0x22 C:\Users\Lauri\Documents\MCUXpressoIDE_10.2.1_795\workspace\Solar_Tracker_Latest_Workspace\Solar_Project\lpc_chip_15xx\Debug\liblpc_chip_15xx.a(gpio_15xx.o)
 .text.Chip_GPIO_Init
                0x00000fb6       0x2e C:\Users\Lauri\Documents\MCUXpressoIDE_10.2.1_795\workspace\Solar_Tracker_Latest_Workspace\Solar_Project\lpc_chip_15xx\Debug\liblpc_chip_15xx.a(gpio_15xx.o)
                0x00000fb6                Chip_GPIO_Init
 .text.Chip_IOCON_PinMuxSet
                0x00000fe4       0x2c C:\Users\Lauri\Documents\MCUXpressoIDE_10.2.1_795\workspace\Solar_Tracker_Latest_Workspace\Solar_Project\lpc_chip_15xx\Debug\liblpc_chip_15xx.a(iocon_15xx.o)
 .text.Chip_IOCON_SetPinMuxing
                0x00001010       0x4e C:\Users\Lauri\Documents\MCUXpressoIDE_10.2.1_795\workspace\Solar_Tracker_Latest_Workspace\Solar_Project\lpc_chip_15xx\Debug\liblpc_chip_15xx.a(iocon_15xx.o)
                0x00001010                Chip_IOCON_SetPinMuxing
 .text.RingBuffer_GetCount
                0x0000105e       0x20 C:\Users\Lauri\Documents\MCUXpressoIDE_10.2.1_795\workspace\Solar_Tracker_Latest_Workspace\Solar_Project\lpc_chip_15xx\Debug\liblpc_chip_15xx.a(ring_buffer.o)
 .text.RingBuffer_IsFull
                0x0000107e       0x26 C:\Users\Lauri\Documents\MCUXpressoIDE_10.2.1_795\workspace\Solar_Tracker_Latest_Workspace\Solar_Project\lpc_chip_15xx\Debug\liblpc_chip_15xx.a(ring_buffer.o)
 .text.RingBuffer_IsEmpty
                0x000010a4       0x28 C:\Users\Lauri\Documents\MCUXpressoIDE_10.2.1_795\workspace\Solar_Tracker_Latest_Workspace\Solar_Project\lpc_chip_15xx\Debug\liblpc_chip_15xx.a(ring_buffer.o)
 .text.RingBuffer_Insert
                0x000010cc       0x5c C:\Users\Lauri\Documents\MCUXpressoIDE_10.2.1_795\workspace\Solar_Tracker_Latest_Workspace\Solar_Project\lpc_chip_15xx\Debug\liblpc_chip_15xx.a(ring_buffer.o)
                0x000010cc                RingBuffer_Insert
 .text.RingBuffer_Pop
                0x00001128       0x5c C:\Users\Lauri\Documents\MCUXpressoIDE_10.2.1_795\workspace\Solar_Tracker_Latest_Workspace\Solar_Project\lpc_chip_15xx\Debug\liblpc_chip_15xx.a(ring_buffer.o)
                0x00001128                RingBuffer_Pop
 .text.Chip_SYSCTL_PeriphReset
                0x00001184       0x22 C:\Users\Lauri\Documents\MCUXpressoIDE_10.2.1_795\workspace\Solar_Tracker_Latest_Workspace\Solar_Project\lpc_chip_15xx\Debug\liblpc_chip_15xx.a(ritimer_15xx.o)
 .text.Chip_RIT_Init
                0x000011a6       0x22 C:\Users\Lauri\Documents\MCUXpressoIDE_10.2.1_795\workspace\Solar_Tracker_Latest_Workspace\Solar_Project\lpc_chip_15xx\Debug\liblpc_chip_15xx.a(ritimer_15xx.o)
                0x000011a6                Chip_RIT_Init
 .text.Chip_RIT_SetCTRL
                0x000011c8       0x28 C:\Users\Lauri\Documents\MCUXpressoIDE_10.2.1_795\workspace\Solar_Tracker_Latest_Workspace\Solar_Project\lpc_chip_15xx\Debug\liblpc_chip_15xx.a(ritimer_15xx.o)
                0x000011c8                Chip_RIT_SetCTRL
 .text.Chip_RIT_ClearCTRL
                0x000011f0       0x2a C:\Users\Lauri\Documents\MCUXpressoIDE_10.2.1_795\workspace\Solar_Tracker_Latest_Workspace\Solar_Project\lpc_chip_15xx\Debug\liblpc_chip_15xx.a(ritimer_15xx.o)
                0x000011f0                Chip_RIT_ClearCTRL
 *fill*         0x0000121a        0x2 ff
 .text.Chip_SWM_MovablePinAssign
                0x0000121c       0x5c C:\Users\Lauri\Documents\MCUXpressoIDE_10.2.1_795\workspace\Solar_Tracker_Latest_Workspace\Solar_Project\lpc_chip_15xx\Debug\liblpc_chip_15xx.a(swm_15xx.o)
                0x0000121c                Chip_SWM_MovablePinAssign
 .text.Chip_SYSCTL_AssertPeriphReset
                0x00001278       0x4c C:\Users\Lauri\Documents\MCUXpressoIDE_10.2.1_795\workspace\Solar_Tracker_Latest_Workspace\Solar_Project\lpc_chip_15xx\Debug\liblpc_chip_15xx.a(sysctl_15xx.o)
                0x00001278                Chip_SYSCTL_AssertPeriphReset
 .text.Chip_SYSCTL_DeassertPeriphReset
                0x000012c4       0x50 C:\Users\Lauri\Documents\MCUXpressoIDE_10.2.1_795\workspace\Solar_Tracker_Latest_Workspace\Solar_Project\lpc_chip_15xx\Debug\liblpc_chip_15xx.a(sysctl_15xx.o)
                0x000012c4                Chip_SYSCTL_DeassertPeriphReset
 .text.Chip_SYSCTL_PowerDown
                0x00001314       0x40 C:\Users\Lauri\Documents\MCUXpressoIDE_10.2.1_795\workspace\Solar_Tracker_Latest_Workspace\Solar_Project\lpc_chip_15xx\Debug\liblpc_chip_15xx.a(sysctl_15xx.o)
                0x00001314                Chip_SYSCTL_PowerDown
 .text.Chip_SYSCTL_PowerUp
                0x00001354       0x40 C:\Users\Lauri\Documents\MCUXpressoIDE_10.2.1_795\workspace\Solar_Tracker_Latest_Workspace\Solar_Project\lpc_chip_15xx\Debug\liblpc_chip_15xx.a(sysctl_15xx.o)
                0x00001354                Chip_SYSCTL_PowerUp
 .text.Chip_FMC_SetFLASHAccess
                0x00001394       0x38 C:\Users\Lauri\Documents\MCUXpressoIDE_10.2.1_795\workspace\Solar_Tracker_Latest_Workspace\Solar_Project\lpc_chip_15xx\Debug\liblpc_chip_15xx.a(sysinit_15xx.o)
 .text.Chip_Clock_SetSystemPLLSource
                0x000013cc       0x20 C:\Users\Lauri\Documents\MCUXpressoIDE_10.2.1_795\workspace\Solar_Tracker_Latest_Workspace\Solar_Project\lpc_chip_15xx\Debug\liblpc_chip_15xx.a(sysinit_15xx.o)
 .text.Chip_Clock_SetupSystemPLL
                0x000013ec       0x34 C:\Users\Lauri\Documents\MCUXpressoIDE_10.2.1_795\workspace\Solar_Tracker_Latest_Workspace\Solar_Project\lpc_chip_15xx\Debug\liblpc_chip_15xx.a(sysinit_15xx.o)
 .text.Chip_Clock_IsSystemPLLLocked
                0x00001420       0x24 C:\Users\Lauri\Documents\MCUXpressoIDE_10.2.1_795\workspace\Solar_Tracker_Latest_Workspace\Solar_Project\lpc_chip_15xx\Debug\liblpc_chip_15xx.a(sysinit_15xx.o)
 .text.Chip_Clock_SetSysClockDiv
                0x00001444       0x20 C:\Users\Lauri\Documents\MCUXpressoIDE_10.2.1_795\workspace\Solar_Tracker_Latest_Workspace\Solar_Project\lpc_chip_15xx\Debug\liblpc_chip_15xx.a(sysinit_15xx.o)
 .text.Chip_SetupXtalClocking
                0x00001464       0x6c C:\Users\Lauri\Documents\MCUXpressoIDE_10.2.1_795\workspace\Solar_Tracker_Latest_Workspace\Solar_Project\lpc_chip_15xx\Debug\liblpc_chip_15xx.a(sysinit_15xx.o)
                0x00001464                Chip_SetupXtalClocking
 .text.Chip_SYSCTL_PeriphReset
                0x000014d0       0x22 C:\Users\Lauri\Documents\MCUXpressoIDE_10.2.1_795\workspace\Solar_Tracker_Latest_Workspace\Solar_Project\lpc_chip_15xx\Debug\liblpc_chip_15xx.a(uart_15xx.o)
 .text.RingBuffer_IsEmpty
                0x000014f2       0x28 C:\Users\Lauri\Documents\MCUXpressoIDE_10.2.1_795\workspace\Solar_Tracker_Latest_Workspace\Solar_Project\lpc_chip_15xx\Debug\liblpc_chip_15xx.a(uart_15xx.o)
 .text.Chip_UART_SendByte
                0x0000151a       0x1c C:\Users\Lauri\Documents\MCUXpressoIDE_10.2.1_795\workspace\Solar_Tracker_Latest_Workspace\Solar_Project\lpc_chip_15xx\Debug\liblpc_chip_15xx.a(uart_15xx.o)
 .text.Chip_UART_ReadByte
                0x00001536       0x1a C:\Users\Lauri\Documents\MCUXpressoIDE_10.2.1_795\workspace\Solar_Tracker_Latest_Workspace\Solar_Project\lpc_chip_15xx\Debug\liblpc_chip_15xx.a(uart_15xx.o)
 .text.Chip_UART_IntDisable
                0x00001550       0x1a C:\Users\Lauri\Documents\MCUXpressoIDE_10.2.1_795\workspace\Solar_Tracker_Latest_Workspace\Solar_Project\lpc_chip_15xx\Debug\liblpc_chip_15xx.a(uart_15xx.o)
 .text.Chip_UART_GetStatus
                0x0000156a       0x16 C:\Users\Lauri\Documents\MCUXpressoIDE_10.2.1_795\workspace\Solar_Tracker_Latest_Workspace\Solar_Project\lpc_chip_15xx\Debug\liblpc_chip_15xx.a(uart_15xx.o)
 .text.getUARTClockID
                0x00001580       0x34 C:\Users\Lauri\Documents\MCUXpressoIDE_10.2.1_795\workspace\Solar_Tracker_Latest_Workspace\Solar_Project\lpc_chip_15xx\Debug\liblpc_chip_15xx.a(uart_15xx.o)
 .text.Chip_UART_Init
                0x000015b4       0x4c C:\Users\Lauri\Documents\MCUXpressoIDE_10.2.1_795\workspace\Solar_Tracker_Latest_Workspace\Solar_Project\lpc_chip_15xx\Debug\liblpc_chip_15xx.a(uart_15xx.o)
                0x000015b4                Chip_UART_Init
 .text.Chip_UART_SetBaud
                0x00001600       0x2a C:\Users\Lauri\Documents\MCUXpressoIDE_10.2.1_795\workspace\Solar_Tracker_Latest_Workspace\Solar_Project\lpc_chip_15xx\Debug\liblpc_chip_15xx.a(uart_15xx.o)
                0x00001600                Chip_UART_SetBaud
 .text.Chip_UART_RXIntHandlerRB
                0x0000162a       0x3c C:\Users\Lauri\Documents\MCUXpressoIDE_10.2.1_795\workspace\Solar_Tracker_Latest_Workspace\Solar_Project\lpc_chip_15xx\Debug\liblpc_chip_15xx.a(uart_15xx.o)
                0x0000162a                Chip_UART_RXIntHandlerRB
 .text.Chip_UART_TXIntHandlerRB
                0x00001666       0x40 C:\Users\Lauri\Documents\MCUXpressoIDE_10.2.1_795\workspace\Solar_Tracker_Latest_Workspace\Solar_Project\lpc_chip_15xx\Debug\liblpc_chip_15xx.a(uart_15xx.o)
                0x00001666                Chip_UART_TXIntHandlerRB
 .text.Chip_UART_IRQRBHandler
                0x000016a6       0x48 C:\Users\Lauri\Documents\MCUXpressoIDE_10.2.1_795\workspace\Solar_Tracker_Latest_Workspace\Solar_Project\lpc_chip_15xx\Debug\liblpc_chip_15xx.a(uart_15xx.o)
                0x000016a6                Chip_UART_IRQRBHandler
 *fill*         0x000016ee        0x2 ff
 .text.xQueueGenericReset
                0x000016f0       0xb4 C:\Users\Lauri\Documents\MCUXpressoIDE_10.2.1_795\workspace\Solar_Tracker_Latest_Workspace\Solar_Project\FreeRTOS\Debug\libFreeRTOS.a(queue.o)
                0x000016f0                xQueueGenericReset
 .text.xQueueGenericCreate
                0x000017a4       0x58 C:\Users\Lauri\Documents\MCUXpressoIDE_10.2.1_795\workspace\Solar_Tracker_Latest_Workspace\Solar_Project\FreeRTOS\Debug\libFreeRTOS.a(queue.o)
                0x000017a4                xQueueGenericCreate
 .text.prvInitialiseNewQueue
                0x000017fc       0x46 C:\Users\Lauri\Documents\MCUXpressoIDE_10.2.1_795\workspace\Solar_Tracker_Latest_Workspace\Solar_Project\FreeRTOS\Debug\libFreeRTOS.a(queue.o)
 .text.xQueueGiveFromISR
                0x00001842       0xa6 C:\Users\Lauri\Documents\MCUXpressoIDE_10.2.1_795\workspace\Solar_Tracker_Latest_Workspace\Solar_Project\FreeRTOS\Debug\libFreeRTOS.a(queue.o)
                0x00001842                xQueueGiveFromISR
 .text.xTaskCreate
                0x000018e8       0x84 C:\Users\Lauri\Documents\MCUXpressoIDE_10.2.1_795\workspace\Solar_Tracker_Latest_Workspace\Solar_Project\FreeRTOS\Debug\libFreeRTOS.a(tasks.o)
                0x000018e8                xTaskCreate
 .text.prvInitialiseNewTask
                0x0000196c      0x178 C:\Users\Lauri\Documents\MCUXpressoIDE_10.2.1_795\workspace\Solar_Tracker_Latest_Workspace\Solar_Project\FreeRTOS\Debug\libFreeRTOS.a(tasks.o)
 .text.prvAddNewTaskToReadyList
                0x00001ae4       0xdc C:\Users\Lauri\Documents\MCUXpressoIDE_10.2.1_795\workspace\Solar_Tracker_Latest_Workspace\Solar_Project\FreeRTOS\Debug\libFreeRTOS.a(tasks.o)
 .text.vTaskStartScheduler
                0x00001bc0       0xa0 C:\Users\Lauri\Documents\MCUXpressoIDE_10.2.1_795\workspace\Solar_Tracker_Latest_Workspace\Solar_Project\FreeRTOS\Debug\libFreeRTOS.a(tasks.o)
                0x00001bc0                vTaskStartScheduler
 .text.vTaskSuspendAll
                0x00001c60       0x1c C:\Users\Lauri\Documents\MCUXpressoIDE_10.2.1_795\workspace\Solar_Tracker_Latest_Workspace\Solar_Project\FreeRTOS\Debug\libFreeRTOS.a(tasks.o)
                0x00001c60                vTaskSuspendAll
 .text.xTaskResumeAll
                0x00001c7c      0x11c C:\Users\Lauri\Documents\MCUXpressoIDE_10.2.1_795\workspace\Solar_Tracker_Latest_Workspace\Solar_Project\FreeRTOS\Debug\libFreeRTOS.a(tasks.o)
                0x00001c7c                xTaskResumeAll
 .text.xTaskIncrementTick
                0x00001d98      0x158 C:\Users\Lauri\Documents\MCUXpressoIDE_10.2.1_795\workspace\Solar_Tracker_Latest_Workspace\Solar_Project\FreeRTOS\Debug\libFreeRTOS.a(tasks.o)
                0x00001d98                xTaskIncrementTick
 .text.vTaskSwitchContext
                0x00001ef0       0xe4 C:\Users\Lauri\Documents\MCUXpressoIDE_10.2.1_795\workspace\Solar_Tracker_Latest_Workspace\Solar_Project\FreeRTOS\Debug\libFreeRTOS.a(tasks.o)
                0x00001ef0                vTaskSwitchContext
 .text.xTaskRemoveFromEventList
                0x00001fd4       0xa8 C:\Users\Lauri\Documents\MCUXpressoIDE_10.2.1_795\workspace\Solar_Tracker_Latest_Workspace\Solar_Project\FreeRTOS\Debug\libFreeRTOS.a(tasks.o)
                0x00001fd4                xTaskRemoveFromEventList
 .text.prvIdleTask
                0x0000207c        0xe C:\Users\Lauri\Documents\MCUXpressoIDE_10.2.1_795\workspace\Solar_Tracker_Latest_Workspace\Solar_Project\FreeRTOS\Debug\libFreeRTOS.a(tasks.o)
 *fill*         0x0000208a        0x2 ff
 .text.prvInitialiseTaskLists
                0x0000208c       0x80 C:\Users\Lauri\Documents\MCUXpressoIDE_10.2.1_795\workspace\Solar_Tracker_Latest_Workspace\Solar_Project\FreeRTOS\Debug\libFreeRTOS.a(tasks.o)
 .text.prvCheckTasksWaitingTermination
                0x0000210c       0x58 C:\Users\Lauri\Documents\MCUXpressoIDE_10.2.1_795\workspace\Solar_Tracker_Latest_Workspace\Solar_Project\FreeRTOS\Debug\libFreeRTOS.a(tasks.o)
 .text.prvDeleteTCB
                0x00002164       0x2a C:\Users\Lauri\Documents\MCUXpressoIDE_10.2.1_795\workspace\Solar_Tracker_Latest_Workspace\Solar_Project\FreeRTOS\Debug\libFreeRTOS.a(tasks.o)
 *fill*         0x0000218e        0x2 ff
 .text.prvResetNextTaskUnblockTime
                0x00002190       0x48 C:\Users\Lauri\Documents\MCUXpressoIDE_10.2.1_795\workspace\Solar_Tracker_Latest_Workspace\Solar_Project\FreeRTOS\Debug\libFreeRTOS.a(tasks.o)
 .text.pvPortMalloc
                0x000021d8       0x2c C:\Users\Lauri\Documents\MCUXpressoIDE_10.2.1_795\workspace\Solar_Tracker_Latest_Workspace\Solar_Project\FreeRTOS\Debug\libFreeRTOS.a(heap_3.o)
                0x000021d8                pvPortMalloc
 .text.vPortFree
                0x00002204       0x24 C:\Users\Lauri\Documents\MCUXpressoIDE_10.2.1_795\workspace\Solar_Tracker_Latest_Workspace\Solar_Project\FreeRTOS\Debug\libFreeRTOS.a(heap_3.o)
                0x00002204                vPortFree
 .text.pxPortInitialiseStack
                0x00002228       0x58 C:\Users\Lauri\Documents\MCUXpressoIDE_10.2.1_795\workspace\Solar_Tracker_Latest_Workspace\Solar_Project\FreeRTOS\Debug\libFreeRTOS.a(port.o)
                0x00002228                pxPortInitialiseStack
 .text.prvTaskExitError
                0x00002280       0x2e C:\Users\Lauri\Documents\MCUXpressoIDE_10.2.1_795\workspace\Solar_Tracker_Latest_Workspace\Solar_Project\FreeRTOS\Debug\libFreeRTOS.a(port.o)
 *fill*         0x000022ae        0x2 ff
 .text.SVC_Handler
                0x000022b0       0x28 C:\Users\Lauri\Documents\MCUXpressoIDE_10.2.1_795\workspace\Solar_Tracker_Latest_Workspace\Solar_Project\FreeRTOS\Debug\libFreeRTOS.a(port.o)
                0x000022b0                SVC_Handler
 .text.prvPortStartFirstTask
                0x000022d8       0x20 C:\Users\Lauri\Documents\MCUXpressoIDE_10.2.1_795\workspace\Solar_Tracker_Latest_Workspace\Solar_Project\FreeRTOS\Debug\libFreeRTOS.a(port.o)
 .text.xPortStartScheduler
                0x000022f8       0x40 C:\Users\Lauri\Documents\MCUXpressoIDE_10.2.1_795\workspace\Solar_Tracker_Latest_Workspace\Solar_Project\FreeRTOS\Debug\libFreeRTOS.a(port.o)
                0x000022f8                xPortStartScheduler
 .text.vPortEnterCritical
                0x00002338       0x30 C:\Users\Lauri\Documents\MCUXpressoIDE_10.2.1_795\workspace\Solar_Tracker_Latest_Workspace\Solar_Project\FreeRTOS\Debug\libFreeRTOS.a(port.o)
                0x00002338                vPortEnterCritical
 .text.vPortExitCritical
                0x00002368       0x30 C:\Users\Lauri\Documents\MCUXpressoIDE_10.2.1_795\workspace\Solar_Tracker_Latest_Workspace\Solar_Project\FreeRTOS\Debug\libFreeRTOS.a(port.o)
                0x00002368                vPortExitCritical
 *fill*         0x00002398        0x8 ff
 .text.PendSV_Handler
                0x000023a0       0x48 C:\Users\Lauri\Documents\MCUXpressoIDE_10.2.1_795\workspace\Solar_Tracker_Latest_Workspace\Solar_Project\FreeRTOS\Debug\libFreeRTOS.a(port.o)
                0x000023a0                PendSV_Handler
 .text.SysTick_Handler
                0x000023e8       0x40 C:\Users\Lauri\Documents\MCUXpressoIDE_10.2.1_795\workspace\Solar_Tracker_Latest_Workspace\Solar_Project\FreeRTOS\Debug\libFreeRTOS.a(port.o)
                0x000023e8                SysTick_Handler
 .text.vPortSetupTimerInterrupt
                0x00002428       0x44 C:\Users\Lauri\Documents\MCUXpressoIDE_10.2.1_795\workspace\Solar_Tracker_Latest_Workspace\Solar_Project\FreeRTOS\Debug\libFreeRTOS.a(port.o)
                0x00002428                vPortSetupTimerInterrupt
 .text.vApplicationMallocFailedHook
                0x0000246c       0x1c C:\Users\Lauri\Documents\MCUXpressoIDE_10.2.1_795\workspace\Solar_Tracker_Latest_Workspace\Solar_Project\FreeRTOS\Debug\libFreeRTOS.a(FreeRTOSCommonHooks.o)
                0x0000246c                vApplicationMallocFailedHook
 .text.vApplicationStackOverflowHook
                0x00002488       0x20 C:\Users\Lauri\Documents\MCUXpressoIDE_10.2.1_795\workspace\Solar_Tracker_Latest_Workspace\Solar_Project\FreeRTOS\Debug\libFreeRTOS.a(FreeRTOSCommonHooks.o)
                0x00002488                vApplicationStackOverflowHook
 .text.vListInitialise
                0x000024a8       0x3e C:\Users\Lauri\Documents\MCUXpressoIDE_10.2.1_795\workspace\Solar_Tracker_Latest_Workspace\Solar_Project\FreeRTOS\Debug\libFreeRTOS.a(list.o)
                0x000024a8                vListInitialise
 .text.vListInitialiseItem
                0x000024e6       0x18 C:\Users\Lauri\Documents\MCUXpressoIDE_10.2.1_795\workspace\Solar_Tracker_Latest_Workspace\Solar_Project\FreeRTOS\Debug\libFreeRTOS.a(list.o)
                0x000024e6                vListInitialiseItem
 .text.vListInsertEnd
                0x000024fe       0x46 C:\Users\Lauri\Documents\MCUXpressoIDE_10.2.1_795\workspace\Solar_Tracker_Latest_Workspace\Solar_Project\FreeRTOS\Debug\libFreeRTOS.a(list.o)
                0x000024fe                vListInsertEnd
 .text.uxListRemove
                0x00002544       0x52 C:\Users\Lauri\Documents\MCUXpressoIDE_10.2.1_795\workspace\Solar_Tracker_Latest_Workspace\Solar_Project\FreeRTOS\Debug\libFreeRTOS.a(list.o)
                0x00002544                uxListRemove
 *fill*         0x00002596        0x2 ff
 .text          0x00002598       0x30 c:/nxp/mcuxpressoide_10.2.1_795/ide/tools/bin/../lib/gcc/arm-none-eabi/7.2.1/thumb/v7-m\libgcc.a(_aeabi_uldivmod.o)
                0x00002598                __aeabi_uldivmod
 .text          0x000025c8      0x2d0 c:/nxp/mcuxpressoide_10.2.1_795/ide/tools/bin/../lib/gcc/arm-none-eabi/7.2.1/thumb/v7-m\libgcc.a(_udivmoddi4.o)
                0x000025c8                __udivmoddi4
 .text          0x00002898        0x4 c:/nxp/mcuxpressoide_10.2.1_795/ide/tools/bin/../lib/gcc/arm-none-eabi/7.2.1/thumb/v7-m\libgcc.a(_dvmd_tls.o)
                0x00002898                __aeabi_idiv0
                0x00002898                __aeabi_ldiv0
 .text.__libc_init_array
                0x0000289c       0x48 c:/nxp/mcuxpressoide_10.2.1_795/ide/tools/bin/../lib/gcc/arm-none-eabi/7.2.1/../../../../arm-none-eabi/lib/thumb/v7-m\libc_nano.a(lib_a-init.o)
                0x0000289c                __libc_init_array
 .text.malloc   0x000028e4       0x10 c:/nxp/mcuxpressoide_10.2.1_795/ide/tools/bin/../lib/gcc/arm-none-eabi/7.2.1/../../../../arm-none-eabi/lib/thumb/v7-m\libc_nano.a(lib_a-malloc.o)
                0x000028e4                malloc
 .text.free     0x000028f4       0x10 c:/nxp/mcuxpressoide_10.2.1_795/ide/tools/bin/../lib/gcc/arm-none-eabi/7.2.1/../../../../arm-none-eabi/lib/thumb/v7-m\libc_nano.a(lib_a-malloc.o)
                0x000028f4                free
 .text.memcpy   0x00002904       0x16 c:/nxp/mcuxpressoide_10.2.1_795/ide/tools/bin/../lib/gcc/arm-none-eabi/7.2.1/../../../../arm-none-eabi/lib/thumb/v7-m\libc_nano.a(lib_a-memcpy-stub.o)
                0x00002904                memcpy
 .text.memset   0x0000291a       0x10 c:/nxp/mcuxpressoide_10.2.1_795/ide/tools/bin/../lib/gcc/arm-none-eabi/7.2.1/../../../../arm-none-eabi/lib/thumb/v7-m\libc_nano.a(lib_a-memset.o)
                0x0000291a                memset
 *fill*         0x0000292a        0x2 ff
 .text._free_r  0x0000292c       0x98 c:/nxp/mcuxpressoide_10.2.1_795/ide/tools/bin/../lib/gcc/arm-none-eabi/7.2.1/../../../../arm-none-eabi/lib/thumb/v7-m\libc_nano.a(lib_a-nano-freer.o)
                0x0000292c                _free_r
 .text._malloc_r
                0x000029c4       0xb4 c:/nxp/mcuxpressoide_10.2.1_795/ide/tools/bin/../lib/gcc/arm-none-eabi/7.2.1/../../../../arm-none-eabi/lib/thumb/v7-m\libc_nano.a(lib_a-nano-mallocr.o)
                0x000029c4                _malloc_r
 .text.cleanup_glue
                0x00002a78       0x1a c:/nxp/mcuxpressoide_10.2.1_795/ide/tools/bin/../lib/gcc/arm-none-eabi/7.2.1/../../../../arm-none-eabi/lib/thumb/v7-m\libc_nano.a(lib_a-reent.o)
                0x00002a78                cleanup_glue
 *fill*         0x00002a92        0x2 ff
 .text._reclaim_reent
                0x00002a94       0xb8 c:/nxp/mcuxpressoide_10.2.1_795/ide/tools/bin/../lib/gcc/arm-none-eabi/7.2.1/../../../../arm-none-eabi/lib/thumb/v7-m\libc_nano.a(lib_a-reent.o)
                0x00002a94                _reclaim_reent
 .text._sbrk_r  0x00002b4c       0x20 c:/nxp/mcuxpressoide_10.2.1_795/ide/tools/bin/../lib/gcc/arm-none-eabi/7.2.1/../../../../arm-none-eabi/lib/thumb/v7-m\libc_nano.a(lib_a-sbrkr.o)
                0x00002b4c                _sbrk_r
 .text.__malloc_lock
                0x00002b6c        0x2 c:/nxp/mcuxpressoide_10.2.1_795/ide/tools/bin/../lib/gcc/arm-none-eabi/7.2.1/../../../../arm-none-eabi/lib/thumb/v7-m\libc_nano.a(lib_a-mlock.o)
                0x00002b6c                __malloc_lock
 .text.__malloc_unlock
                0x00002b6e        0x2 c:/nxp/mcuxpressoide_10.2.1_795/ide/tools/bin/../lib/gcc/arm-none-eabi/7.2.1/../../../../arm-none-eabi/lib/thumb/v7-m\libc_nano.a(lib_a-mlock.o)
                0x00002b6e                __malloc_unlock
 .text._sbrk    0x00002b70       0x3c c:/nxp/mcuxpressoide_10.2.1_795/ide/tools/bin/../lib/gcc/arm-none-eabi/7.2.1/../../../../arm-none-eabi/lib/thumb/v7-m\libcr_newlib_nohost.a(_cr_sbrk.o)
                0x00002b70                _sbrk
 .text.__check_heap_overflow
                0x00002bac       0x18 c:/nxp/mcuxpressoide_10.2.1_795/ide/tools/bin/../lib/gcc/arm-none-eabi/7.2.1/../../../../arm-none-eabi/lib/thumb/v7-m\libcr_newlib_nohost.a(_cr_check_heap.o)
                0x00002bac                __check_heap_overflow
 .text          0x00002bc4       0x40 c:/nxp/mcuxpressoide_10.2.1_795/ide/tools/bin/../lib/gcc/arm-none-eabi/7.2.1/thumb/v7-m\crtbegin.o
 .text.__errno  0x00002c04        0xc c:/nxp/mcuxpressoide_10.2.1_795/ide/tools/bin/../lib/gcc/arm-none-eabi/7.2.1/../../../../arm-none-eabi/lib/thumb/v7-m\libc_nano.a(lib_a-errno.o)
                0x00002c04                __errno
 *(.rodata .rodata.* .constdata .constdata.*)
 .rodata._ZTV10PavelIoPin
                0x00002c10       0x10 ./src/PavelIoPin.o
                0x00002c10                vtable for PavelIoPin
 .rodata.OscRateIn
                0x00002c20        0x4 C:\Users\Lauri\Documents\MCUXpressoIDE_10.2.1_795\workspace\Solar_Tracker_Latest_Workspace\Solar_Project\lpc_board_nxp_lpcxpresso_1549\Debug\liblpc_board_nxp_lpcxpresso_1549.a(board.o)
                0x00002c20                OscRateIn
 .rodata.RTCOscRateIn
                0x00002c24        0x4 C:\Users\Lauri\Documents\MCUXpressoIDE_10.2.1_795\workspace\Solar_Tracker_Latest_Workspace\Solar_Project\lpc_board_nxp_lpcxpresso_1549\Debug\liblpc_board_nxp_lpcxpresso_1549.a(board.o)
                0x00002c24                RTCOscRateIn
 .rodata.ledpins
                0x00002c28        0x3 C:\Users\Lauri\Documents\MCUXpressoIDE_10.2.1_795\workspace\Solar_Tracker_Latest_Workspace\Solar_Project\lpc_board_nxp_lpcxpresso_1549\Debug\liblpc_board_nxp_lpcxpresso_1549.a(board.o)
 *fill*         0x00002c2b        0x1 ff
 .rodata.ledports
                0x00002c2c        0x3 C:\Users\Lauri\Documents\MCUXpressoIDE_10.2.1_795\workspace\Solar_Tracker_Latest_Workspace\Solar_Project\lpc_board_nxp_lpcxpresso_1549\Debug\liblpc_board_nxp_lpcxpresso_1549.a(board.o)
 *fill*         0x00002c2f        0x1 ff
 .rodata.ioconSetup
                0x00002c30       0x74 C:\Users\Lauri\Documents\MCUXpressoIDE_10.2.1_795\workspace\Solar_Tracker_Latest_Workspace\Solar_Project\lpc_board_nxp_lpcxpresso_1549\Debug\liblpc_board_nxp_lpcxpresso_1549.a(board_sysinit.o)
 .rodata.swmSetup
                0x00002ca4        0x6 C:\Users\Lauri\Documents\MCUXpressoIDE_10.2.1_795\workspace\Solar_Tracker_Latest_Workspace\Solar_Project\lpc_board_nxp_lpcxpresso_1549\Debug\liblpc_board_nxp_lpcxpresso_1549.a(board_sysinit.o)
 *fill*         0x00002caa        0x2 ff
 .rodata        0x00002cac       0x28 C:\Users\Lauri\Documents\MCUXpressoIDE_10.2.1_795\workspace\Solar_Tracker_Latest_Workspace\Solar_Project\FreeRTOS\Debug\libFreeRTOS.a(tasks.o)
                0x00002cc4                FreeRTOSDebugConfig
                0x00002cd4                . = ALIGN (0x4)
                0x00002cd4                . = ALIGN (0x4)
 *(.init)
 .init          0x00002cd4        0x4 c:/nxp/mcuxpressoide_10.2.1_795/ide/tools/bin/../lib/gcc/arm-none-eabi/7.2.1/thumb/v7-m\crti.o
                0x00002cd4                _init
 .init          0x00002cd8        0x8 c:/nxp/mcuxpressoide_10.2.1_795/ide/tools/bin/../lib/gcc/arm-none-eabi/7.2.1/thumb/v7-m\crtn.o
                0x00002ce0                . = ALIGN (0x4)
                0x00002ce0                __preinit_array_start = .
 *(.preinit_array)
                0x00002ce0                __preinit_array_end = .
                0x00002ce0                . = ALIGN (0x4)
                0x00002ce0                __init_array_start = .
 *(SORT_BY_NAME(.init_array.*))
 *(.init_array)
 .init_array    0x00002ce0        0x4 c:/nxp/mcuxpressoide_10.2.1_795/ide/tools/bin/../lib/gcc/arm-none-eabi/7.2.1/thumb/v7-m\crtbegin.o
                0x00002ce4                __init_array_end = .
 *(.fini)
 .fini          0x00002ce4        0x4 c:/nxp/mcuxpressoide_10.2.1_795/ide/tools/bin/../lib/gcc/arm-none-eabi/7.2.1/thumb/v7-m\crti.o
                0x00002ce4                _fini
 .fini          0x00002ce8        0x8 c:/nxp/mcuxpressoide_10.2.1_795/ide/tools/bin/../lib/gcc/arm-none-eabi/7.2.1/thumb/v7-m\crtn.o
                0x00002cf0                . = ALIGN (0x4)
 *crtbegin.o(.ctors)
 *(EXCLUDE_FILE(*crtend.o) .ctors)
 *(SORT_BY_NAME(.ctors.*))
 *crtend.o(.ctors)
                0x00002cf0                . = ALIGN (0x4)
 *crtbegin.o(.dtors)
 *(EXCLUDE_FILE(*crtend.o) .dtors)
 *(SORT_BY_NAME(.dtors.*))
 *crtend.o(.dtors)
                0x00002cf0                . = ALIGN (0x4)

.glue_7         0x00002cf0        0x0
 .glue_7        0x00002cf0        0x0 linker stubs

.glue_7t        0x00002cf0        0x0
 .glue_7t       0x00002cf0        0x0 linker stubs

.vfp11_veneer   0x00002cf0        0x0
 .vfp11_veneer  0x00002cf0        0x0 linker stubs

.v4_bx          0x00002cf0        0x0
 .v4_bx         0x00002cf0        0x0 linker stubs

.iplt           0x00002cf0        0x0
 .iplt          0x00002cf0        0x0 ./src/PavelIoPin.o

.ARM.extab
 *(.ARM.extab* .gnu.linkonce.armextab.*)
                0x00002cf0                __exidx_start = .

.ARM.exidx      0x00002cf0        0x8
 *(.ARM.exidx* .gnu.linkonce.armexidx.*)
 .ARM.exidx     0x00002cf0        0x8 c:/nxp/mcuxpressoide_10.2.1_795/ide/tools/bin/../lib/gcc/arm-none-eabi/7.2.1/thumb/v7-m\libgcc.a(_udivmoddi4.o)
                0x00002cf8                __exidx_end = .
                0x00002cf8                _etext = .

.rel.dyn        0x00002cf8        0x0
 .rel.iplt      0x00002cf8        0x0 ./src/PavelIoPin.o

.eh_frame       0x00002cf8        0x0
 .eh_frame      0x00002cf8        0x0 c:/nxp/mcuxpressoide_10.2.1_795/ide/tools/bin/../lib/gcc/arm-none-eabi/7.2.1/thumb/v7-m\crtbegin.o

.data_RAM2      0x02008000        0x0 load address 0x00002cf8
 FILL mask 0xff
                [!provide]                PROVIDE (__start_data_RAM2, .)
 *(.ramfunc.$RAM2)
 *(.ramfunc.$Ram2_4)
 *(.data.$RAM2*)
 *(.data.$Ram2_4*)
                0x02008000                . = ALIGN (0x4)
                [!provide]                PROVIDE (__end_data_RAM2, .)

.uninit_RESERVED
                0x02000000        0x0
 *(.bss.$RESERVED*)
                0x02000000                . = ALIGN (0x4)
                0x02000000                _end_uninit_RESERVED = .

.data           0x02000000       0x68 load address 0x00002cf8
 FILL mask 0xff
                0x02000000                _data = .
 *(vtable)
 *(.ramfunc*)
 *(.data*)
 .data.uxCriticalNesting
                0x02000000        0x4 C:\Users\Lauri\Documents\MCUXpressoIDE_10.2.1_795\workspace\Solar_Tracker_Latest_Workspace\Solar_Project\FreeRTOS\Debug\libFreeRTOS.a(port.o)
 .data._impure_ptr
                0x02000004        0x4 c:/nxp/mcuxpressoide_10.2.1_795/ide/tools/bin/../lib/gcc/arm-none-eabi/7.2.1/../../../../arm-none-eabi/lib/thumb/v7-m\libc_nano.a(lib_a-impure.o)
                0x02000004                _impure_ptr
 .data.impure_data
                0x02000008       0x60 c:/nxp/mcuxpressoide_10.2.1_795/ide/tools/bin/../lib/gcc/arm-none-eabi/7.2.1/../../../../arm-none-eabi/lib/thumb/v7-m\libc_nano.a(lib_a-impure.o)
                0x02000068                . = ALIGN (0x4)
                0x02000068                _edata = .

.igot.plt       0x02000068        0x0 load address 0x00002d60
 .igot.plt      0x02000068        0x0 ./src/PavelIoPin.o

.bss_RAM2       0x02008000        0x0
                [!provide]                PROVIDE (__start_bss_RAM2, .)
 *(.bss.$RAM2*)
 *(.bss.$Ram2_4*)
                0x02008000                . = ALIGN ((. != 0x0)?0x4:0x1)
                [!provide]                PROVIDE (__end_bss_RAM2, .)

.bss            0x02000068      0x18c
                0x02000068                _bss = .
 *(.bss*)
 .bss._ZL7rxring1
                0x02000068        0x4 ./src/SerialPort.o
 .bss._ZL7txring1
                0x0200006c        0x4 ./src/SerialPort.o
 .bss.RIT_count
                0x02000070        0x4 ./src/pavel_main.o
                0x02000070                RIT_count
 .bss.sbRIT     0x02000074        0x4 ./src/pavel_main.o
                0x02000074                sbRIT
 .bss.move      0x02000078        0x1 ./src/pavel_main.o
                0x02000078                move
 *fill*         0x02000079        0x3 
 .bss.STEP      0x0200007c        0x4 ./src/pavel_main.o
                0x0200007c                STEP
 .bss.DIR       0x02000080        0x4 ./src/pavel_main.o
                0x02000080                DIR
 .bss.pxCurrentTCB
                0x02000084        0x4 C:\Users\Lauri\Documents\MCUXpressoIDE_10.2.1_795\workspace\Solar_Tracker_Latest_Workspace\Solar_Project\FreeRTOS\Debug\libFreeRTOS.a(tasks.o)
                0x02000084                pxCurrentTCB
 .bss.pxReadyTasksLists
                0x02000088       0xa0 C:\Users\Lauri\Documents\MCUXpressoIDE_10.2.1_795\workspace\Solar_Tracker_Latest_Workspace\Solar_Project\FreeRTOS\Debug\libFreeRTOS.a(tasks.o)
 .bss.xDelayedTaskList1
                0x02000128       0x14 C:\Users\Lauri\Documents\MCUXpressoIDE_10.2.1_795\workspace\Solar_Tracker_Latest_Workspace\Solar_Project\FreeRTOS\Debug\libFreeRTOS.a(tasks.o)
 .bss.xDelayedTaskList2
                0x0200013c       0x14 C:\Users\Lauri\Documents\MCUXpressoIDE_10.2.1_795\workspace\Solar_Tracker_Latest_Workspace\Solar_Project\FreeRTOS\Debug\libFreeRTOS.a(tasks.o)
 .bss.pxDelayedTaskList
                0x02000150        0x4 C:\Users\Lauri\Documents\MCUXpressoIDE_10.2.1_795\workspace\Solar_Tracker_Latest_Workspace\Solar_Project\FreeRTOS\Debug\libFreeRTOS.a(tasks.o)
 .bss.pxOverflowDelayedTaskList
                0x02000154        0x4 C:\Users\Lauri\Documents\MCUXpressoIDE_10.2.1_795\workspace\Solar_Tracker_Latest_Workspace\Solar_Project\FreeRTOS\Debug\libFreeRTOS.a(tasks.o)
 .bss.xPendingReadyList
                0x02000158       0x14 C:\Users\Lauri\Documents\MCUXpressoIDE_10.2.1_795\workspace\Solar_Tracker_Latest_Workspace\Solar_Project\FreeRTOS\Debug\libFreeRTOS.a(tasks.o)
 .bss.xTasksWaitingTermination
                0x0200016c       0x14 C:\Users\Lauri\Documents\MCUXpressoIDE_10.2.1_795\workspace\Solar_Tracker_Latest_Workspace\Solar_Project\FreeRTOS\Debug\libFreeRTOS.a(tasks.o)
 .bss.uxDeletedTasksWaitingCleanUp
                0x02000180        0x4 C:\Users\Lauri\Documents\MCUXpressoIDE_10.2.1_795\workspace\Solar_Tracker_Latest_Workspace\Solar_Project\FreeRTOS\Debug\libFreeRTOS.a(tasks.o)
 .bss.xSuspendedTaskList
                0x02000184       0x14 C:\Users\Lauri\Documents\MCUXpressoIDE_10.2.1_795\workspace\Solar_Tracker_Latest_Workspace\Solar_Project\FreeRTOS\Debug\libFreeRTOS.a(tasks.o)
 .bss.uxCurrentNumberOfTasks
                0x02000198        0x4 C:\Users\Lauri\Documents\MCUXpressoIDE_10.2.1_795\workspace\Solar_Tracker_Latest_Workspace\Solar_Project\FreeRTOS\Debug\libFreeRTOS.a(tasks.o)
 .bss.xTickCount
                0x0200019c        0x4 C:\Users\Lauri\Documents\MCUXpressoIDE_10.2.1_795\workspace\Solar_Tracker_Latest_Workspace\Solar_Project\FreeRTOS\Debug\libFreeRTOS.a(tasks.o)
 .bss.uxTopReadyPriority
                0x020001a0        0x4 C:\Users\Lauri\Documents\MCUXpressoIDE_10.2.1_795\workspace\Solar_Tracker_Latest_Workspace\Solar_Project\FreeRTOS\Debug\libFreeRTOS.a(tasks.o)
 .bss.xSchedulerRunning
                0x020001a4        0x4 C:\Users\Lauri\Documents\MCUXpressoIDE_10.2.1_795\workspace\Solar_Tracker_Latest_Workspace\Solar_Project\FreeRTOS\Debug\libFreeRTOS.a(tasks.o)
 .bss.uxPendedTicks
                0x020001a8        0x4 C:\Users\Lauri\Documents\MCUXpressoIDE_10.2.1_795\workspace\Solar_Tracker_Latest_Workspace\Solar_Project\FreeRTOS\Debug\libFreeRTOS.a(tasks.o)
 .bss.xYieldPending
                0x020001ac        0x4 C:\Users\Lauri\Documents\MCUXpressoIDE_10.2.1_795\workspace\Solar_Tracker_Latest_Workspace\Solar_Project\FreeRTOS\Debug\libFreeRTOS.a(tasks.o)
 .bss.xNumOfOverflows
                0x020001b0        0x4 C:\Users\Lauri\Documents\MCUXpressoIDE_10.2.1_795\workspace\Solar_Tracker_Latest_Workspace\Solar_Project\FreeRTOS\Debug\libFreeRTOS.a(tasks.o)
 .bss.uxTaskNumber
                0x020001b4        0x4 C:\Users\Lauri\Documents\MCUXpressoIDE_10.2.1_795\workspace\Solar_Tracker_Latest_Workspace\Solar_Project\FreeRTOS\Debug\libFreeRTOS.a(tasks.o)
 .bss.xNextTaskUnblockTime
                0x020001b8        0x4 C:\Users\Lauri\Documents\MCUXpressoIDE_10.2.1_795\workspace\Solar_Tracker_Latest_Workspace\Solar_Project\FreeRTOS\Debug\libFreeRTOS.a(tasks.o)
 .bss.xIdleTaskHandle
                0x020001bc        0x4 C:\Users\Lauri\Documents\MCUXpressoIDE_10.2.1_795\workspace\Solar_Tracker_Latest_Workspace\Solar_Project\FreeRTOS\Debug\libFreeRTOS.a(tasks.o)
 .bss.uxSchedulerSuspended
                0x020001c0        0x4 C:\Users\Lauri\Documents\MCUXpressoIDE_10.2.1_795\workspace\Solar_Tracker_Latest_Workspace\Solar_Project\FreeRTOS\Debug\libFreeRTOS.a(tasks.o)
 .bss.__malloc_free_list
                0x020001c4        0x4 c:/nxp/mcuxpressoide_10.2.1_795/ide/tools/bin/../lib/gcc/arm-none-eabi/7.2.1/../../../../arm-none-eabi/lib/thumb/v7-m\libc_nano.a(lib_a-nano-mallocr.o)
                0x020001c4                __malloc_free_list
 .bss.__malloc_sbrk_start
                0x020001c8        0x4 c:/nxp/mcuxpressoide_10.2.1_795/ide/tools/bin/../lib/gcc/arm-none-eabi/7.2.1/../../../../arm-none-eabi/lib/thumb/v7-m\libc_nano.a(lib_a-nano-mallocr.o)
                0x020001c8                __malloc_sbrk_start
 .bss.__end_of_heap
                0x020001cc        0x4 c:/nxp/mcuxpressoide_10.2.1_795/ide/tools/bin/../lib/gcc/arm-none-eabi/7.2.1/../../../../arm-none-eabi/lib/thumb/v7-m\libcr_newlib_nohost.a(_cr_sbrk.o)
                0x020001cc                __end_of_heap
 .bss           0x020001d0       0x1c c:/nxp/mcuxpressoide_10.2.1_795/ide/tools/bin/../lib/gcc/arm-none-eabi/7.2.1/thumb/v7-m\crtbegin.o
 *(COMMON)
 COMMON         0x020001ec        0x4 C:\Users\Lauri\Documents\MCUXpressoIDE_10.2.1_795\workspace\Solar_Tracker_Latest_Workspace\Solar_Project\lpc_chip_15xx\Debug\liblpc_chip_15xx.a(chip_15xx.o)
                0x020001ec                SystemCoreClock
 COMMON         0x020001f0        0x4 c:/nxp/mcuxpressoide_10.2.1_795/ide/tools/bin/../lib/gcc/arm-none-eabi/7.2.1/../../../../arm-none-eabi/lib/thumb/v7-m\libc_nano.a(lib_a-reent.o)
                0x020001f0                errno
                0x020001f4                . = ALIGN (0x4)
                0x020001f4                _ebss = .
                [!provide]                PROVIDE (end, .)

.noinit_RAM2    0x02008000        0x0
 *(.noinit.$RAM2*)
 *(.noinit.$Ram2_4*)
                0x02008000                . = ALIGN (0x4)

.noinit         0x020001f4        0x0
                0x020001f4                _noinit = .
 *(.noinit*)
                0x020001f4                . = ALIGN (0x4)
                0x020001f4                _end_noinit = .
                0x020001f4                PROVIDE (_pvHeapStart, DEFINED (__user_heap_base)?__user_heap_base:.)
                0x02008000                PROVIDE (_vStackTop, DEFINED (__user_stack_top)?__user_stack_top:(__top_Ram0_16_32 - 0x0))
                0xfdff735a                PROVIDE (__valid_user_code_checksum, (0x0 - ((((((_vStackTop + (ResetISR + 0x1)) + (NMI_Handler + 0x1)) + (HardFault_Handler + 0x1)) + (DEFINED (MemManage_Handler)?MemManage_Handler:0x0 + 0x1)) + (DEFINED (BusFault_Handler)?BusFault_Handler:0x0 + 0x1)) + (DEFINED (UsageFault_Handler)?UsageFault_Handler:0x0 + 0x1))))
                0x00000000                _image_start = LOADADDR (.text)
                0x00002d60                _image_end = (LOADADDR (.data) + SIZEOF (.data))
                0x00002d60                _image_size = (_image_end - _image_start)
OUTPUT(Solar.axf elf32-littlearm)

.debug_info     0x00000000    0x1a7e4
 .debug_info    0x00000000      0x69c ./src/PavelIoPin.o
 .debug_info    0x0000069c     0x1588 ./src/SerialPort.o
 .debug_info    0x00001c24     0x109f ./src/cr_cpp_config.o
 .debug_info    0x00002cc3      0x27e ./src/cr_startup_lpc15xx.o
 .debug_info    0x00002f41     0x7fb5 ./src/pavel_main.o
 .debug_info    0x0000aef6      0x96c ./src/sysinit.o
 .debug_info    0x0000b862     0x135e C:\Users\Lauri\Documents\MCUXpressoIDE_10.2.1_795\workspace\Solar_Tracker_Latest_Workspace\Solar_Project\lpc_board_nxp_lpcxpresso_1549\Debug\liblpc_board_nxp_lpcxpresso_1549.a(board.o)
 .debug_info    0x0000cbc0     0x150a C:\Users\Lauri\Documents\MCUXpressoIDE_10.2.1_795\workspace\Solar_Tracker_Latest_Workspace\Solar_Project\lpc_board_nxp_lpcxpresso_1549\Debug\liblpc_board_nxp_lpcxpresso_1549.a(board_sysinit.o)
 .debug_info    0x0000e0ca      0x9dd C:\Users\Lauri\Documents\MCUXpressoIDE_10.2.1_795\workspace\Solar_Tracker_Latest_Workspace\Solar_Project\lpc_chip_15xx\Debug\liblpc_chip_15xx.a(chip_15xx.o)
 .debug_info    0x0000eaa7      0xd9e C:\Users\Lauri\Documents\MCUXpressoIDE_10.2.1_795\workspace\Solar_Tracker_Latest_Workspace\Solar_Project\lpc_chip_15xx\Debug\liblpc_chip_15xx.a(clock_15xx.o)
 .debug_info    0x0000f845      0x688 C:\Users\Lauri\Documents\MCUXpressoIDE_10.2.1_795\workspace\Solar_Tracker_Latest_Workspace\Solar_Project\lpc_chip_15xx\Debug\liblpc_chip_15xx.a(gpio_15xx.o)
 .debug_info    0x0000fecd      0x279 C:\Users\Lauri\Documents\MCUXpressoIDE_10.2.1_795\workspace\Solar_Tracker_Latest_Workspace\Solar_Project\lpc_chip_15xx\Debug\liblpc_chip_15xx.a(iocon_15xx.o)
 .debug_info    0x00010146      0xb7a C:\Users\Lauri\Documents\MCUXpressoIDE_10.2.1_795\workspace\Solar_Tracker_Latest_Workspace\Solar_Project\lpc_chip_15xx\Debug\liblpc_chip_15xx.a(ring_buffer.o)
 .debug_info    0x00010cc0      0x623 C:\Users\Lauri\Documents\MCUXpressoIDE_10.2.1_795\workspace\Solar_Tracker_Latest_Workspace\Solar_Project\lpc_chip_15xx\Debug\liblpc_chip_15xx.a(ritimer_15xx.o)
 .debug_info    0x000112e3      0x66c C:\Users\Lauri\Documents\MCUXpressoIDE_10.2.1_795\workspace\Solar_Tracker_Latest_Workspace\Solar_Project\lpc_chip_15xx\Debug\liblpc_chip_15xx.a(swm_15xx.o)
 .debug_info    0x0001194f      0x79f C:\Users\Lauri\Documents\MCUXpressoIDE_10.2.1_795\workspace\Solar_Tracker_Latest_Workspace\Solar_Project\lpc_chip_15xx\Debug\liblpc_chip_15xx.a(sysctl_15xx.o)
 .debug_info    0x000120ee      0x778 C:\Users\Lauri\Documents\MCUXpressoIDE_10.2.1_795\workspace\Solar_Tracker_Latest_Workspace\Solar_Project\lpc_chip_15xx\Debug\liblpc_chip_15xx.a(sysinit_15xx.o)
 .debug_info    0x00012866      0x955 C:\Users\Lauri\Documents\MCUXpressoIDE_10.2.1_795\workspace\Solar_Tracker_Latest_Workspace\Solar_Project\lpc_chip_15xx\Debug\liblpc_chip_15xx.a(uart_15xx.o)
 .debug_info    0x000131bb     0x1a59 C:\Users\Lauri\Documents\MCUXpressoIDE_10.2.1_795\workspace\Solar_Tracker_Latest_Workspace\Solar_Project\FreeRTOS\Debug\libFreeRTOS.a(queue.o)
 .debug_info    0x00014c14     0x2591 C:\Users\Lauri\Documents\MCUXpressoIDE_10.2.1_795\workspace\Solar_Tracker_Latest_Workspace\Solar_Project\FreeRTOS\Debug\libFreeRTOS.a(tasks.o)
 .debug_info    0x000171a5      0x9d7 C:\Users\Lauri\Documents\MCUXpressoIDE_10.2.1_795\workspace\Solar_Tracker_Latest_Workspace\Solar_Project\FreeRTOS\Debug\libFreeRTOS.a(heap_3.o)
 .debug_info    0x00017b7c      0xca4 C:\Users\Lauri\Documents\MCUXpressoIDE_10.2.1_795\workspace\Solar_Tracker_Latest_Workspace\Solar_Project\FreeRTOS\Debug\libFreeRTOS.a(port.o)
 .debug_info    0x00018820      0xa85 C:\Users\Lauri\Documents\MCUXpressoIDE_10.2.1_795\workspace\Solar_Tracker_Latest_Workspace\Solar_Project\FreeRTOS\Debug\libFreeRTOS.a(FreeRTOSCommonHooks.o)
 .debug_info    0x000192a5      0xb76 C:\Users\Lauri\Documents\MCUXpressoIDE_10.2.1_795\workspace\Solar_Tracker_Latest_Workspace\Solar_Project\FreeRTOS\Debug\libFreeRTOS.a(list.o)
 .debug_info    0x00019e1b      0x95f c:/nxp/mcuxpressoide_10.2.1_795/ide/tools/bin/../lib/gcc/arm-none-eabi/7.2.1/../../../../arm-none-eabi/lib/thumb/v7-m\libcr_newlib_nohost.a(_cr_sbrk.o)
 .debug_info    0x0001a77a       0x6a c:/nxp/mcuxpressoide_10.2.1_795/ide/tools/bin/../lib/gcc/arm-none-eabi/7.2.1/../../../../arm-none-eabi/lib/thumb/v7-m\libcr_newlib_nohost.a(_cr_check_heap.o)

.debug_abbrev   0x00000000     0x4165
 .debug_abbrev  0x00000000      0x283 ./src/PavelIoPin.o
 .debug_abbrev  0x00000283      0x3f8 ./src/SerialPort.o
 .debug_abbrev  0x0000067b      0x32c ./src/cr_cpp_config.o
 .debug_abbrev  0x000009a7      0x106 ./src/cr_startup_lpc15xx.o
 .debug_abbrev  0x00000aad      0xa62 ./src/pavel_main.o
 .debug_abbrev  0x0000150f      0x1b1 ./src/sysinit.o
 .debug_abbrev  0x000016c0      0x32b C:\Users\Lauri\Documents\MCUXpressoIDE_10.2.1_795\workspace\Solar_Tracker_Latest_Workspace\Solar_Project\lpc_board_nxp_lpcxpresso_1549\Debug\liblpc_board_nxp_lpcxpresso_1549.a(board.o)
 .debug_abbrev  0x000019eb      0x2fa C:\Users\Lauri\Documents\MCUXpressoIDE_10.2.1_795\workspace\Solar_Tracker_Latest_Workspace\Solar_Project\lpc_board_nxp_lpcxpresso_1549\Debug\liblpc_board_nxp_lpcxpresso_1549.a(board_sysinit.o)
 .debug_abbrev  0x00001ce5      0x1c0 C:\Users\Lauri\Documents\MCUXpressoIDE_10.2.1_795\workspace\Solar_Tracker_Latest_Workspace\Solar_Project\lpc_chip_15xx\Debug\liblpc_chip_15xx.a(chip_15xx.o)
 .debug_abbrev  0x00001ea5      0x2ac C:\Users\Lauri\Documents\MCUXpressoIDE_10.2.1_795\workspace\Solar_Tracker_Latest_Workspace\Solar_Project\lpc_chip_15xx\Debug\liblpc_chip_15xx.a(clock_15xx.o)
 .debug_abbrev  0x00002151      0x188 C:\Users\Lauri\Documents\MCUXpressoIDE_10.2.1_795\workspace\Solar_Tracker_Latest_Workspace\Solar_Project\lpc_chip_15xx\Debug\liblpc_chip_15xx.a(gpio_15xx.o)
 .debug_abbrev  0x000022d9      0x144 C:\Users\Lauri\Documents\MCUXpressoIDE_10.2.1_795\workspace\Solar_Tracker_Latest_Workspace\Solar_Project\lpc_chip_15xx\Debug\liblpc_chip_15xx.a(iocon_15xx.o)
 .debug_abbrev  0x0000241d      0x246 C:\Users\Lauri\Documents\MCUXpressoIDE_10.2.1_795\workspace\Solar_Tracker_Latest_Workspace\Solar_Project\lpc_chip_15xx\Debug\liblpc_chip_15xx.a(ring_buffer.o)
 .debug_abbrev  0x00002663      0x188 C:\Users\Lauri\Documents\MCUXpressoIDE_10.2.1_795\workspace\Solar_Tracker_Latest_Workspace\Solar_Project\lpc_chip_15xx\Debug\liblpc_chip_15xx.a(ritimer_15xx.o)
 .debug_abbrev  0x000027eb      0x165 C:\Users\Lauri\Documents\MCUXpressoIDE_10.2.1_795\workspace\Solar_Tracker_Latest_Workspace\Solar_Project\lpc_chip_15xx\Debug\liblpc_chip_15xx.a(swm_15xx.o)
 .debug_abbrev  0x00002950      0x13a C:\Users\Lauri\Documents\MCUXpressoIDE_10.2.1_795\workspace\Solar_Tracker_Latest_Workspace\Solar_Project\lpc_chip_15xx\Debug\liblpc_chip_15xx.a(sysctl_15xx.o)
 .debug_abbrev  0x00002a8a      0x1b5 C:\Users\Lauri\Documents\MCUXpressoIDE_10.2.1_795\workspace\Solar_Tracker_Latest_Workspace\Solar_Project\lpc_chip_15xx\Debug\liblpc_chip_15xx.a(sysinit_15xx.o)
 .debug_abbrev  0x00002c3f      0x1fa C:\Users\Lauri\Documents\MCUXpressoIDE_10.2.1_795\workspace\Solar_Tracker_Latest_Workspace\Solar_Project\lpc_chip_15xx\Debug\liblpc_chip_15xx.a(uart_15xx.o)
 .debug_abbrev  0x00002e39      0x36a C:\Users\Lauri\Documents\MCUXpressoIDE_10.2.1_795\workspace\Solar_Tracker_Latest_Workspace\Solar_Project\FreeRTOS\Debug\libFreeRTOS.a(queue.o)
 .debug_abbrev  0x000031a3      0x398 C:\Users\Lauri\Documents\MCUXpressoIDE_10.2.1_795\workspace\Solar_Tracker_Latest_Workspace\Solar_Project\FreeRTOS\Debug\libFreeRTOS.a(tasks.o)
 .debug_abbrev  0x0000353b      0x214 C:\Users\Lauri\Documents\MCUXpressoIDE_10.2.1_795\workspace\Solar_Tracker_Latest_Workspace\Solar_Project\FreeRTOS\Debug\libFreeRTOS.a(heap_3.o)
 .debug_abbrev  0x0000374f      0x31d C:\Users\Lauri\Documents\MCUXpressoIDE_10.2.1_795\workspace\Solar_Tracker_Latest_Workspace\Solar_Project\FreeRTOS\Debug\libFreeRTOS.a(port.o)
 .debug_abbrev  0x00003a6c      0x26f C:\Users\Lauri\Documents\MCUXpressoIDE_10.2.1_795\workspace\Solar_Tracker_Latest_Workspace\Solar_Project\FreeRTOS\Debug\libFreeRTOS.a(FreeRTOSCommonHooks.o)
 .debug_abbrev  0x00003cdb      0x205 C:\Users\Lauri\Documents\MCUXpressoIDE_10.2.1_795\workspace\Solar_Tracker_Latest_Workspace\Solar_Project\FreeRTOS\Debug\libFreeRTOS.a(list.o)
 .debug_abbrev  0x00003ee0      0x223 c:/nxp/mcuxpressoide_10.2.1_795/ide/tools/bin/../lib/gcc/arm-none-eabi/7.2.1/../../../../arm-none-eabi/lib/thumb/v7-m\libcr_newlib_nohost.a(_cr_sbrk.o)
 .debug_abbrev  0x00004103       0x62 c:/nxp/mcuxpressoide_10.2.1_795/ide/tools/bin/../lib/gcc/arm-none-eabi/7.2.1/../../../../arm-none-eabi/lib/thumb/v7-m\libcr_newlib_nohost.a(_cr_check_heap.o)

.debug_aranges  0x00000000     0x1030
 .debug_aranges
                0x00000000       0x68 ./src/PavelIoPin.o
 .debug_aranges
                0x00000068       0xb8 ./src/SerialPort.o
 .debug_aranges
                0x00000120       0x48 ./src/cr_cpp_config.o
 .debug_aranges
                0x00000168       0x80 ./src/cr_startup_lpc15xx.o
 .debug_aranges
                0x000001e8      0x3e8 ./src/pavel_main.o
 .debug_aranges
                0x000005d0       0x20 ./src/sysinit.o
 .debug_aranges
                0x000005f0       0xd0 C:\Users\Lauri\Documents\MCUXpressoIDE_10.2.1_795\workspace\Solar_Tracker_Latest_Workspace\Solar_Project\lpc_board_nxp_lpcxpresso_1549\Debug\liblpc_board_nxp_lpcxpresso_1549.a(board.o)
 .debug_aranges
                0x000006c0       0x60 C:\Users\Lauri\Documents\MCUXpressoIDE_10.2.1_795\workspace\Solar_Tracker_Latest_Workspace\Solar_Project\lpc_board_nxp_lpcxpresso_1549\Debug\liblpc_board_nxp_lpcxpresso_1549.a(board_sysinit.o)
 .debug_aranges
                0x00000720       0x50 C:\Users\Lauri\Documents\MCUXpressoIDE_10.2.1_795\workspace\Solar_Tracker_Latest_Workspace\Solar_Project\lpc_chip_15xx\Debug\liblpc_chip_15xx.a(chip_15xx.o)
 .debug_aranges
                0x00000770      0x128 C:\Users\Lauri\Documents\MCUXpressoIDE_10.2.1_795\workspace\Solar_Tracker_Latest_Workspace\Solar_Project\lpc_chip_15xx\Debug\liblpc_chip_15xx.a(clock_15xx.o)
 .debug_aranges
                0x00000898       0x70 C:\Users\Lauri\Documents\MCUXpressoIDE_10.2.1_795\workspace\Solar_Tracker_Latest_Workspace\Solar_Project\lpc_chip_15xx\Debug\liblpc_chip_15xx.a(gpio_15xx.o)
 .debug_aranges
                0x00000908       0x28 C:\Users\Lauri\Documents\MCUXpressoIDE_10.2.1_795\workspace\Solar_Tracker_Latest_Workspace\Solar_Project\lpc_chip_15xx\Debug\liblpc_chip_15xx.a(iocon_15xx.o)
 .debug_aranges
                0x00000930       0x60 C:\Users\Lauri\Documents\MCUXpressoIDE_10.2.1_795\workspace\Solar_Tracker_Latest_Workspace\Solar_Project\lpc_chip_15xx\Debug\liblpc_chip_15xx.a(ring_buffer.o)
 .debug_aranges
                0x00000990       0x80 C:\Users\Lauri\Documents\MCUXpressoIDE_10.2.1_795\workspace\Solar_Tracker_Latest_Workspace\Solar_Project\lpc_chip_15xx\Debug\liblpc_chip_15xx.a(ritimer_15xx.o)
 .debug_aranges
                0x00000a10       0x40 C:\Users\Lauri\Documents\MCUXpressoIDE_10.2.1_795\workspace\Solar_Tracker_Latest_Workspace\Solar_Project\lpc_chip_15xx\Debug\liblpc_chip_15xx.a(swm_15xx.o)
 .debug_aranges
                0x00000a50       0x50 C:\Users\Lauri\Documents\MCUXpressoIDE_10.2.1_795\workspace\Solar_Tracker_Latest_Workspace\Solar_Project\lpc_chip_15xx\Debug\liblpc_chip_15xx.a(sysctl_15xx.o)
 .debug_aranges
                0x00000aa0       0x58 C:\Users\Lauri\Documents\MCUXpressoIDE_10.2.1_795\workspace\Solar_Tracker_Latest_Workspace\Solar_Project\lpc_chip_15xx\Debug\liblpc_chip_15xx.a(sysinit_15xx.o)
 .debug_aranges
                0x00000af8       0xc8 C:\Users\Lauri\Documents\MCUXpressoIDE_10.2.1_795\workspace\Solar_Tracker_Latest_Workspace\Solar_Project\lpc_chip_15xx\Debug\liblpc_chip_15xx.a(uart_15xx.o)
 .debug_aranges
                0x00000bc0      0x128 C:\Users\Lauri\Documents\MCUXpressoIDE_10.2.1_795\workspace\Solar_Tracker_Latest_Workspace\Solar_Project\FreeRTOS\Debug\libFreeRTOS.a(queue.o)
 .debug_aranges
                0x00000ce8      0x1f0 C:\Users\Lauri\Documents\MCUXpressoIDE_10.2.1_795\workspace\Solar_Tracker_Latest_Workspace\Solar_Project\FreeRTOS\Debug\libFreeRTOS.a(tasks.o)
 .debug_aranges
                0x00000ed8       0x28 C:\Users\Lauri\Documents\MCUXpressoIDE_10.2.1_795\workspace\Solar_Tracker_Latest_Workspace\Solar_Project\FreeRTOS\Debug\libFreeRTOS.a(heap_3.o)
 .debug_aranges
                0x00000f00       0x70 C:\Users\Lauri\Documents\MCUXpressoIDE_10.2.1_795\workspace\Solar_Tracker_Latest_Workspace\Solar_Project\FreeRTOS\Debug\libFreeRTOS.a(port.o)
 .debug_aranges
                0x00000f70       0x40 C:\Users\Lauri\Documents\MCUXpressoIDE_10.2.1_795\workspace\Solar_Tracker_Latest_Workspace\Solar_Project\FreeRTOS\Debug\libFreeRTOS.a(FreeRTOSCommonHooks.o)
 .debug_aranges
                0x00000fb0       0x40 C:\Users\Lauri\Documents\MCUXpressoIDE_10.2.1_795\workspace\Solar_Tracker_Latest_Workspace\Solar_Project\FreeRTOS\Debug\libFreeRTOS.a(list.o)
 .debug_aranges
                0x00000ff0       0x20 c:/nxp/mcuxpressoide_10.2.1_795/ide/tools/bin/../lib/gcc/arm-none-eabi/7.2.1/../../../../arm-none-eabi/lib/thumb/v7-m\libcr_newlib_nohost.a(_cr_sbrk.o)
 .debug_aranges
                0x00001010       0x20 c:/nxp/mcuxpressoide_10.2.1_795/ide/tools/bin/../lib/gcc/arm-none-eabi/7.2.1/../../../../arm-none-eabi/lib/thumb/v7-m\libcr_newlib_nohost.a(_cr_check_heap.o)

.debug_ranges   0x00000000      0xea8
 .debug_ranges  0x00000000       0x58 ./src/PavelIoPin.o
 .debug_ranges  0x00000058       0xa8 ./src/SerialPort.o
 .debug_ranges  0x00000100       0x38 ./src/cr_cpp_config.o
 .debug_ranges  0x00000138       0x70 ./src/cr_startup_lpc15xx.o
 .debug_ranges  0x000001a8      0x3d8 ./src/pavel_main.o
 .debug_ranges  0x00000580       0x10 ./src/sysinit.o
 .debug_ranges  0x00000590       0xd8 C:\Users\Lauri\Documents\MCUXpressoIDE_10.2.1_795\workspace\Solar_Tracker_Latest_Workspace\Solar_Project\lpc_board_nxp_lpcxpresso_1549\Debug\liblpc_board_nxp_lpcxpresso_1549.a(board.o)
 .debug_ranges  0x00000668       0x50 C:\Users\Lauri\Documents\MCUXpressoIDE_10.2.1_795\workspace\Solar_Tracker_Latest_Workspace\Solar_Project\lpc_board_nxp_lpcxpresso_1549\Debug\liblpc_board_nxp_lpcxpresso_1549.a(board_sysinit.o)
 .debug_ranges  0x000006b8       0x40 C:\Users\Lauri\Documents\MCUXpressoIDE_10.2.1_795\workspace\Solar_Tracker_Latest_Workspace\Solar_Project\lpc_chip_15xx\Debug\liblpc_chip_15xx.a(chip_15xx.o)
 .debug_ranges  0x000006f8      0x118 C:\Users\Lauri\Documents\MCUXpressoIDE_10.2.1_795\workspace\Solar_Tracker_Latest_Workspace\Solar_Project\lpc_chip_15xx\Debug\liblpc_chip_15xx.a(clock_15xx.o)
 .debug_ranges  0x00000810       0x60 C:\Users\Lauri\Documents\MCUXpressoIDE_10.2.1_795\workspace\Solar_Tracker_Latest_Workspace\Solar_Project\lpc_chip_15xx\Debug\liblpc_chip_15xx.a(gpio_15xx.o)
 .debug_ranges  0x00000870       0x18 C:\Users\Lauri\Documents\MCUXpressoIDE_10.2.1_795\workspace\Solar_Tracker_Latest_Workspace\Solar_Project\lpc_chip_15xx\Debug\liblpc_chip_15xx.a(iocon_15xx.o)
 .debug_ranges  0x00000888       0x50 C:\Users\Lauri\Documents\MCUXpressoIDE_10.2.1_795\workspace\Solar_Tracker_Latest_Workspace\Solar_Project\lpc_chip_15xx\Debug\liblpc_chip_15xx.a(ring_buffer.o)
 .debug_ranges  0x000008d8       0x70 C:\Users\Lauri\Documents\MCUXpressoIDE_10.2.1_795\workspace\Solar_Tracker_Latest_Workspace\Solar_Project\lpc_chip_15xx\Debug\liblpc_chip_15xx.a(ritimer_15xx.o)
 .debug_ranges  0x00000948       0x30 C:\Users\Lauri\Documents\MCUXpressoIDE_10.2.1_795\workspace\Solar_Tracker_Latest_Workspace\Solar_Project\lpc_chip_15xx\Debug\liblpc_chip_15xx.a(swm_15xx.o)
 .debug_ranges  0x00000978       0x40 C:\Users\Lauri\Documents\MCUXpressoIDE_10.2.1_795\workspace\Solar_Tracker_Latest_Workspace\Solar_Project\lpc_chip_15xx\Debug\liblpc_chip_15xx.a(sysctl_15xx.o)
 .debug_ranges  0x000009b8       0x48 C:\Users\Lauri\Documents\MCUXpressoIDE_10.2.1_795\workspace\Solar_Tracker_Latest_Workspace\Solar_Project\lpc_chip_15xx\Debug\liblpc_chip_15xx.a(sysinit_15xx.o)
 .debug_ranges  0x00000a00       0xb8 C:\Users\Lauri\Documents\MCUXpressoIDE_10.2.1_795\workspace\Solar_Tracker_Latest_Workspace\Solar_Project\lpc_chip_15xx\Debug\liblpc_chip_15xx.a(uart_15xx.o)
 .debug_ranges  0x00000ab8      0x118 C:\Users\Lauri\Documents\MCUXpressoIDE_10.2.1_795\workspace\Solar_Tracker_Latest_Workspace\Solar_Project\FreeRTOS\Debug\libFreeRTOS.a(queue.o)
 .debug_ranges  0x00000bd0      0x1e0 C:\Users\Lauri\Documents\MCUXpressoIDE_10.2.1_795\workspace\Solar_Tracker_Latest_Workspace\Solar_Project\FreeRTOS\Debug\libFreeRTOS.a(tasks.o)
 .debug_ranges  0x00000db0       0x18 C:\Users\Lauri\Documents\MCUXpressoIDE_10.2.1_795\workspace\Solar_Tracker_Latest_Workspace\Solar_Project\FreeRTOS\Debug\libFreeRTOS.a(heap_3.o)
 .debug_ranges  0x00000dc8       0x60 C:\Users\Lauri\Documents\MCUXpressoIDE_10.2.1_795\workspace\Solar_Tracker_Latest_Workspace\Solar_Project\FreeRTOS\Debug\libFreeRTOS.a(port.o)
 .debug_ranges  0x00000e28       0x30 C:\Users\Lauri\Documents\MCUXpressoIDE_10.2.1_795\workspace\Solar_Tracker_Latest_Workspace\Solar_Project\FreeRTOS\Debug\libFreeRTOS.a(FreeRTOSCommonHooks.o)
 .debug_ranges  0x00000e58       0x30 C:\Users\Lauri\Documents\MCUXpressoIDE_10.2.1_795\workspace\Solar_Tracker_Latest_Workspace\Solar_Project\FreeRTOS\Debug\libFreeRTOS.a(list.o)
 .debug_ranges  0x00000e88       0x10 c:/nxp/mcuxpressoide_10.2.1_795/ide/tools/bin/../lib/gcc/arm-none-eabi/7.2.1/../../../../arm-none-eabi/lib/thumb/v7-m\libcr_newlib_nohost.a(_cr_sbrk.o)
 .debug_ranges  0x00000e98       0x10 c:/nxp/mcuxpressoide_10.2.1_795/ide/tools/bin/../lib/gcc/arm-none-eabi/7.2.1/../../../../arm-none-eabi/lib/thumb/v7-m\libcr_newlib_nohost.a(_cr_check_heap.o)

.debug_macro    0x00000000     0x8b59
 .debug_macro   0x00000000      0x26f ./src/PavelIoPin.o
 .debug_macro   0x0000026f      0x39d ./src/SerialPort.o
 .debug_macro   0x0000060c      0x137 ./src/cr_cpp_config.o
 .debug_macro   0x00000743      0x10e ./src/cr_cpp_config.o
 .debug_macro   0x00000851       0x94 ./src/cr_cpp_config.o
 .debug_macro   0x000008e5       0x23 ./src/cr_startup_lpc15xx.o
 .debug_macro   0x00000908      0x7dc ./src/pavel_main.o
 .debug_macro   0x000010e4       0x22 ./src/pavel_main.o
 .debug_macro   0x00001106       0x2c ./src/pavel_main.o
 .debug_macro   0x00001132       0x10 ./src/pavel_main.o
 .debug_macro   0x00001142      0x118 ./src/pavel_main.o
 .debug_macro   0x0000125a      0x15a ./src/pavel_main.o
 .debug_macro   0x000013b4       0xd6 ./src/pavel_main.o
 .debug_macro   0x0000148a       0x10 ./src/pavel_main.o
 .debug_macro   0x0000149a       0x1f ./src/pavel_main.o
 .debug_macro   0x000014b9       0x16 ./src/pavel_main.o
 .debug_macro   0x000014cf      0x46b ./src/pavel_main.o
 .debug_macro   0x0000193a       0xb5 ./src/pavel_main.o
 .debug_macro   0x000019ef       0x8c ./src/pavel_main.o
 .debug_macro   0x00001a7b       0x86 ./src/pavel_main.o
 .debug_macro   0x00001b01       0x7e ./src/pavel_main.o
 .debug_macro   0x00001b7f       0x17 ./src/pavel_main.o
 .debug_macro   0x00001b96      0x376 ./src/sysinit.o
 .debug_macro   0x00001f0c       0x22 ./src/sysinit.o
 .debug_macro   0x00001f2e      0xa7d ./src/sysinit.o
 .debug_macro   0x000029ab       0x9c ./src/sysinit.o
 .debug_macro   0x00002a47       0x97 ./src/sysinit.o
 .debug_macro   0x00002ade      0x330 ./src/sysinit.o
 .debug_macro   0x00002e0e       0xfd ./src/sysinit.o
 .debug_macro   0x00002f0b       0x43 ./src/sysinit.o
 .debug_macro   0x00002f4e      0x129 ./src/sysinit.o
 .debug_macro   0x00003077      0x3f3 C:\Users\Lauri\Documents\MCUXpressoIDE_10.2.1_795\workspace\Solar_Tracker_Latest_Workspace\Solar_Project\lpc_board_nxp_lpcxpresso_1549\Debug\liblpc_board_nxp_lpcxpresso_1549.a(board.o)
 .debug_macro   0x0000346a      0xa6c C:\Users\Lauri\Documents\MCUXpressoIDE_10.2.1_795\workspace\Solar_Tracker_Latest_Workspace\Solar_Project\lpc_board_nxp_lpcxpresso_1549\Debug\liblpc_board_nxp_lpcxpresso_1549.a(board.o)
 .debug_macro   0x00003ed6       0x87 C:\Users\Lauri\Documents\MCUXpressoIDE_10.2.1_795\workspace\Solar_Tracker_Latest_Workspace\Solar_Project\lpc_board_nxp_lpcxpresso_1549\Debug\liblpc_board_nxp_lpcxpresso_1549.a(board.o)
 .debug_macro   0x00003f5d       0x1c C:\Users\Lauri\Documents\MCUXpressoIDE_10.2.1_795\workspace\Solar_Tracker_Latest_Workspace\Solar_Project\lpc_board_nxp_lpcxpresso_1549\Debug\liblpc_board_nxp_lpcxpresso_1549.a(board.o)
 .debug_macro   0x00003f79       0x52 C:\Users\Lauri\Documents\MCUXpressoIDE_10.2.1_795\workspace\Solar_Tracker_Latest_Workspace\Solar_Project\lpc_board_nxp_lpcxpresso_1549\Debug\liblpc_board_nxp_lpcxpresso_1549.a(board.o)
 .debug_macro   0x00003fcb       0x40 C:\Users\Lauri\Documents\MCUXpressoIDE_10.2.1_795\workspace\Solar_Tracker_Latest_Workspace\Solar_Project\lpc_board_nxp_lpcxpresso_1549\Debug\liblpc_board_nxp_lpcxpresso_1549.a(board.o)
 .debug_macro   0x0000400b       0x10 C:\Users\Lauri\Documents\MCUXpressoIDE_10.2.1_795\workspace\Solar_Tracker_Latest_Workspace\Solar_Project\lpc_board_nxp_lpcxpresso_1549\Debug\liblpc_board_nxp_lpcxpresso_1549.a(board.o)
 .debug_macro   0x0000401b       0x40 C:\Users\Lauri\Documents\MCUXpressoIDE_10.2.1_795\workspace\Solar_Tracker_Latest_Workspace\Solar_Project\lpc_board_nxp_lpcxpresso_1549\Debug\liblpc_board_nxp_lpcxpresso_1549.a(board.o)
 .debug_macro   0x0000405b       0xd7 C:\Users\Lauri\Documents\MCUXpressoIDE_10.2.1_795\workspace\Solar_Tracker_Latest_Workspace\Solar_Project\lpc_board_nxp_lpcxpresso_1549\Debug\liblpc_board_nxp_lpcxpresso_1549.a(board.o)
 .debug_macro   0x00004132       0x1c C:\Users\Lauri\Documents\MCUXpressoIDE_10.2.1_795\workspace\Solar_Tracker_Latest_Workspace\Solar_Project\lpc_board_nxp_lpcxpresso_1549\Debug\liblpc_board_nxp_lpcxpresso_1549.a(board.o)
 .debug_macro   0x0000414e       0x3d C:\Users\Lauri\Documents\MCUXpressoIDE_10.2.1_795\workspace\Solar_Tracker_Latest_Workspace\Solar_Project\lpc_board_nxp_lpcxpresso_1549\Debug\liblpc_board_nxp_lpcxpresso_1549.a(board.o)
 .debug_macro   0x0000418b      0x16f C:\Users\Lauri\Documents\MCUXpressoIDE_10.2.1_795\workspace\Solar_Tracker_Latest_Workspace\Solar_Project\lpc_board_nxp_lpcxpresso_1549\Debug\liblpc_board_nxp_lpcxpresso_1549.a(board.o)
 .debug_macro   0x000042fa       0x12 C:\Users\Lauri\Documents\MCUXpressoIDE_10.2.1_795\workspace\Solar_Tracker_Latest_Workspace\Solar_Project\lpc_board_nxp_lpcxpresso_1549\Debug\liblpc_board_nxp_lpcxpresso_1549.a(board.o)
 .debug_macro   0x0000430c      0x414 C:\Users\Lauri\Documents\MCUXpressoIDE_10.2.1_795\workspace\Solar_Tracker_Latest_Workspace\Solar_Project\lpc_board_nxp_lpcxpresso_1549\Debug\liblpc_board_nxp_lpcxpresso_1549.a(board_sysinit.o)
 .debug_macro   0x00004720       0x16 C:\Users\Lauri\Documents\MCUXpressoIDE_10.2.1_795\workspace\Solar_Tracker_Latest_Workspace\Solar_Project\lpc_board_nxp_lpcxpresso_1549\Debug\liblpc_board_nxp_lpcxpresso_1549.a(board_sysinit.o)
 .debug_macro   0x00004736       0x35 C:\Users\Lauri\Documents\MCUXpressoIDE_10.2.1_795\workspace\Solar_Tracker_Latest_Workspace\Solar_Project\lpc_board_nxp_lpcxpresso_1549\Debug\liblpc_board_nxp_lpcxpresso_1549.a(board_sysinit.o)
 .debug_macro   0x0000476b      0x260 C:\Users\Lauri\Documents\MCUXpressoIDE_10.2.1_795\workspace\Solar_Tracker_Latest_Workspace\Solar_Project\lpc_chip_15xx\Debug\liblpc_chip_15xx.a(chip_15xx.o)
 .debug_macro   0x000049cb      0x260 C:\Users\Lauri\Documents\MCUXpressoIDE_10.2.1_795\workspace\Solar_Tracker_Latest_Workspace\Solar_Project\lpc_chip_15xx\Debug\liblpc_chip_15xx.a(clock_15xx.o)
 .debug_macro   0x00004c2b      0x260 C:\Users\Lauri\Documents\MCUXpressoIDE_10.2.1_795\workspace\Solar_Tracker_Latest_Workspace\Solar_Project\lpc_chip_15xx\Debug\liblpc_chip_15xx.a(gpio_15xx.o)
 .debug_macro   0x00004e8b      0x260 C:\Users\Lauri\Documents\MCUXpressoIDE_10.2.1_795\workspace\Solar_Tracker_Latest_Workspace\Solar_Project\lpc_chip_15xx\Debug\liblpc_chip_15xx.a(iocon_15xx.o)
 .debug_macro   0x000050eb      0x151 C:\Users\Lauri\Documents\MCUXpressoIDE_10.2.1_795\workspace\Solar_Tracker_Latest_Workspace\Solar_Project\lpc_chip_15xx\Debug\liblpc_chip_15xx.a(ring_buffer.o)
 .debug_macro   0x0000523c       0x8d C:\Users\Lauri\Documents\MCUXpressoIDE_10.2.1_795\workspace\Solar_Tracker_Latest_Workspace\Solar_Project\lpc_chip_15xx\Debug\liblpc_chip_15xx.a(ring_buffer.o)
 .debug_macro   0x000052c9      0x174 C:\Users\Lauri\Documents\MCUXpressoIDE_10.2.1_795\workspace\Solar_Tracker_Latest_Workspace\Solar_Project\lpc_chip_15xx\Debug\liblpc_chip_15xx.a(ring_buffer.o)
 .debug_macro   0x0000543d       0x10 C:\Users\Lauri\Documents\MCUXpressoIDE_10.2.1_795\workspace\Solar_Tracker_Latest_Workspace\Solar_Project\lpc_chip_15xx\Debug\liblpc_chip_15xx.a(ring_buffer.o)
 .debug_macro   0x0000544d       0x10 C:\Users\Lauri\Documents\MCUXpressoIDE_10.2.1_795\workspace\Solar_Tracker_Latest_Workspace\Solar_Project\lpc_chip_15xx\Debug\liblpc_chip_15xx.a(ring_buffer.o)
 .debug_macro   0x0000545d      0x260 C:\Users\Lauri\Documents\MCUXpressoIDE_10.2.1_795\workspace\Solar_Tracker_Latest_Workspace\Solar_Project\lpc_chip_15xx\Debug\liblpc_chip_15xx.a(ritimer_15xx.o)
 .debug_macro   0x000056bd      0x26c C:\Users\Lauri\Documents\MCUXpressoIDE_10.2.1_795\workspace\Solar_Tracker_Latest_Workspace\Solar_Project\lpc_chip_15xx\Debug\liblpc_chip_15xx.a(swm_15xx.o)
 .debug_macro   0x00005929      0x278 C:\Users\Lauri\Documents\MCUXpressoIDE_10.2.1_795\workspace\Solar_Tracker_Latest_Workspace\Solar_Project\lpc_chip_15xx\Debug\liblpc_chip_15xx.a(sysctl_15xx.o)
 .debug_macro   0x00005ba1      0x260 C:\Users\Lauri\Documents\MCUXpressoIDE_10.2.1_795\workspace\Solar_Tracker_Latest_Workspace\Solar_Project\lpc_chip_15xx\Debug\liblpc_chip_15xx.a(sysinit_15xx.o)
 .debug_macro   0x00005e01      0x260 C:\Users\Lauri\Documents\MCUXpressoIDE_10.2.1_795\workspace\Solar_Tracker_Latest_Workspace\Solar_Project\lpc_chip_15xx\Debug\liblpc_chip_15xx.a(uart_15xx.o)
 .debug_macro   0x00006061      0x4fc C:\Users\Lauri\Documents\MCUXpressoIDE_10.2.1_795\workspace\Solar_Tracker_Latest_Workspace\Solar_Project\FreeRTOS\Debug\libFreeRTOS.a(queue.o)
 .debug_macro   0x0000655d      0xa72 C:\Users\Lauri\Documents\MCUXpressoIDE_10.2.1_795\workspace\Solar_Tracker_Latest_Workspace\Solar_Project\FreeRTOS\Debug\libFreeRTOS.a(queue.o)
 .debug_macro   0x00006fcf      0x10e C:\Users\Lauri\Documents\MCUXpressoIDE_10.2.1_795\workspace\Solar_Tracker_Latest_Workspace\Solar_Project\FreeRTOS\Debug\libFreeRTOS.a(queue.o)
 .debug_macro   0x000070dd       0x8d C:\Users\Lauri\Documents\MCUXpressoIDE_10.2.1_795\workspace\Solar_Tracker_Latest_Workspace\Solar_Project\FreeRTOS\Debug\libFreeRTOS.a(queue.o)
 .debug_macro   0x0000716a       0x16 C:\Users\Lauri\Documents\MCUXpressoIDE_10.2.1_795\workspace\Solar_Tracker_Latest_Workspace\Solar_Project\FreeRTOS\Debug\libFreeRTOS.a(queue.o)
 .debug_macro   0x00007180       0x29 C:\Users\Lauri\Documents\MCUXpressoIDE_10.2.1_795\workspace\Solar_Tracker_Latest_Workspace\Solar_Project\FreeRTOS\Debug\libFreeRTOS.a(queue.o)
 .debug_macro   0x000071a9      0x112 C:\Users\Lauri\Documents\MCUXpressoIDE_10.2.1_795\workspace\Solar_Tracker_Latest_Workspace\Solar_Project\FreeRTOS\Debug\libFreeRTOS.a(queue.o)
 .debug_macro   0x000072bb      0x574 C:\Users\Lauri\Documents\MCUXpressoIDE_10.2.1_795\workspace\Solar_Tracker_Latest_Workspace\Solar_Project\FreeRTOS\Debug\libFreeRTOS.a(tasks.o)
 .debug_macro   0x0000782f       0x91 C:\Users\Lauri\Documents\MCUXpressoIDE_10.2.1_795\workspace\Solar_Tracker_Latest_Workspace\Solar_Project\FreeRTOS\Debug\libFreeRTOS.a(tasks.o)
 .debug_macro   0x000078c0       0x10 C:\Users\Lauri\Documents\MCUXpressoIDE_10.2.1_795\workspace\Solar_Tracker_Latest_Workspace\Solar_Project\FreeRTOS\Debug\libFreeRTOS.a(tasks.o)
 .debug_macro   0x000078d0       0x16 C:\Users\Lauri\Documents\MCUXpressoIDE_10.2.1_795\workspace\Solar_Tracker_Latest_Workspace\Solar_Project\FreeRTOS\Debug\libFreeRTOS.a(tasks.o)
 .debug_macro   0x000078e6      0x491 C:\Users\Lauri\Documents\MCUXpressoIDE_10.2.1_795\workspace\Solar_Tracker_Latest_Workspace\Solar_Project\FreeRTOS\Debug\libFreeRTOS.a(heap_3.o)
 .debug_macro   0x00007d77      0x4ff C:\Users\Lauri\Documents\MCUXpressoIDE_10.2.1_795\workspace\Solar_Tracker_Latest_Workspace\Solar_Project\FreeRTOS\Debug\libFreeRTOS.a(port.o)
 .debug_macro   0x00008276      0x46d C:\Users\Lauri\Documents\MCUXpressoIDE_10.2.1_795\workspace\Solar_Tracker_Latest_Workspace\Solar_Project\FreeRTOS\Debug\libFreeRTOS.a(FreeRTOSCommonHooks.o)
 .debug_macro   0x000086e3      0x476 C:\Users\Lauri\Documents\MCUXpressoIDE_10.2.1_795\workspace\Solar_Tracker_Latest_Workspace\Solar_Project\FreeRTOS\Debug\libFreeRTOS.a(list.o)

.debug_line     0x00000000     0xcb71
 .debug_line    0x00000000      0x608 ./src/PavelIoPin.o
 .debug_line    0x00000608      0x858 ./src/SerialPort.o
 .debug_line    0x00000e60      0x3e2 ./src/cr_cpp_config.o
 .debug_line    0x00001242       0xd5 ./src/cr_startup_lpc15xx.o
 .debug_line    0x00001317     0x1aef ./src/pavel_main.o
 .debug_line    0x00002e06      0x689 ./src/sysinit.o
 .debug_line    0x0000348f      0x930 C:\Users\Lauri\Documents\MCUXpressoIDE_10.2.1_795\workspace\Solar_Tracker_Latest_Workspace\Solar_Project\lpc_board_nxp_lpcxpresso_1549\Debug\liblpc_board_nxp_lpcxpresso_1549.a(board.o)
 .debug_line    0x00003dbf      0x804 C:\Users\Lauri\Documents\MCUXpressoIDE_10.2.1_795\workspace\Solar_Tracker_Latest_Workspace\Solar_Project\lpc_board_nxp_lpcxpresso_1549\Debug\liblpc_board_nxp_lpcxpresso_1549.a(board_sysinit.o)
 .debug_line    0x000045c3      0x5af C:\Users\Lauri\Documents\MCUXpressoIDE_10.2.1_795\workspace\Solar_Tracker_Latest_Workspace\Solar_Project\lpc_chip_15xx\Debug\liblpc_chip_15xx.a(chip_15xx.o)
 .debug_line    0x00004b72      0x803 C:\Users\Lauri\Documents\MCUXpressoIDE_10.2.1_795\workspace\Solar_Tracker_Latest_Workspace\Solar_Project\lpc_chip_15xx\Debug\liblpc_chip_15xx.a(clock_15xx.o)
 .debug_line    0x00005375      0x607 C:\Users\Lauri\Documents\MCUXpressoIDE_10.2.1_795\workspace\Solar_Tracker_Latest_Workspace\Solar_Project\lpc_chip_15xx\Debug\liblpc_chip_15xx.a(gpio_15xx.o)
 .debug_line    0x0000597c      0x54f C:\Users\Lauri\Documents\MCUXpressoIDE_10.2.1_795\workspace\Solar_Tracker_Latest_Workspace\Solar_Project\lpc_chip_15xx\Debug\liblpc_chip_15xx.a(iocon_15xx.o)
 .debug_line    0x00005ecb      0x3e4 C:\Users\Lauri\Documents\MCUXpressoIDE_10.2.1_795\workspace\Solar_Tracker_Latest_Workspace\Solar_Project\lpc_chip_15xx\Debug\liblpc_chip_15xx.a(ring_buffer.o)
 .debug_line    0x000062af      0x62f C:\Users\Lauri\Documents\MCUXpressoIDE_10.2.1_795\workspace\Solar_Tracker_Latest_Workspace\Solar_Project\lpc_chip_15xx\Debug\liblpc_chip_15xx.a(ritimer_15xx.o)
 .debug_line    0x000068de      0x57a C:\Users\Lauri\Documents\MCUXpressoIDE_10.2.1_795\workspace\Solar_Tracker_Latest_Workspace\Solar_Project\lpc_chip_15xx\Debug\liblpc_chip_15xx.a(swm_15xx.o)
 .debug_line    0x00006e58      0x5b1 C:\Users\Lauri\Documents\MCUXpressoIDE_10.2.1_795\workspace\Solar_Tracker_Latest_Workspace\Solar_Project\lpc_chip_15xx\Debug\liblpc_chip_15xx.a(sysctl_15xx.o)
 .debug_line    0x00007409      0x5e4 C:\Users\Lauri\Documents\MCUXpressoIDE_10.2.1_795\workspace\Solar_Tracker_Latest_Workspace\Solar_Project\lpc_chip_15xx\Debug\liblpc_chip_15xx.a(sysinit_15xx.o)
 .debug_line    0x000079ed      0x729 C:\Users\Lauri\Documents\MCUXpressoIDE_10.2.1_795\workspace\Solar_Tracker_Latest_Workspace\Solar_Project\lpc_chip_15xx\Debug\liblpc_chip_15xx.a(uart_15xx.o)
 .debug_line    0x00008116      0xe7d C:\Users\Lauri\Documents\MCUXpressoIDE_10.2.1_795\workspace\Solar_Tracker_Latest_Workspace\Solar_Project\FreeRTOS\Debug\libFreeRTOS.a(queue.o)
 .debug_line    0x00008f93     0x13af C:\Users\Lauri\Documents\MCUXpressoIDE_10.2.1_795\workspace\Solar_Tracker_Latest_Workspace\Solar_Project\FreeRTOS\Debug\libFreeRTOS.a(tasks.o)
 .debug_line    0x0000a342      0x958 C:\Users\Lauri\Documents\MCUXpressoIDE_10.2.1_795\workspace\Solar_Tracker_Latest_Workspace\Solar_Project\FreeRTOS\Debug\libFreeRTOS.a(heap_3.o)
 .debug_line    0x0000ac9a      0xa32 C:\Users\Lauri\Documents\MCUXpressoIDE_10.2.1_795\workspace\Solar_Tracker_Latest_Workspace\Solar_Project\FreeRTOS\Debug\libFreeRTOS.a(port.o)
 .debug_line    0x0000b6cc      0x99f C:\Users\Lauri\Documents\MCUXpressoIDE_10.2.1_795\workspace\Solar_Tracker_Latest_Workspace\Solar_Project\FreeRTOS\Debug\libFreeRTOS.a(FreeRTOSCommonHooks.o)
 .debug_line    0x0000c06b      0x994 C:\Users\Lauri\Documents\MCUXpressoIDE_10.2.1_795\workspace\Solar_Tracker_Latest_Workspace\Solar_Project\FreeRTOS\Debug\libFreeRTOS.a(list.o)
 .debug_line    0x0000c9ff      0x125 c:/nxp/mcuxpressoide_10.2.1_795/ide/tools/bin/../lib/gcc/arm-none-eabi/7.2.1/../../../../arm-none-eabi/lib/thumb/v7-m\libcr_newlib_nohost.a(_cr_sbrk.o)
 .debug_line    0x0000cb24       0x4d c:/nxp/mcuxpressoide_10.2.1_795/ide/tools/bin/../lib/gcc/arm-none-eabi/7.2.1/../../../../arm-none-eabi/lib/thumb/v7-m\libcr_newlib_nohost.a(_cr_check_heap.o)

.debug_str      0x00000000    0x26d46
 .debug_str     0x00000000     0xf547 ./src/PavelIoPin.o
                               0xf733 (size before relaxing)
 .debug_str     0x0000f547     0x430b ./src/SerialPort.o
                              0x13a48 (size before relaxing)
 .debug_str     0x00013852     0x19ad ./src/cr_cpp_config.o
                               0x7e05 (size before relaxing)
 .debug_str     0x000151ff      0x1f2 ./src/cr_startup_lpc15xx.o
                               0x324c (size before relaxing)
 .debug_str     0x000153f1     0xb3c1 ./src/pavel_main.o
                              0x209ff (size before relaxing)
 .debug_str     0x000207b2      0x2df ./src/sysinit.o
                              0x129e2 (size before relaxing)
 .debug_str     0x00020a91     0x10d9 C:\Users\Lauri\Documents\MCUXpressoIDE_10.2.1_795\workspace\Solar_Tracker_Latest_Workspace\Solar_Project\lpc_board_nxp_lpcxpresso_1549\Debug\liblpc_board_nxp_lpcxpresso_1549.a(board.o)
                              0x13f8a (size before relaxing)
 .debug_str     0x00021b6a      0x863 C:\Users\Lauri\Documents\MCUXpressoIDE_10.2.1_795\workspace\Solar_Tracker_Latest_Workspace\Solar_Project\lpc_board_nxp_lpcxpresso_1549\Debug\liblpc_board_nxp_lpcxpresso_1549.a(board_sysinit.o)
                              0x145ba (size before relaxing)
 .debug_str     0x000223cd      0x179 C:\Users\Lauri\Documents\MCUXpressoIDE_10.2.1_795\workspace\Solar_Tracker_Latest_Workspace\Solar_Project\lpc_chip_15xx\Debug\liblpc_chip_15xx.a(chip_15xx.o)
                               0xfcd4 (size before relaxing)
 .debug_str     0x00022546      0x894 C:\Users\Lauri\Documents\MCUXpressoIDE_10.2.1_795\workspace\Solar_Tracker_Latest_Workspace\Solar_Project\lpc_chip_15xx\Debug\liblpc_chip_15xx.a(clock_15xx.o)
                              0x100ef (size before relaxing)
 .debug_str     0x00022dda       0xdf C:\Users\Lauri\Documents\MCUXpressoIDE_10.2.1_795\workspace\Solar_Tracker_Latest_Workspace\Solar_Project\lpc_chip_15xx\Debug\liblpc_chip_15xx.a(gpio_15xx.o)
                               0xf791 (size before relaxing)