Archive member included to satisfy reference by file (symbol)

C:\Users\Lauri\Documents\MCUXpressoIDE_10.2.1_795\workspace\Solar_Tracker_Latest_Workspace\Solar_Project\lpc_board_nxp_lpcxpresso_1549\Debug\liblpc_board_nxp_lpcxpresso_1549.a(board.o)
                              ./src/pavel_main.o (Board_UARTPutSTR)
C:\Users\Lauri\Documents\MCUXpressoIDE_10.2.1_795\workspace\Solar_Tracker_Latest_Workspace\Solar_Project\lpc_board_nxp_lpcxpresso_1549\Debug\liblpc_board_nxp_lpcxpresso_1549.a(board_sysinit.o)
                              ./src/sysinit.o (Board_SystemInit)
C:\Users\Lauri\Documents\MCUXpressoIDE_10.2.1_795\workspace\Solar_Tracker_Latest_Workspace\Solar_Project\lpc_chip_15xx\Debug\liblpc_chip_15xx.a(chip_15xx.o)
                              ./src/pavel_main.o (SystemCoreClockUpdate)
C:\Users\Lauri\Documents\MCUXpressoIDE_10.2.1_795\workspace\Solar_Tracker_Latest_Workspace\Solar_Project\lpc_chip_15xx\Debug\liblpc_chip_15xx.a(clock_15xx.o)
                              ./src/SerialPort.o (Chip_Clock_GetMainClockRate)
C:\Users\Lauri\Documents\MCUXpressoIDE_10.2.1_795\workspace\Solar_Tracker_Latest_Workspace\Solar_Project\lpc_chip_15xx\Debug\liblpc_chip_15xx.a(gpio_15xx.o)
                              C:\Users\Lauri\Documents\MCUXpressoIDE_10.2.1_795\workspace\Solar_Tracker_Latest_Workspace\Solar_Project\lpc_board_nxp_lpcxpresso_1549\Debug\liblpc_board_nxp_lpcxpresso_1549.a(board.o) (Chip_GPIO_Init)
C:\Users\Lauri\Documents\MCUXpressoIDE_10.2.1_795\workspace\Solar_Tracker_Latest_Workspace\Solar_Project\lpc_chip_15xx\Debug\liblpc_chip_15xx.a(iocon_15xx.o)
                              C:\Users\Lauri\Documents\MCUXpressoIDE_10.2.1_795\workspace\Solar_Tracker_Latest_Workspace\Solar_Project\lpc_board_nxp_lpcxpresso_1549\Debug\liblpc_board_nxp_lpcxpresso_1549.a(board_sysinit.o) (Chip_IOCON_SetPinMuxing)
C:\Users\Lauri\Documents\MCUXpressoIDE_10.2.1_795\workspace\Solar_Tracker_Latest_Workspace\Solar_Project\lpc_chip_15xx\Debug\liblpc_chip_15xx.a(ring_buffer.o)
                              ./src/SerialPort.o (RingBuffer_Init)
C:\Users\Lauri\Documents\MCUXpressoIDE_10.2.1_795\workspace\Solar_Tracker_Latest_Workspace\Solar_Project\lpc_chip_15xx\Debug\liblpc_chip_15xx.a(ritimer_15xx.o)
                              ./src/pavel_main.o (Chip_RIT_SetCTRL)
C:\Users\Lauri\Documents\MCUXpressoIDE_10.2.1_795\workspace\Solar_Tracker_Latest_Workspace\Solar_Project\lpc_chip_15xx\Debug\liblpc_chip_15xx.a(sct_15xx.o)
                              ./src/pavel_main.o (Chip_SCT_Init)
C:\Users\Lauri\Documents\MCUXpressoIDE_10.2.1_795\workspace\Solar_Tracker_Latest_Workspace\Solar_Project\lpc_chip_15xx\Debug\liblpc_chip_15xx.a(spi_15xx.o)
                              ./src/SPI.o (Chip_SPI_SetConfig)
C:\Users\Lauri\Documents\MCUXpressoIDE_10.2.1_795\workspace\Solar_Tracker_Latest_Workspace\Solar_Project\lpc_chip_15xx\Debug\liblpc_chip_15xx.a(swm_15xx.o)
                              ./src/SPI.o (Chip_SWM_MovablePinAssign)
C:\Users\Lauri\Documents\MCUXpressoIDE_10.2.1_795\workspace\Solar_Tracker_Latest_Workspace\Solar_Project\lpc_chip_15xx\Debug\liblpc_chip_15xx.a(sysctl_15xx.o)
                              C:\Users\Lauri\Documents\MCUXpressoIDE_10.2.1_795\workspace\Solar_Tracker_Latest_Workspace\Solar_Project\lpc_board_nxp_lpcxpresso_1549\Debug\liblpc_board_nxp_lpcxpresso_1549.a(board_sysinit.o) (Chip_SYSCTL_AssertPeriphReset)
C:\Users\Lauri\Documents\MCUXpressoIDE_10.2.1_795\workspace\Solar_Tracker_Latest_Workspace\Solar_Project\lpc_chip_15xx\Debug\liblpc_chip_15xx.a(sysinit_15xx.o)
                              C:\Users\Lauri\Documents\MCUXpressoIDE_10.2.1_795\workspace\Solar_Tracker_Latest_Workspace\Solar_Project\lpc_board_nxp_lpcxpresso_1549\Debug\liblpc_board_nxp_lpcxpresso_1549.a(board_sysinit.o) (Chip_SetupXtalClocking)
C:\Users\Lauri\Documents\MCUXpressoIDE_10.2.1_795\workspace\Solar_Tracker_Latest_Workspace\Solar_Project\lpc_chip_15xx\Debug\liblpc_chip_15xx.a(uart_15xx.o)
                              ./src/SerialPort.o (Chip_UART_Init)
C:\Users\Lauri\Documents\MCUXpressoIDE_10.2.1_795\workspace\Solar_Tracker_Latest_Workspace\Solar_Project\FreeRTOS\Debug\libFreeRTOS.a(queue.o)
                              ./src/pavel_main.o (xQueueGenericCreate)
C:\Users\Lauri\Documents\MCUXpressoIDE_10.2.1_795\workspace\Solar_Tracker_Latest_Workspace\Solar_Project\FreeRTOS\Debug\libFreeRTOS.a(tasks.o)
                              ./src/pavel_main.o (xTaskCreate)
C:\Users\Lauri\Documents\MCUXpressoIDE_10.2.1_795\workspace\Solar_Tracker_Latest_Workspace\Solar_Project\FreeRTOS\Debug\libFreeRTOS.a(heap_3.o)
                              C:\Users\Lauri\Documents\MCUXpressoIDE_10.2.1_795\workspace\Solar_Tracker_Latest_Workspace\Solar_Project\FreeRTOS\Debug\libFreeRTOS.a(queue.o) (pvPortMalloc)
C:\Users\Lauri\Documents\MCUXpressoIDE_10.2.1_795\workspace\Solar_Tracker_Latest_Workspace\Solar_Project\FreeRTOS\Debug\libFreeRTOS.a(port.o)
[...]
Memory Configuration

Name             Origin             Length             Attributes
MFlash256        0x00000000         0x00040000         xr
Ram0_16_32       0x02000000         0x00008000         xrw
Ram2_4           0x02008000         0x00001000         xrw
*default*        0x00000000         0xffffffff

Linker script and memory map

LOAD ./src/LimitedCounter.o
LOAD ./src/MAXIM1249.o
LOAD ./src/PavelIoPin.o
LOAD ./src/RapiData.o
LOAD ./src/SPI.o
LOAD ./src/SerialPort.o
LOAD ./src/cr_cpp_config.o
LOAD ./src/cr_startup_lpc15xx.o
LOAD ./src/crp.o
LOAD ./src/pavel_main.o
LOAD ./src/sysinit.o
LOAD C:\Users\Lauri\Documents\MCUXpressoIDE_10.2.1_795\workspace\Solar_Tracker_Latest_Workspace\Solar_Project\lpc_board_nxp_lpcxpresso_1549\Debug\liblpc_board_nxp_lpcxpresso_1549.a
LOAD C:\Users\Lauri\Documents\MCUXpressoIDE_10.2.1_795\workspace\Solar_Tracker_Latest_Workspace\Solar_Project\lpc_chip_15xx\Debug\liblpc_chip_15xx.a
LOAD C:\Users\Lauri\Documents\MCUXpressoIDE_10.2.1_795\workspace\Solar_Tracker_Latest_Workspace\Solar_Project\FreeRTOS\Debug\libFreeRTOS.a
START GROUP
LOAD c:/nxp/mcuxpressoide_10.2.1_795/ide/tools/bin/../lib/gcc/arm-none-eabi/7.2.1/thumb/v7-m\libgcc.a
LOAD c:/nxp/mcuxpressoide_10.2.1_795/ide/tools/bin/../lib/gcc/arm-none-eabi/7.2.1/../../../../arm-none-eabi/lib/thumb/v7-m\libc_nano.a
LOAD c:/nxp/mcuxpressoide_10.2.1_795/ide/tools/bin/../lib/gcc/arm-none-eabi/7.2.1/../../../../arm-none-eabi/lib/thumb/v7-m\libstdc++_nano.a
LOAD c:/nxp/mcuxpressoide_10.2.1_795/ide/tools/bin/../lib/gcc/arm-none-eabi/7.2.1/../../../../arm-none-eabi/lib/thumb/v7-m\libm.a
LOAD c:/nxp/mcuxpressoide_10.2.1_795/ide/tools/bin/../lib/gcc/arm-none-eabi/7.2.1/../../../../arm-none-eabi/lib/thumb/v7-m\libcr_newlib_nohost.a
LOAD c:/nxp/mcuxpressoide_10.2.1_795/ide/tools/bin/../lib/gcc/arm-none-eabi/7.2.1/thumb/v7-m\crti.o
LOAD c:/nxp/mcuxpressoide_10.2.1_795/ide/tools/bin/../lib/gcc/arm-none-eabi/7.2.1/thumb/v7-m\crtn.o
LOAD c:/nxp/mcuxpressoide_10.2.1_795/ide/tools/bin/../lib/gcc/arm-none-eabi/7.2.1/thumb/v7-m\crtbegin.o
LOAD c:/nxp/mcuxpressoide_10.2.1_795/ide/tools/bin/../lib/gcc/arm-none-eabi/7.2.1/thumb/v7-m\crtend.o
END GROUP
                0x00000000                __base_MFlash256 = 0x0
                0x00000000                __base_Flash = 0x0
                0x00040000                __top_MFlash256 = 0x40000
                0x00040000                __top_Flash = 0x40000
                0x02000000                __base_Ram0_16_32 = 0x2000000
                0x02000000                __base_RAM = 0x2000000
                0x02008000                __top_Ram0_16_32 = 0x2008000
                0x02008000                __top_RAM = 0x2008000
                0x02008000                __base_Ram2_4 = 0x2008000
                0x02008000                __base_RAM2 = 0x2008000
                0x02009000                __top_Ram2_4 = 0x2009000
                0x02009000                __top_RAM2 = 0x2009000

.text           0x00000000     0x3270
 FILL mask 0xff
                0x00000000                __vectors_start__ = ABSOLUTE (.)
 *(.isr_vector)
 .isr_vector    0x00000000       0xfc ./src/cr_startup_lpc15xx.o
                0x00000000                g_pfnVectors
                0x000000fc                . = ALIGN (0x4)
                0x000000fc                __section_table_start = .
                0x000000fc                __data_section_table = .
                0x000000fc        0x4 LONG 0x3278 LOADADDR (.data)
                0x00000100        0x4 LONG 0x2000000 ADDR (.data)
                0x00000104        0x4 LONG 0x68 SIZEOF (.data)
                0x00000108        0x4 LONG 0x3278 LOADADDR (.data_RAM2)
                0x0000010c        0x4 LONG 0x2008000 ADDR (.data_RAM2)
                0x00000110        0x4 LONG 0x0 SIZEOF (.data_RAM2)
                0x00000114                __data_section_table_end = .
                0x00000114                __bss_section_table = .
                0x00000114        0x4 LONG 0x2000068 ADDR (.bss)
                0x00000118        0x4 LONG 0x194 SIZEOF (.bss)
                0x0000011c        0x4 LONG 0x2008000 ADDR (.bss_RAM2)
                0x00000120        0x4 LONG 0x0 SIZEOF (.bss_RAM2)
                0x00000124                __bss_section_table_end = .
                0x00000124                __section_table_end = .
 *(.after_vectors*)
 .after_vectors
                0x00000124      0x140 ./src/cr_startup_lpc15xx.o
                0x00000124                data_init(unsigned int, unsigned int, unsigned int)
                0x00000166                bss_init(unsigned int, unsigned int)
                0x0000019c                ResetISR
                0x00000228                NMI_Handler
                0x0000022e                HardFault_Handler
                0x00000234                MemManage_Handler
                0x0000023a                BusFault_Handler
                0x00000240                UsageFault_Handler
                0x0000024c                DebugMon_Handler
                0x0000025e                UART0_IRQHandler
                0x0000025e                RTC_WAKE_IRQHandler
                0x0000025e                MRT_IRQHandler
                0x0000025e                SPI1_IRQHandler
                0x0000025e                PIN_INT6_IRQHandler
                0x0000025e                IntDefaultHandler
                0x0000025e                PIN_INT4_IRQHandler
                0x0000025e                CAN_IRQHandler
                0x0000025e                RTC_ALARM_IRQHandler
                0x0000025e                ADC1B_IRQHandler
                0x0000025e                ADC1_OVR_IRQHandler
                0x0000025e                USBWakeup_IRQHandler
                0x0000025e                UART2_IRQHandler
                0x0000025e                PIN_INT5_IRQHandler
                0x0000025e                ADC1_THCMP_IRQHandler
                0x0000025e                PIN_INT2_IRQHandler
                0x0000025e                USB_FIQHandler
                0x0000025e                SCT3_IRQHandler
                0x0000025e                PIN_INT7_IRQHandler
                0x0000025e                ADC0_OVR_IRQHandler
                0x0000025e                PIN_INT1_IRQHandler
                0x0000025e                USB_IRQHandler
                0x0000025e                BOD_IRQHandler
                0x0000025e                ADC0B_IRQHandler
                0x0000025e                ACMP0_IRQHandler
                0x0000025e                I2C0_IRQHandler
                0x0000025e                SCT2_IRQHandler
                0x0000025e                WDT_IRQHandler
                0x0000025e                PIN_INT0_IRQHandler
                0x0000025e                QEI_IRQHandler
                0x0000025e                ACMP3_IRQHandler
                0x0000025e                GINT0_IRQHandler
                0x0000025e                DAC_IRQHandler
                0x0000025e                SPI0_IRQHandler
                0x0000025e                EEPROM_IRQHandler
                0x0000025e                ACMP2_IRQHandler
                0x0000025e                SCT1_IRQHandler
                0x0000025e                ADC1A_IRQHandler
                0x0000025e                DMA_IRQHandler
                0x0000025e                PIN_INT3_IRQHandler
                0x0000025e                ACMP1_IRQHandler
                0x0000025e                SCT0_IRQHandler
                0x0000025e                ADC0A_IRQHandler
                0x0000025e                FMC_IRQHandler
                0x0000025e                GINT1_IRQHandler
                0x0000025e                ADC0_THCMP_IRQHandler
 *(.text*)
 .text.Chip_IOCON_PinMuxSet
                0x00000264       0x2c ./src/PavelIoPin.o
 .text.Chip_GPIO_SetPinState
                0x00000290       0x36 ./src/PavelIoPin.o
 .text.Chip_GPIO_GetPinState
                0x000002c6       0x34 ./src/PavelIoPin.o
 .text.Chip_GPIO_SetPinDIROutput
                0x000002fa       0x3c ./src/PavelIoPin.o
 .text.Chip_GPIO_SetPinDIRInput
                0x00000336       0x3e ./src/PavelIoPin.o
 .text._ZN10PavelIoPinC2Eiibbb
                0x00000374      0x11c ./src/PavelIoPin.o
                0x00000374                PavelIoPin::PavelIoPin(int, int, bool, bool, bool)
                0x00000374                PavelIoPin::PavelIoPin(int, int, bool, bool, bool)
 .text._ZN10PavelIoPin4readEv
                0x00000490       0x4a ./src/PavelIoPin.o
                0x00000490                PavelIoPin::read()
 .text._ZN10PavelIoPin5writeEb
                0x000004da       0x48 ./src/PavelIoPin.o
                0x000004da                PavelIoPin::write(bool)
 *fill*         0x00000522        0x2 ff
 .text._ZN10PavelIoPinD2Ev
                0x00000524       0x20 ./src/PavelIoPin.o
                0x00000524                PavelIoPin::~PavelIoPin()
                0x00000524                PavelIoPin::~PavelIoPin()
 .text._ZN10PavelIoPinD0Ev
                0x00000544       0x1e ./src/PavelIoPin.o
                0x00000544                PavelIoPin::~PavelIoPin()
 *fill*         0x00000562        0x2 ff
 .text.UART1_IRQHandler
                0x00000564       0x24 ./src/SerialPort.o
                0x00000564                UART1_IRQHandler
 .text._Znwj    0x00000588       0x18 ./src/cr_cpp_config.o
                0x00000588                operator new(unsigned int)
 .text._ZdlPv   0x000005a0       0x16 ./src/cr_cpp_config.o
                0x000005a0                operator delete(void*)
 *fill*         0x000005b6        0x2 ff
 .text.NVIC_SetPriority
                0x000005b8       0x54 ./src/pavel_main.o
 .text.Chip_SWM_MovablePortPinAssign
                0x0000060c       0x30 ./src/pavel_main.o
 .text.Chip_RIT_Disable
                0x0000063c       0x18 ./src/pavel_main.o
 .text.Chip_RIT_ClearIntStatus
                0x00000654       0x18 ./src/pavel_main.o
 .text.RIT_IRQHandler
                0x0000066c       0x9c ./src/pavel_main.o
                0x0000066c                RIT_IRQHandler
 .text._Z10setupH1PWMv
                0x00000708       0x94 ./src/pavel_main.o
                0x00000708                setupH1PWM()
 .text._Z10setupH2PWMv
                0x0000079c       0x94 ./src/pavel_main.o
                0x0000079c                setupH2PWM()
 .text._Z10setH1Valuei
                0x00000830       0x30 ./src/pavel_main.o
                0x00000830                setH1Value(int)
 .text._Z10setH2Valuei
                0x00000860       0x30 ./src/pavel_main.o
                0x00000860                setH2Value(int)
 .text._ZL16prvSetupHardwarev
                0x00000890       0x2c ./src/pavel_main.o
 .text._ZL14vPWM_test_taskPv
                0x000008bc       0xc8 ./src/pavel_main.o
 .text.main     0x00000984       0xec ./src/pavel_main.o
                0x00000984                main
 .text.SystemInit
                0x00000a70        0xc ./src/sysinit.o
                0x00000a70                SystemInit
 .text.Chip_IOCON_PinMuxSet
                0x00000a7c       0x2c C:\Users\Lauri\Documents\MCUXpressoIDE_10.2.1_795\workspace\Solar_Tracker_Latest_Workspace\Solar_Project\lpc_board_nxp_lpcxpresso_1549\Debug\liblpc_board_nxp_lpcxpresso_1549.a(board.o)
 .text.Chip_SWM_MovablePortPinAssign
                0x00000aa8       0x30 C:\Users\Lauri\Documents\MCUXpressoIDE_10.2.1_795\workspace\Solar_Tracker_Latest_Workspace\Solar_Project\lpc_board_nxp_lpcxpresso_1549\Debug\liblpc_board_nxp_lpcxpresso_1549.a(board.o)
 .text.Chip_GPIO_SetPinState
                0x00000ad8       0x36 C:\Users\Lauri\Documents\MCUXpressoIDE_10.2.1_795\workspace\Solar_Tracker_Latest_Workspace\Solar_Project\lpc_board_nxp_lpcxpresso_1549\Debug\liblpc_board_nxp_lpcxpresso_1549.a(board.o)
 .text.Chip_GPIO_SetPinDIROutput
                0x00000b0e       0x3c C:\Users\Lauri\Documents\MCUXpressoIDE_10.2.1_795\workspace\Solar_Tracker_Latest_Workspace\Solar_Project\lpc_board_nxp_lpcxpresso_1549\Debug\liblpc_board_nxp_lpcxpresso_1549.a(board.o)
 .text.Chip_UART_Enable
                0x00000b4a       0x1e C:\Users\Lauri\Documents\MCUXpressoIDE_10.2.1_795\workspace\Solar_Tracker_Latest_Workspace\Solar_Project\lpc_board_nxp_lpcxpresso_1549\Debug\liblpc_board_nxp_lpcxpresso_1549.a(board.o)
 .text.Chip_UART_TXEnable
                0x00000b68       0x1e C:\Users\Lauri\Documents\MCUXpressoIDE_10.2.1_795\workspace\Solar_Tracker_Latest_Workspace\Solar_Project\lpc_board_nxp_lpcxpresso_1549\Debug\liblpc_board_nxp_lpcxpresso_1549.a(board.o)
 .text.Chip_UART_ConfigData
                0x00000b86       0x28 C:\Users\Lauri\Documents\MCUXpressoIDE_10.2.1_795\workspace\Solar_Tracker_Latest_Workspace\Solar_Project\lpc_board_nxp_lpcxpresso_1549\Debug\liblpc_board_nxp_lpcxpresso_1549.a(board.o)
 *fill*         0x00000bae        0x2 ff
 .text.Board_Debug_Init
                0x00000bb0       0x70 C:\Users\Lauri\Documents\MCUXpressoIDE_10.2.1_795\workspace\Solar_Tracker_Latest_Workspace\Solar_Project\lpc_board_nxp_lpcxpresso_1549\Debug\liblpc_board_nxp_lpcxpresso_1549.a(board.o)
                0x00000bb0                Board_Debug_Init
 .text.Board_LED_Init
                0x00000c20       0x5c C:\Users\Lauri\Documents\MCUXpressoIDE_10.2.1_795\workspace\Solar_Tracker_Latest_Workspace\Solar_Project\lpc_board_nxp_lpcxpresso_1549\Debug\liblpc_board_nxp_lpcxpresso_1549.a(board.o)
 .text.Board_LED_Set
                0x00000c7c       0x54 C:\Users\Lauri\Documents\MCUXpressoIDE_10.2.1_795\workspace\Solar_Tracker_Latest_Workspace\Solar_Project\lpc_board_nxp_lpcxpresso_1549\Debug\liblpc_board_nxp_lpcxpresso_1549.a(board.o)
                0x00000c7c                Board_LED_Set
 .text.Board_Init
                0x00000cd0       0x18 C:\Users\Lauri\Documents\MCUXpressoIDE_10.2.1_795\workspace\Solar_Tracker_Latest_Workspace\Solar_Project\lpc_board_nxp_lpcxpresso_1549\Debug\liblpc_board_nxp_lpcxpresso_1549.a(board.o)
                0x00000cd0                Board_Init
 .text.Chip_SYSCTL_PeriphReset
                0x00000ce8       0x22 C:\Users\Lauri\Documents\MCUXpressoIDE_10.2.1_795\workspace\Solar_Tracker_Latest_Workspace\Solar_Project\lpc_board_nxp_lpcxpresso_1549\Debug\liblpc_board_nxp_lpcxpresso_1549.a(board_sysinit.o)
 *fill*         0x00000d0a        0x2 ff
 .text.Chip_Clock_SetUSBPLLSource
                0x00000d0c       0x20 C:\Users\Lauri\Documents\MCUXpressoIDE_10.2.1_795\workspace\Solar_Tracker_Latest_Workspace\Solar_Project\lpc_board_nxp_lpcxpresso_1549\Debug\liblpc_board_nxp_lpcxpresso_1549.a(board_sysinit.o)
 .text.Chip_Clock_SetupUSBPLL
                0x00000d2c       0x34 C:\Users\Lauri\Documents\MCUXpressoIDE_10.2.1_795\workspace\Solar_Tracker_Latest_Workspace\Solar_Project\lpc_board_nxp_lpcxpresso_1549\Debug\liblpc_board_nxp_lpcxpresso_1549.a(board_sysinit.o)
 .text.Chip_Clock_IsUSBPLLLocked
                0x00000d60       0x24 C:\Users\Lauri\Documents\MCUXpressoIDE_10.2.1_795\workspace\Solar_Tracker_Latest_Workspace\Solar_Project\lpc_board_nxp_lpcxpresso_1549\Debug\liblpc_board_nxp_lpcxpresso_1549.a(board_sysinit.o)
 .text.Chip_Clock_SetSysTickClockDiv
                0x00000d84       0x20 C:\Users\Lauri\Documents\MCUXpressoIDE_10.2.1_795\workspace\Solar_Tracker_Latest_Workspace\Solar_Project\lpc_board_nxp_lpcxpresso_1549\Debug\liblpc_board_nxp_lpcxpresso_1549.a(board_sysinit.o)
 .text.Chip_SWM_MovablePortPinAssign
                0x00000da4       0x30 C:\Users\Lauri\Documents\MCUXpressoIDE_10.2.1_795\workspace\Solar_Tracker_Latest_Workspace\Solar_Project\lpc_board_nxp_lpcxpresso_1549\Debug\liblpc_board_nxp_lpcxpresso_1549.a(board_sysinit.o)
 .text.Board_SetupMuxing
                0x00000dd4       0x80 C:\Users\Lauri\Documents\MCUXpressoIDE_10.2.1_795\workspace\Solar_Tracker_Latest_Workspace\Solar_Project\lpc_board_nxp_lpcxpresso_1549\Debug\liblpc_board_nxp_lpcxpresso_1549.a(board_sysinit.o)
                0x00000dd4                Board_SetupMuxing
 .text.Board_SetupClocking
                0x00000e54       0x3a C:\Users\Lauri\Documents\MCUXpressoIDE_10.2.1_795\workspace\Solar_Tracker_Latest_Workspace\Solar_Project\lpc_board_nxp_lpcxpresso_1549\Debug\liblpc_board_nxp_lpcxpresso_1549.a(board_sysinit.o)
                0x00000e54                Board_SetupClocking
 *fill*         0x00000e8e        0x2 ff
 .text.Board_SystemInit
                0x00000e90       0x1c C:\Users\Lauri\Documents\MCUXpressoIDE_10.2.1_795\workspace\Solar_Tracker_Latest_Workspace\Solar_Project\lpc_board_nxp_lpcxpresso_1549\Debug\liblpc_board_nxp_lpcxpresso_1549.a(board_sysinit.o)
                0x00000e90                Board_SystemInit
 .text.SystemCoreClockUpdate
                0x00000eac       0x18 C:\Users\Lauri\Documents\MCUXpressoIDE_10.2.1_795\workspace\Solar_Tracker_Latest_Workspace\Solar_Project\lpc_chip_15xx\Debug\liblpc_chip_15xx.a(chip_15xx.o)
                0x00000eac                SystemCoreClockUpdate
 .text.Chip_Clock_SetMain_A_ClockSource
                0x00000ec4       0x20 C:\Users\Lauri\Documents\MCUXpressoIDE_10.2.1_795\workspace\Solar_Tracker_Latest_Workspace\Solar_Project\lpc_chip_15xx\Debug\liblpc_chip_15xx.a(clock_15xx.o)
 .text.Chip_Clock_GetMain_A_ClockSource
                0x00000ee4       0x18 C:\Users\Lauri\Documents\MCUXpressoIDE_10.2.1_795\workspace\Solar_Tracker_Latest_Workspace\Solar_Project\lpc_chip_15xx\Debug\liblpc_chip_15xx.a(clock_15xx.o)
 .text.Chip_Clock_SetMain_B_ClockSource
                0x00000efc       0x20 C:\Users\Lauri\Documents\MCUXpressoIDE_10.2.1_795\workspace\Solar_Tracker_Latest_Workspace\Solar_Project\lpc_chip_15xx\Debug\liblpc_chip_15xx.a(clock_15xx.o)
 .text.Chip_Clock_GetMain_B_ClockSource
                0x00000f1c       0x18 C:\Users\Lauri\Documents\MCUXpressoIDE_10.2.1_795\workspace\Solar_Tracker_Latest_Workspace\Solar_Project\lpc_chip_15xx\Debug\liblpc_chip_15xx.a(clock_15xx.o)
 .text.Chip_Clock_SetUARTFRGDivider
                0x00000f34       0x20 C:\Users\Lauri\Documents\MCUXpressoIDE_10.2.1_795\workspace\Solar_Tracker_Latest_Workspace\Solar_Project\lpc_chip_15xx\Debug\liblpc_chip_15xx.a(clock_15xx.o)
 .text.Chip_Clock_GetUARTFRGDivider
                0x00000f54       0x18 C:\Users\Lauri\Documents\MCUXpressoIDE_10.2.1_795\workspace\Solar_Tracker_Latest_Workspace\Solar_Project\lpc_chip_15xx\Debug\liblpc_chip_15xx.a(clock_15xx.o)
 .text.Chip_Clock_GetMainOscRate
                0x00000f6c       0x14 C:\Users\Lauri\Documents\MCUXpressoIDE_10.2.1_795\workspace\Solar_Tracker_Latest_Workspace\Solar_Project\lpc_chip_15xx\Debug\liblpc_chip_15xx.a(clock_15xx.o)
 .text.Chip_Clock_GetIntOscRate
                0x00000f80       0x14 C:\Users\Lauri\Documents\MCUXpressoIDE_10.2.1_795\workspace\Solar_Tracker_Latest_Workspace\Solar_Project\lpc_chip_15xx\Debug\liblpc_chip_15xx.a(clock_15xx.o)
 .text.Chip_Clock_GetRTCOscRate
                0x00000f94       0x14 C:\Users\Lauri\Documents\MCUXpressoIDE_10.2.1_795\workspace\Solar_Tracker_Latest_Workspace\Solar_Project\lpc_chip_15xx\Debug\liblpc_chip_15xx.a(clock_15xx.o)
 .text.Chip_Clock_GetWDTOSCRate
                0x00000fa8       0x14 C:\Users\Lauri\Documents\MCUXpressoIDE_10.2.1_795\workspace\Solar_Tracker_Latest_Workspace\Solar_Project\lpc_chip_15xx\Debug\liblpc_chip_15xx.a(clock_15xx.o)
 .text.Chip_Clock_GetPLLFreq
                0x00000fbc       0x26 C:\Users\Lauri\Documents\MCUXpressoIDE_10.2.1_795\workspace\Solar_Tracker_Latest_Workspace\Solar_Project\lpc_chip_15xx\Debug\liblpc_chip_15xx.a(clock_15xx.o)
 .text.Chip_Clock_GetPLLInClockRate
                0x00000fe2       0x38 C:\Users\Lauri\Documents\MCUXpressoIDE_10.2.1_795\workspace\Solar_Tracker_Latest_Workspace\Solar_Project\lpc_chip_15xx\Debug\liblpc_chip_15xx.a(clock_15xx.o)
 *fill*         0x0000101a        0x2 ff
 .text.Chip_Clock_GetSystemPLLInClockRate
                0x0000101c       0x1c C:\Users\Lauri\Documents\MCUXpressoIDE_10.2.1_795\workspace\Solar_Tracker_Latest_Workspace\Solar_Project\lpc_chip_15xx\Debug\liblpc_chip_15xx.a(clock_15xx.o)
                0x0000101c                Chip_Clock_GetSystemPLLInClockRate
 .text.Chip_Clock_GetSystemPLLOutClockRate
                0x00001038       0x24 C:\Users\Lauri\Documents\MCUXpressoIDE_10.2.1_795\workspace\Solar_Tracker_Latest_Workspace\Solar_Project\lpc_chip_15xx\Debug\liblpc_chip_15xx.a(clock_15xx.o)
                0x00001038                Chip_Clock_GetSystemPLLOutClockRate
 .text.Chip_Clock_GetMain_A_ClockRate
                0x0000105c       0x44 C:\Users\Lauri\Documents\MCUXpressoIDE_10.2.1_795\workspace\Solar_Tracker_Latest_Workspace\Solar_Project\lpc_chip_15xx\Debug\liblpc_chip_15xx.a(clock_15xx.o)
                0x0000105c                Chip_Clock_GetMain_A_ClockRate
 .text.Chip_Clock_GetMain_B_ClockRate
                0x000010a0       0x58 C:\Users\Lauri\Documents\MCUXpressoIDE_10.2.1_795\workspace\Solar_Tracker_Latest_Workspace\Solar_Project\lpc_chip_15xx\Debug\liblpc_chip_15xx.a(clock_15xx.o)
                0x000010a0                Chip_Clock_GetMain_B_ClockRate
 .text.Chip_Clock_SetMainClockSource
                0x000010f8       0x3c C:\Users\Lauri\Documents\MCUXpressoIDE_10.2.1_795\workspace\Solar_Tracker_Latest_Workspace\Solar_Project\lpc_chip_15xx\Debug\liblpc_chip_15xx.a(clock_15xx.o)
                0x000010f8                Chip_Clock_SetMainClockSource
 .text.Chip_Clock_GetMainClockRate
                0x00001134       0x28 C:\Users\Lauri\Documents\MCUXpressoIDE_10.2.1_795\workspace\Solar_Tracker_Latest_Workspace\Solar_Project\lpc_chip_15xx\Debug\liblpc_chip_15xx.a(clock_15xx.o)
                0x00001134                Chip_Clock_GetMainClockRate
 .text.Chip_Clock_EnablePeriphClock
                0x0000115c       0x58 C:\Users\Lauri\Documents\MCUXpressoIDE_10.2.1_795\workspace\Solar_Tracker_Latest_Workspace\Solar_Project\lpc_chip_15xx\Debug\liblpc_chip_15xx.a(clock_15xx.o)
                0x0000115c                Chip_Clock_EnablePeriphClock
 .text.Chip_Clock_GetUARTBaseClockRate
                0x000011b4       0x8c C:\Users\Lauri\Documents\MCUXpressoIDE_10.2.1_795\workspace\Solar_Tracker_Latest_Workspace\Solar_Project\lpc_chip_15xx\Debug\liblpc_chip_15xx.a(clock_15xx.o)
                0x000011b4                Chip_Clock_GetUARTBaseClockRate
 .text.Chip_Clock_SetUARTBaseClockRate
                0x00001240       0xa4 C:\Users\Lauri\Documents\MCUXpressoIDE_10.2.1_795\workspace\Solar_Tracker_Latest_Workspace\Solar_Project\lpc_chip_15xx\Debug\liblpc_chip_15xx.a(clock_15xx.o)
                0x00001240                Chip_Clock_SetUARTBaseClockRate
 .text.Chip_Clock_GetSystemClockRate
                0x000012e4       0x1c C:\Users\Lauri\Documents\MCUXpressoIDE_10.2.1_795\workspace\Solar_Tracker_Latest_Workspace\Solar_Project\lpc_chip_15xx\Debug\liblpc_chip_15xx.a(clock_15xx.o)
                0x000012e4                Chip_Clock_GetSystemClockRate
 .text.Chip_SYSCTL_PeriphReset
                0x00001300       0x22 C:\Users\Lauri\Documents\MCUXpressoIDE_10.2.1_795\workspace\Solar_Tracker_Latest_Workspace\Solar_Project\lpc_chip_15xx\Debug\liblpc_chip_15xx.a(gpio_15xx.o)
 .text.Chip_GPIO_Init
                0x00001322       0x2e C:\Users\Lauri\Documents\MCUXpressoIDE_10.2.1_795\workspace\Solar_Tracker_Latest_Workspace\Solar_Project\lpc_chip_15xx\Debug\liblpc_chip_15xx.a(gpio_15xx.o)
                0x00001322                Chip_GPIO_Init
 .text.Chip_IOCON_PinMuxSet
                0x00001350       0x2c C:\Users\Lauri\Documents\MCUXpressoIDE_10.2.1_795\workspace\Solar_Tracker_Latest_Workspace\Solar_Project\lpc_chip_15xx\Debug\liblpc_chip_15xx.a(iocon_15xx.o)
 .text.Chip_IOCON_SetPinMuxing
                0x0000137c       0x4e C:\Users\Lauri\Documents\MCUXpressoIDE_10.2.1_795\workspace\Solar_Tracker_Latest_Workspace\Solar_Project\lpc_chip_15xx\Debug\liblpc_chip_15xx.a(iocon_15xx.o)
                0x0000137c                Chip_IOCON_SetPinMuxing
 .text.RingBuffer_GetCount
                0x000013ca       0x20 C:\Users\Lauri\Documents\MCUXpressoIDE_10.2.1_795\workspace\Solar_Tracker_Latest_Workspace\Solar_Project\lpc_chip_15xx\Debug\liblpc_chip_15xx.a(ring_buffer.o)
 .text.RingBuffer_IsFull
                0x000013ea       0x26 C:\Users\Lauri\Documents\MCUXpressoIDE_10.2.1_795\workspace\Solar_Tracker_Latest_Workspace\Solar_Project\lpc_chip_15xx\Debug\liblpc_chip_15xx.a(ring_buffer.o)
 .text.RingBuffer_IsEmpty
                0x00001410       0x28 C:\Users\Lauri\Documents\MCUXpressoIDE_10.2.1_795\workspace\Solar_Tracker_Latest_Workspace\Solar_Project\lpc_chip_15xx\Debug\liblpc_chip_15xx.a(ring_buffer.o)
 .text.RingBuffer_Insert
                0x00001438       0x5c C:\Users\Lauri\Documents\MCUXpressoIDE_10.2.1_795\workspace\Solar_Tracker_Latest_Workspace\Solar_Project\lpc_chip_15xx\Debug\liblpc_chip_15xx.a(ring_buffer.o)
                0x00001438                RingBuffer_Insert
 .text.RingBuffer_Pop
                0x00001494       0x5c C:\Users\Lauri\Documents\MCUXpressoIDE_10.2.1_795\workspace\Solar_Tracker_Latest_Workspace\Solar_Project\lpc_chip_15xx\Debug\liblpc_chip_15xx.a(ring_buffer.o)
                0x00001494                RingBuffer_Pop
 .text.Chip_SYSCTL_PeriphReset
                0x000014f0       0x22 C:\Users\Lauri\Documents\MCUXpressoIDE_10.2.1_795\workspace\Solar_Tracker_Latest_Workspace\Solar_Project\lpc_chip_15xx\Debug\liblpc_chip_15xx.a(ritimer_15xx.o)
 .text.Chip_RIT_Init
                0x00001512       0x22 C:\Users\Lauri\Documents\MCUXpressoIDE_10.2.1_795\workspace\Solar_Tracker_Latest_Workspace\Solar_Project\lpc_chip_15xx\Debug\liblpc_chip_15xx.a(ritimer_15xx.o)
                0x00001512                Chip_RIT_Init
 .text.Chip_RIT_SetCTRL
                0x00001534       0x28 C:\Users\Lauri\Documents\MCUXpressoIDE_10.2.1_795\workspace\Solar_Tracker_Latest_Workspace\Solar_Project\lpc_chip_15xx\Debug\liblpc_chip_15xx.a(ritimer_15xx.o)
                0x00001534                Chip_RIT_SetCTRL
 .text.Chip_RIT_ClearCTRL
                0x0000155c       0x2a C:\Users\Lauri\Documents\MCUXpressoIDE_10.2.1_795\workspace\Solar_Tracker_Latest_Workspace\Solar_Project\lpc_chip_15xx\Debug\liblpc_chip_15xx.a(ritimer_15xx.o)
                0x0000155c                Chip_RIT_ClearCTRL
 .text.Chip_SYSCTL_PeriphReset
                0x00001586       0x22 C:\Users\Lauri\Documents\MCUXpressoIDE_10.2.1_795\workspace\Solar_Tracker_Latest_Workspace\Solar_Project\lpc_chip_15xx\Debug\liblpc_chip_15xx.a(sct_15xx.o)
 .text.Chip_SCT_Init
                0x000015a8       0x3c C:\Users\Lauri\Documents\MCUXpressoIDE_10.2.1_795\workspace\Solar_Tracker_Latest_Workspace\Solar_Project\lpc_chip_15xx\Debug\liblpc_chip_15xx.a(sct_15xx.o)
                0x000015a8                Chip_SCT_Init
 .text.Chip_SWM_MovablePinAssign
                0x000015e4       0x5c C:\Users\Lauri\Documents\MCUXpressoIDE_10.2.1_795\workspace\Solar_Tracker_Latest_Workspace\Solar_Project\lpc_chip_15xx\Debug\liblpc_chip_15xx.a(swm_15xx.o)
                0x000015e4                Chip_SWM_MovablePinAssign
 .text.Chip_SYSCTL_AssertPeriphReset
                0x00001640       0x4c C:\Users\Lauri\Documents\MCUXpressoIDE_10.2.1_795\workspace\Solar_Tracker_Latest_Workspace\Solar_Project\lpc_chip_15xx\Debug\liblpc_chip_15xx.a(sysctl_15xx.o)
                0x00001640                Chip_SYSCTL_AssertPeriphReset
 .text.Chip_SYSCTL_DeassertPeriphReset
                0x0000168c       0x50 C:\Users\Lauri\Documents\MCUXpressoIDE_10.2.1_795\workspace\Solar_Tracker_Latest_Workspace\Solar_Project\lpc_chip_15xx\Debug\liblpc_chip_15xx.a(sysctl_15xx.o)
                0x0000168c                Chip_SYSCTL_DeassertPeriphReset
 .text.Chip_SYSCTL_PowerDown
                0x000016dc       0x40 C:\Users\Lauri\Documents\MCUXpressoIDE_10.2.1_795\workspace\Solar_Tracker_Latest_Workspace\Solar_Project\lpc_chip_15xx\Debug\liblpc_chip_15xx.a(sysctl_15xx.o)
                0x000016dc                Chip_SYSCTL_PowerDown
 .text.Chip_SYSCTL_PowerUp
                0x0000171c       0x40 C:\Users\Lauri\Documents\MCUXpressoIDE_10.2.1_795\workspace\Solar_Tracker_Latest_Workspace\Solar_Project\lpc_chip_15xx\Debug\liblpc_chip_15xx.a(sysctl_15xx.o)
                0x0000171c                Chip_SYSCTL_PowerUp
 .text.Chip_FMC_SetFLASHAccess
                0x0000175c       0x38 C:\Users\Lauri\Documents\MCUXpressoIDE_10.2.1_795\workspace\Solar_Tracker_Latest_Workspace\Solar_Project\lpc_chip_15xx\Debug\liblpc_chip_15xx.a(sysinit_15xx.o)
 .text.Chip_Clock_SetSystemPLLSource
                0x00001794       0x20 C:\Users\Lauri\Documents\MCUXpressoIDE_10.2.1_795\workspace\Solar_Tracker_Latest_Workspace\Solar_Project\lpc_chip_15xx\Debug\liblpc_chip_15xx.a(sysinit_15xx.o)
 .text.Chip_Clock_SetupSystemPLL
                0x000017b4       0x34 C:\Users\Lauri\Documents\MCUXpressoIDE_10.2.1_795\workspace\Solar_Tracker_Latest_Workspace\Solar_Project\lpc_chip_15xx\Debug\liblpc_chip_15xx.a(sysinit_15xx.o)
 .text.Chip_Clock_IsSystemPLLLocked
                0x000017e8       0x24 C:\Users\Lauri\Documents\MCUXpressoIDE_10.2.1_795\workspace\Solar_Tracker_Latest_Workspace\Solar_Project\lpc_chip_15xx\Debug\liblpc_chip_15xx.a(sysinit_15xx.o)
 .text.Chip_Clock_SetSysClockDiv
                0x0000180c       0x20 C:\Users\Lauri\Documents\MCUXpressoIDE_10.2.1_795\workspace\Solar_Tracker_Latest_Workspace\Solar_Project\lpc_chip_15xx\Debug\liblpc_chip_15xx.a(sysinit_15xx.o)
 .text.Chip_SetupXtalClocking
                0x0000182c       0x6c C:\Users\Lauri\Documents\MCUXpressoIDE_10.2.1_795\workspace\Solar_Tracker_Latest_Workspace\Solar_Project\lpc_chip_15xx\Debug\liblpc_chip_15xx.a(sysinit_15xx.o)
                0x0000182c                Chip_SetupXtalClocking
 .text.Chip_SYSCTL_PeriphReset
                0x00001898       0x22 C:\Users\Lauri\Documents\MCUXpressoIDE_10.2.1_795\workspace\Solar_Tracker_Latest_Workspace\Solar_Project\lpc_chip_15xx\Debug\liblpc_chip_15xx.a(uart_15xx.o)
 .text.RingBuffer_IsEmpty
                0x000018ba       0x28 C:\Users\Lauri\Documents\MCUXpressoIDE_10.2.1_795\workspace\Solar_Tracker_Latest_Workspace\Solar_Project\lpc_chip_15xx\Debug\liblpc_chip_15xx.a(uart_15xx.o)
 .text.Chip_UART_SendByte
                0x000018e2       0x1c C:\Users\Lauri\Documents\MCUXpressoIDE_10.2.1_795\workspace\Solar_Tracker_Latest_Workspace\Solar_Project\lpc_chip_15xx\Debug\liblpc_chip_15xx.a(uart_15xx.o)
 .text.Chip_UART_ReadByte
                0x000018fe       0x1a C:\Users\Lauri\Documents\MCUXpressoIDE_10.2.1_795\workspace\Solar_Tracker_Latest_Workspace\Solar_Project\lpc_chip_15xx\Debug\liblpc_chip_15xx.a(uart_15xx.o)
 .text.Chip_UART_IntDisable
                0x00001918       0x1a C:\Users\Lauri\Documents\MCUXpressoIDE_10.2.1_795\workspace\Solar_Tracker_Latest_Workspace\Solar_Project\lpc_chip_15xx\Debug\liblpc_chip_15xx.a(uart_15xx.o)
 .text.Chip_UART_GetStatus
                0x00001932       0x16 C:\Users\Lauri\Documents\MCUXpressoIDE_10.2.1_795\workspace\Solar_Tracker_Latest_Workspace\Solar_Project\lpc_chip_15xx\Debug\liblpc_chip_15xx.a(uart_15xx.o)
 .text.getUARTClockID
                0x00001948       0x34 C:\Users\Lauri\Documents\MCUXpressoIDE_10.2.1_795\workspace\Solar_Tracker_Latest_Workspace\Solar_Project\lpc_chip_15xx\Debug\liblpc_chip_15xx.a(uart_15xx.o)
 .text.Chip_UART_Init
                0x0000197c       0x4c C:\Users\Lauri\Documents\MCUXpressoIDE_10.2.1_795\workspace\Solar_Tracker_Latest_Workspace\Solar_Project\lpc_chip_15xx\Debug\liblpc_chip_15xx.a(uart_15xx.o)
                0x0000197c                Chip_UART_Init
 .text.Chip_UART_SetBaud
                0x000019c8       0x2a C:\Users\Lauri\Documents\MCUXpressoIDE_10.2.1_795\workspace\Solar_Tracker_Latest_Workspace\Solar_Project\lpc_chip_15xx\Debug\liblpc_chip_15xx.a(uart_15xx.o)
                0x000019c8                Chip_UART_SetBaud
 .text.Chip_UART_RXIntHandlerRB
                0x000019f2       0x3c C:\Users\Lauri\Documents\MCUXpressoIDE_10.2.1_795\workspace\Solar_Tracker_Latest_Workspace\Solar_Project\lpc_chip_15xx\Debug\liblpc_chip_15xx.a(uart_15xx.o)
                0x000019f2                Chip_UART_RXIntHandlerRB
 .text.Chip_UART_TXIntHandlerRB
                0x00001a2e       0x40 C:\Users\Lauri\Documents\MCUXpressoIDE_10.2.1_795\workspace\Solar_Tracker_Latest_Workspace\Solar_Project\lpc_chip_15xx\Debug\liblpc_chip_15xx.a(uart_15xx.o)
                0x00001a2e                Chip_UART_TXIntHandlerRB
 .text.Chip_UART_IRQRBHandler
                0x00001a6e       0x48 C:\Users\Lauri\Documents\MCUXpressoIDE_10.2.1_795\workspace\Solar_Tracker_Latest_Workspace\Solar_Project\lpc_chip_15xx\Debug\liblpc_chip_15xx.a(uart_15xx.o)
                0x00001a6e                Chip_UART_IRQRBHandler
 *fill*         0x00001ab6        0x2 ff
 .text.xQueueGenericReset
                0x00001ab8       0xb4 C:\Users\Lauri\Documents\MCUXpressoIDE_10.2.1_795\workspace\Solar_Tracker_Latest_Workspace\Solar_Project\FreeRTOS\Debug\libFreeRTOS.a(queue.o)
                0x00001ab8                xQueueGenericReset
 .text.xQueueGenericCreate
                0x00001b6c       0x58 C:\Users\Lauri\Documents\MCUXpressoIDE_10.2.1_795\workspace\Solar_Tracker_Latest_Workspace\Solar_Project\FreeRTOS\Debug\libFreeRTOS.a(queue.o)
                0x00001b6c                xQueueGenericCreate
 .text.prvInitialiseNewQueue
                0x00001bc4       0x46 C:\Users\Lauri\Documents\MCUXpressoIDE_10.2.1_795\workspace\Solar_Tracker_Latest_Workspace\Solar_Project\FreeRTOS\Debug\libFreeRTOS.a(queue.o)
 .text.xQueueGiveFromISR
                0x00001c0a       0xa6 C:\Users\Lauri\Documents\MCUXpressoIDE_10.2.1_795\workspace\Solar_Tracker_Latest_Workspace\Solar_Project\FreeRTOS\Debug\libFreeRTOS.a(queue.o)
                0x00001c0a                xQueueGiveFromISR
 .text.xTaskCreate
                0x00001cb0       0x84 C:\Users\Lauri\Documents\MCUXpressoIDE_10.2.1_795\workspace\Solar_Tracker_Latest_Workspace\Solar_Project\FreeRTOS\Debug\libFreeRTOS.a(tasks.o)
                0x00001cb0                xTaskCreate
 .text.prvInitialiseNewTask
                0x00001d34      0x178 C:\Users\Lauri\Documents\MCUXpressoIDE_10.2.1_795\workspace\Solar_Tracker_Latest_Workspace\Solar_Project\FreeRTOS\Debug\libFreeRTOS.a(tasks.o)
 .text.prvAddNewTaskToReadyList
                0x00001eac       0xdc C:\Users\Lauri\Documents\MCUXpressoIDE_10.2.1_795\workspace\Solar_Tracker_Latest_Workspace\Solar_Project\FreeRTOS\Debug\libFreeRTOS.a(tasks.o)
 .text.vTaskDelay
                0x00001f88       0x48 C:\Users\Lauri\Documents\MCUXpressoIDE_10.2.1_795\workspace\Solar_Tracker_Latest_Workspace\Solar_Project\FreeRTOS\Debug\libFreeRTOS.a(tasks.o)
                0x00001f88                vTaskDelay
 .text.vTaskStartScheduler
                0x00001fd0       0xa0 C:\Users\Lauri\Documents\MCUXpressoIDE_10.2.1_795\workspace\Solar_Tracker_Latest_Workspace\Solar_Project\FreeRTOS\Debug\libFreeRTOS.a(tasks.o)
                0x00001fd0                vTaskStartScheduler
 .text.vTaskSuspendAll
                0x00002070       0x1c C:\Users\Lauri\Documents\MCUXpressoIDE_10.2.1_795\workspace\Solar_Tracker_Latest_Workspace\Solar_Project\FreeRTOS\Debug\libFreeRTOS.a(tasks.o)
                0x00002070                vTaskSuspendAll
 .text.xTaskResumeAll
                0x0000208c      0x11c C:\Users\Lauri\Documents\MCUXpressoIDE_10.2.1_795\workspace\Solar_Tracker_Latest_Workspace\Solar_Project\FreeRTOS\Debug\libFreeRTOS.a(tasks.o)
                0x0000208c                xTaskResumeAll
 .text.xTaskIncrementTick
                0x000021a8      0x158 C:\Users\Lauri\Documents\MCUXpressoIDE_10.2.1_795\workspace\Solar_Tracker_Latest_Workspace\Solar_Project\FreeRTOS\Debug\libFreeRTOS.a(tasks.o)
                0x000021a8                xTaskIncrementTick
 .text.vTaskSwitchContext
                0x00002300       0xe4 C:\Users\Lauri\Documents\MCUXpressoIDE_10.2.1_795\workspace\Solar_Tracker_Latest_Workspace\Solar_Project\FreeRTOS\Debug\libFreeRTOS.a(tasks.o)
                0x00002300                vTaskSwitchContext
 .text.xTaskRemoveFromEventList
                0x000023e4       0xa8 C:\Users\Lauri\Documents\MCUXpressoIDE_10.2.1_795\workspace\Solar_Tracker_Latest_Workspace\Solar_Project\FreeRTOS\Debug\libFreeRTOS.a(tasks.o)
                0x000023e4                xTaskRemoveFromEventList
 .text.prvIdleTask
                0x0000248c        0xe C:\Users\Lauri\Documents\MCUXpressoIDE_10.2.1_795\workspace\Solar_Tracker_Latest_Workspace\Solar_Project\FreeRTOS\Debug\libFreeRTOS.a(tasks.o)
 *fill*         0x0000249a        0x2 ff
 .text.prvInitialiseTaskLists
                0x0000249c       0x80 C:\Users\Lauri\Documents\MCUXpressoIDE_10.2.1_795\workspace\Solar_Tracker_Latest_Workspace\Solar_Project\FreeRTOS\Debug\libFreeRTOS.a(tasks.o)
 .text.prvCheckTasksWaitingTermination
                0x0000251c       0x58 C:\Users\Lauri\Documents\MCUXpressoIDE_10.2.1_795\workspace\Solar_Tracker_Latest_Workspace\Solar_Project\FreeRTOS\Debug\libFreeRTOS.a(tasks.o)
 .text.prvDeleteTCB
                0x00002574       0x2a C:\Users\Lauri\Documents\MCUXpressoIDE_10.2.1_795\workspace\Solar_Tracker_Latest_Workspace\Solar_Project\FreeRTOS\Debug\libFreeRTOS.a(tasks.o)
 *fill*         0x0000259e        0x2 ff
 .text.prvResetNextTaskUnblockTime
                0x000025a0       0x48 C:\Users\Lauri\Documents\MCUXpressoIDE_10.2.1_795\workspace\Solar_Tracker_Latest_Workspace\Solar_Project\FreeRTOS\Debug\libFreeRTOS.a(tasks.o)
 .text.prvAddCurrentTaskToDelayedList
                0x000025e8       0xcc C:\Users\Lauri\Documents\MCUXpressoIDE_10.2.1_795\workspace\Solar_Tracker_Latest_Workspace\Solar_Project\FreeRTOS\Debug\libFreeRTOS.a(tasks.o)
 .text.pvPortMalloc
                0x000026b4       0x2c C:\Users\Lauri\Documents\MCUXpressoIDE_10.2.1_795\workspace\Solar_Tracker_Latest_Workspace\Solar_Project\FreeRTOS\Debug\libFreeRTOS.a(heap_3.o)
                0x000026b4                pvPortMalloc
 .text.vPortFree
                0x000026e0       0x24 C:\Users\Lauri\Documents\MCUXpressoIDE_10.2.1_795\workspace\Solar_Tracker_Latest_Workspace\Solar_Project\FreeRTOS\Debug\libFreeRTOS.a(heap_3.o)
                0x000026e0                vPortFree
 .text.pxPortInitialiseStack
                0x00002704       0x58 C:\Users\Lauri\Documents\MCUXpressoIDE_10.2.1_795\workspace\Solar_Tracker_Latest_Workspace\Solar_Project\FreeRTOS\Debug\libFreeRTOS.a(port.o)
                0x00002704                pxPortInitialiseStack
 .text.prvTaskExitError
                0x0000275c       0x2e C:\Users\Lauri\Documents\MCUXpressoIDE_10.2.1_795\workspace\Solar_Tracker_Latest_Workspace\Solar_Project\FreeRTOS\Debug\libFreeRTOS.a(port.o)
 *fill*         0x0000278a        0x6 ff
 .text.SVC_Handler
                0x00002790       0x28 C:\Users\Lauri\Documents\MCUXpressoIDE_10.2.1_795\workspace\Solar_Tracker_Latest_Workspace\Solar_Project\FreeRTOS\Debug\libFreeRTOS.a(port.o)
                0x00002790                SVC_Handler
 .text.prvPortStartFirstTask
                0x000027b8       0x20 C:\Users\Lauri\Documents\MCUXpressoIDE_10.2.1_795\workspace\Solar_Tracker_Latest_Workspace\Solar_Project\FreeRTOS\Debug\libFreeRTOS.a(port.o)
 .text.xPortStartScheduler
                0x000027d8       0x40 C:\Users\Lauri\Documents\MCUXpressoIDE_10.2.1_795\workspace\Solar_Tracker_Latest_Workspace\Solar_Project\FreeRTOS\Debug\libFreeRTOS.a(port.o)
                0x000027d8                xPortStartScheduler
 .text.vPortEnterCritical
                0x00002818       0x30 C:\Users\Lauri\Documents\MCUXpressoIDE_10.2.1_795\workspace\Solar_Tracker_Latest_Workspace\Solar_Project\FreeRTOS\Debug\libFreeRTOS.a(port.o)
                0x00002818                vPortEnterCritical
 .text.vPortExitCritical
                0x00002848       0x30 C:\Users\Lauri\Documents\MCUXpressoIDE_10.2.1_795\workspace\Solar_Tracker_Latest_Workspace\Solar_Project\FreeRTOS\Debug\libFreeRTOS.a(port.o)
                0x00002848                vPortExitCritical
 *fill*         0x00002878        0x8 ff
 .text.PendSV_Handler
                0x00002880       0x48 C:\Users\Lauri\Documents\MCUXpressoIDE_10.2.1_795\workspace\Solar_Tracker_Latest_Workspace\Solar_Project\FreeRTOS\Debug\libFreeRTOS.a(port.o)
                0x00002880                PendSV_Handler
 .text.SysTick_Handler
                0x000028c8       0x40 C:\Users\Lauri\Documents\MCUXpressoIDE_10.2.1_795\workspace\Solar_Tracker_Latest_Workspace\Solar_Project\FreeRTOS\Debug\libFreeRTOS.a(port.o)
                0x000028c8                SysTick_Handler
 .text.vPortSetupTimerInterrupt
                0x00002908       0x44 C:\Users\Lauri\Documents\MCUXpressoIDE_10.2.1_795\workspace\Solar_Tracker_Latest_Workspace\Solar_Project\FreeRTOS\Debug\libFreeRTOS.a(port.o)
                0x00002908                vPortSetupTimerInterrupt
 .text.vApplicationMallocFailedHook
                0x0000294c       0x1c C:\Users\Lauri\Documents\MCUXpressoIDE_10.2.1_795\workspace\Solar_Tracker_Latest_Workspace\Solar_Project\FreeRTOS\Debug\libFreeRTOS.a(FreeRTOSCommonHooks.o)
                0x0000294c                vApplicationMallocFailedHook
 .text.vApplicationStackOverflowHook
                0x00002968       0x20 C:\Users\Lauri\Documents\MCUXpressoIDE_10.2.1_795\workspace\Solar_Tracker_Latest_Workspace\Solar_Project\FreeRTOS\Debug\libFreeRTOS.a(FreeRTOSCommonHooks.o)
                0x00002968                vApplicationStackOverflowHook
 .text.vListInitialise
                0x00002988       0x3e C:\Users\Lauri\Documents\MCUXpressoIDE_10.2.1_795\workspace\Solar_Tracker_Latest_Workspace\Solar_Project\FreeRTOS\Debug\libFreeRTOS.a(list.o)
                0x00002988                vListInitialise
 .text.vListInitialiseItem
                0x000029c6       0x18 C:\Users\Lauri\Documents\MCUXpressoIDE_10.2.1_795\workspace\Solar_Tracker_Latest_Workspace\Solar_Project\FreeRTOS\Debug\libFreeRTOS.a(list.o)
                0x000029c6                vListInitialiseItem
 .text.vListInsertEnd
                0x000029de       0x46 C:\Users\Lauri\Documents\MCUXpressoIDE_10.2.1_795\workspace\Solar_Tracker_Latest_Workspace\Solar_Project\FreeRTOS\Debug\libFreeRTOS.a(list.o)
                0x000029de                vListInsertEnd
 .text.vListInsert
                0x00002a24       0x70 C:\Users\Lauri\Documents\MCUXpressoIDE_10.2.1_795\workspace\Solar_Tracker_Latest_Workspace\Solar_Project\FreeRTOS\Debug\libFreeRTOS.a(list.o)
                0x00002a24                vListInsert
 .text.uxListRemove
                0x00002a94       0x52 C:\Users\Lauri\Documents\MCUXpressoIDE_10.2.1_795\workspace\Solar_Tracker_Latest_Workspace\Solar_Project\FreeRTOS\Debug\libFreeRTOS.a(list.o)
                0x00002a94                uxListRemove
 *fill*         0x00002ae6        0x2 ff
 .text          0x00002ae8       0x30 c:/nxp/mcuxpressoide_10.2.1_795/ide/tools/bin/../lib/gcc/arm-none-eabi/7.2.1/thumb/v7-m\libgcc.a(_aeabi_uldivmod.o)
                0x00002ae8                __aeabi_uldivmod
 .text          0x00002b18      0x2d0 c:/nxp/mcuxpressoide_10.2.1_795/ide/tools/bin/../lib/gcc/arm-none-eabi/7.2.1/thumb/v7-m\libgcc.a(_udivmoddi4.o)
                0x00002b18                __udivmoddi4
 .text          0x00002de8        0x4 c:/nxp/mcuxpressoide_10.2.1_795/ide/tools/bin/../lib/gcc/arm-none-eabi/7.2.1/thumb/v7-m\libgcc.a(_dvmd_tls.o)
                0x00002de8                __aeabi_idiv0
                0x00002de8                __aeabi_ldiv0
 .text.__libc_init_array
                0x00002dec       0x48 c:/nxp/mcuxpressoide_10.2.1_795/ide/tools/bin/../lib/gcc/arm-none-eabi/7.2.1/../../../../arm-none-eabi/lib/thumb/v7-m\libc_nano.a(lib_a-init.o)
                0x00002dec                __libc_init_array
 .text.malloc   0x00002e34       0x10 c:/nxp/mcuxpressoide_10.2.1_795/ide/tools/bin/../lib/gcc/arm-none-eabi/7.2.1/../../../../arm-none-eabi/lib/thumb/v7-m\libc_nano.a(lib_a-malloc.o)
                0x00002e34                malloc
 .text.free     0x00002e44       0x10 c:/nxp/mcuxpressoide_10.2.1_795/ide/tools/bin/../lib/gcc/arm-none-eabi/7.2.1/../../../../arm-none-eabi/lib/thumb/v7-m\libc_nano.a(lib_a-malloc.o)
                0x00002e44                free
 .text.memcpy   0x00002e54       0x16 c:/nxp/mcuxpressoide_10.2.1_795/ide/tools/bin/../lib/gcc/arm-none-eabi/7.2.1/../../../../arm-none-eabi/lib/thumb/v7-m\libc_nano.a(lib_a-memcpy-stub.o)
                0x00002e54                memcpy
 .text.memset   0x00002e6a       0x10 c:/nxp/mcuxpressoide_10.2.1_795/ide/tools/bin/../lib/gcc/arm-none-eabi/7.2.1/../../../../arm-none-eabi/lib/thumb/v7-m\libc_nano.a(lib_a-memset.o)
                0x00002e6a                memset
 *fill*         0x00002e7a        0x2 ff
 .text._free_r  0x00002e7c       0x98 c:/nxp/mcuxpressoide_10.2.1_795/ide/tools/bin/../lib/gcc/arm-none-eabi/7.2.1/../../../../arm-none-eabi/lib/thumb/v7-m\libc_nano.a(lib_a-nano-freer.o)
                0x00002e7c                _free_r
 .text._malloc_r
                0x00002f14       0xb4 c:/nxp/mcuxpressoide_10.2.1_795/ide/tools/bin/../lib/gcc/arm-none-eabi/7.2.1/../../../../arm-none-eabi/lib/thumb/v7-m\libc_nano.a(lib_a-nano-mallocr.o)
                0x00002f14                _malloc_r
 .text.cleanup_glue
                0x00002fc8       0x1a c:/nxp/mcuxpressoide_10.2.1_795/ide/tools/bin/../lib/gcc/arm-none-eabi/7.2.1/../../../../arm-none-eabi/lib/thumb/v7-m\libc_nano.a(lib_a-reent.o)
                0x00002fc8                cleanup_glue
 *fill*         0x00002fe2        0x2 ff
 .text._reclaim_reent
                0x00002fe4       0xb8 c:/nxp/mcuxpressoide_10.2.1_795/ide/tools/bin/../lib/gcc/arm-none-eabi/7.2.1/../../../../arm-none-eabi/lib/thumb/v7-m\libc_nano.a(lib_a-reent.o)
                0x00002fe4                _reclaim_reent
 .text._sbrk_r  0x0000309c       0x20 c:/nxp/mcuxpressoide_10.2.1_795/ide/tools/bin/../lib/gcc/arm-none-eabi/7.2.1/../../../../arm-none-eabi/lib/thumb/v7-m\libc_nano.a(lib_a-sbrkr.o)
                0x0000309c                _sbrk_r
 .text.__malloc_lock
                0x000030bc        0x2 c:/nxp/mcuxpressoide_10.2.1_795/ide/tools/bin/../lib/gcc/arm-none-eabi/7.2.1/../../../../arm-none-eabi/lib/thumb/v7-m\libc_nano.a(lib_a-mlock.o)
                0x000030bc                __malloc_lock
 .text.__malloc_unlock
                0x000030be        0x2 c:/nxp/mcuxpressoide_10.2.1_795/ide/tools/bin/../lib/gcc/arm-none-eabi/7.2.1/../../../../arm-none-eabi/lib/thumb/v7-m\libc_nano.a(lib_a-mlock.o)
                0x000030be                __malloc_unlock
 .text._sbrk    0x000030c0       0x3c c:/nxp/mcuxpressoide_10.2.1_795/ide/tools/bin/../lib/gcc/arm-none-eabi/7.2.1/../../../../arm-none-eabi/lib/thumb/v7-m\libcr_newlib_nohost.a(_cr_sbrk.o)
                0x000030c0                _sbrk
 .text.__check_heap_overflow
                0x000030fc       0x18 c:/nxp/mcuxpressoide_10.2.1_795/ide/tools/bin/../lib/gcc/arm-none-eabi/7.2.1/../../../../arm-none-eabi/lib/thumb/v7-m\libcr_newlib_nohost.a(_cr_check_heap.o)
                0x000030fc                __check_heap_overflow
 .text          0x00003114       0x40 c:/nxp/mcuxpressoide_10.2.1_795/ide/tools/bin/../lib/gcc/arm-none-eabi/7.2.1/thumb/v7-m\crtbegin.o
 .text.__errno  0x00003154        0xc c:/nxp/mcuxpressoide_10.2.1_795/ide/tools/bin/../lib/gcc/arm-none-eabi/7.2.1/../../../../arm-none-eabi/lib/thumb/v7-m\libc_nano.a(lib_a-errno.o)
                0x00003154                __errno
 *(.rodata .rodata.* .constdata .constdata.*)
 .rodata._ZTV10PavelIoPin
                0x00003160       0x10 ./src/PavelIoPin.o
                0x00003160                vtable for PavelIoPin
 .rodata        0x00003170       0x2e ./src/pavel_main.o
 *fill*         0x0000319e        0x2 ff
 .rodata.OscRateIn
                0x000031a0        0x4 C:\Users\Lauri\Documents\MCUXpressoIDE_10.2.1_795\workspace\Solar_Tracker_Latest_Workspace\Solar_Project\lpc_board_nxp_lpcxpresso_1549\Debug\liblpc_board_nxp_lpcxpresso_1549.a(board.o)
                0x000031a0                OscRateIn
 .rodata.RTCOscRateIn
                0x000031a4        0x4 C:\Users\Lauri\Documents\MCUXpressoIDE_10.2.1_795\workspace\Solar_Tracker_Latest_Workspace\Solar_Project\lpc_board_nxp_lpcxpresso_1549\Debug\liblpc_board_nxp_lpcxpresso_1549.a(board.o)
                0x000031a4                RTCOscRateIn
 .rodata.ledpins
                0x000031a8        0x3 C:\Users\Lauri\Documents\MCUXpressoIDE_10.2.1_795\workspace\Solar_Tracker_Latest_Workspace\Solar_Project\lpc_board_nxp_lpcxpresso_1549\Debug\liblpc_board_nxp_lpcxpresso_1549.a(board.o)
 *fill*         0x000031ab        0x1 ff
 .rodata.ledports
                0x000031ac        0x3 C:\Users\Lauri\Documents\MCUXpressoIDE_10.2.1_795\workspace\Solar_Tracker_Latest_Workspace\Solar_Project\lpc_board_nxp_lpcxpresso_1549\Debug\liblpc_board_nxp_lpcxpresso_1549.a(board.o)
 *fill*         0x000031af        0x1 ff
 .rodata.ioconSetup
                0x000031b0       0x74 C:\Users\Lauri\Documents\MCUXpressoIDE_10.2.1_795\workspace\Solar_Tracker_Latest_Workspace\Solar_Project\lpc_board_nxp_lpcxpresso_1549\Debug\liblpc_board_nxp_lpcxpresso_1549.a(board_sysinit.o)
 .rodata.swmSetup
                0x00003224        0x6 C:\Users\Lauri\Documents\MCUXpressoIDE_10.2.1_795\workspace\Solar_Tracker_Latest_Workspace\Solar_Project\lpc_board_nxp_lpcxpresso_1549\Debug\liblpc_board_nxp_lpcxpresso_1549.a(board_sysinit.o)
 *fill*         0x0000322a        0x2 ff
 .rodata        0x0000322c       0x28 C:\Users\Lauri\Documents\MCUXpressoIDE_10.2.1_795\workspace\Solar_Tracker_Latest_Workspace\Solar_Project\FreeRTOS\Debug\libFreeRTOS.a(tasks.o)
                0x00003244                FreeRTOSDebugConfig
                0x00003254                . = ALIGN (0x4)
                0x00003254                . = ALIGN (0x4)
 *(.init)
 .init          0x00003254        0x4 c:/nxp/mcuxpressoide_10.2.1_795/ide/tools/bin/../lib/gcc/arm-none-eabi/7.2.1/thumb/v7-m\crti.o
                0x00003254                _init
 .init          0x00003258        0x8 c:/nxp/mcuxpressoide_10.2.1_795/ide/tools/bin/../lib/gcc/arm-none-eabi/7.2.1/thumb/v7-m\crtn.o
                0x00003260                . = ALIGN (0x4)
                0x00003260                __preinit_array_start = .
 *(.preinit_array)
                0x00003260                __preinit_array_end = .
                0x00003260                . = ALIGN (0x4)
                0x00003260                __init_array_start = .
 *(SORT_BY_NAME(.init_array.*))
 *(.init_array)
 .init_array    0x00003260        0x4 c:/nxp/mcuxpressoide_10.2.1_795/ide/tools/bin/../lib/gcc/arm-none-eabi/7.2.1/thumb/v7-m\crtbegin.o
                0x00003264                __init_array_end = .
 *(.fini)
 .fini          0x00003264        0x4 c:/nxp/mcuxpressoide_10.2.1_795/ide/tools/bin/../lib/gcc/arm-none-eabi/7.2.1/thumb/v7-m\crti.o
                0x00003264                _fini
 .fini          0x00003268        0x8 c:/nxp/mcuxpressoide_10.2.1_795/ide/tools/bin/../lib/gcc/arm-none-eabi/7.2.1/thumb/v7-m\crtn.o
                0x00003270                . = ALIGN (0x4)
 *crtbegin.o(.ctors)
 *(EXCLUDE_FILE(*crtend.o) .ctors)
 *(SORT_BY_NAME(.ctors.*))
 *crtend.o(.ctors)
                0x00003270                . = ALIGN (0x4)
 *crtbegin.o(.dtors)
 *(EXCLUDE_FILE(*crtend.o) .dtors)
 *(SORT_BY_NAME(.dtors.*))
 *crtend.o(.dtors)
                0x00003270                . = ALIGN (0x4)

.glue_7         0x00003270        0x0
 .glue_7        0x00003270        0x0 linker stubs

.glue_7t        0x00003270        0x0
 .glue_7t       0x00003270        0x0 linker stubs

.vfp11_veneer   0x00003270        0x0
 .vfp11_veneer  0x00003270        0x0 linker stubs

.v4_bx          0x00003270        0x0
 .v4_bx         0x00003270        0x0 linker stubs

.iplt           0x00003270        0x0
 .iplt          0x00003270        0x0 ./src/PavelIoPin.o

.ARM.extab
 *(.ARM.extab* .gnu.linkonce.armextab.*)
                0x00003270                __exidx_start = .

.ARM.exidx      0x00003270        0x8
 *(.ARM.exidx* .gnu.linkonce.armexidx.*)
 .ARM.exidx     0x00003270        0x8 c:/nxp/mcuxpressoide_10.2.1_795/ide/tools/bin/../lib/gcc/arm-none-eabi/7.2.1/thumb/v7-m\libgcc.a(_udivmoddi4.o)
                0x00003278                __exidx_end = .
                0x00003278                _etext = .

.rel.dyn        0x00003278        0x0
 .rel.iplt      0x00003278        0x0 ./src/PavelIoPin.o

.eh_frame       0x00003278        0x0
 .eh_frame      0x00003278        0x0 c:/nxp/mcuxpressoide_10.2.1_795/ide/tools/bin/../lib/gcc/arm-none-eabi/7.2.1/thumb/v7-m\crtbegin.o

.data_RAM2      0x02008000        0x0 load address 0x00003278
 FILL mask 0xff
                [!provide]                PROVIDE (__start_data_RAM2, .)
 *(.ramfunc.$RAM2)
 *(.ramfunc.$Ram2_4)
 *(.data.$RAM2*)
 *(.data.$Ram2_4*)
                0x02008000                . = ALIGN (0x4)
                [!provide]                PROVIDE (__end_data_RAM2, .)

.uninit_RESERVED
                0x02000000        0x0
 *(.bss.$RESERVED*)
                0x02000000                . = ALIGN (0x4)
                0x02000000                _end_uninit_RESERVED = .

.data           0x02000000       0x68 load address 0x00003278
 FILL mask 0xff
                0x02000000                _data = .
 *(vtable)
 *(.ramfunc*)
 *(.data*)
 .data.uxCriticalNesting
                0x02000000        0x4 C:\Users\Lauri\Documents\MCUXpressoIDE_10.2.1_795\workspace\Solar_Tracker_Latest_Workspace\Solar_Project\FreeRTOS\Debug\libFreeRTOS.a(port.o)
 .data._impure_ptr
                0x02000004        0x4 c:/nxp/mcuxpressoide_10.2.1_795/ide/tools/bin/../lib/gcc/arm-none-eabi/7.2.1/../../../../arm-none-eabi/lib/thumb/v7-m\libc_nano.a(lib_a-impure.o)
                0x02000004                _impure_ptr
 .data.impure_data
                0x02000008       0x60 c:/nxp/mcuxpressoide_10.2.1_795/ide/tools/bin/../lib/gcc/arm-none-eabi/7.2.1/../../../../arm-none-eabi/lib/thumb/v7-m\libc_nano.a(lib_a-impure.o)
                0x02000068                . = ALIGN (0x4)
                0x02000068                _edata = .

.igot.plt       0x02000068        0x0 load address 0x000032e0
 .igot.plt      0x02000068        0x0 ./src/PavelIoPin.o

.bss_RAM2       0x02008000        0x0
                [!provide]                PROVIDE (__start_bss_RAM2, .)
 *(.bss.$RAM2*)
 *(.bss.$Ram2_4*)
                0x02008000                . = ALIGN ((. != 0x0)?0x4:0x1)
                [!provide]                PROVIDE (__end_bss_RAM2, .)

.bss            0x02000068      0x194
                0x02000068                _bss = .
 *(.bss*)
 .bss._ZL7rxring1
                0x02000068        0x4 ./src/SerialPort.o
 .bss._ZL7txring1
                0x0200006c        0x4 ./src/SerialPort.o
 .bss.RIT_count
                0x02000070        0x4 ./src/pavel_main.o
                0x02000070                RIT_count
 .bss.sbRIT     0x02000074        0x4 ./src/pavel_main.o
                0x02000074                sbRIT
 .bss.move      0x02000078        0x1 ./src/pavel_main.o
                0x02000078                move
 *fill*         0x02000079        0x3 
 .bss.STEP      0x0200007c        0x4 ./src/pavel_main.o
                0x0200007c                STEP
 .bss.DIR       0x02000080        0x4 ./src/pavel_main.o
                0x02000080                DIR
 .bss.h_pin1    0x02000084        0x4 ./src/pavel_main.o
                0x02000084                h_pin1
 .bss.h_pin2    0x02000088        0x4 ./src/pavel_main.o
                0x02000088                h_pin2
 .bss.pxCurrentTCB
                0x0200008c        0x4 C:\Users\Lauri\Documents\MCUXpressoIDE_10.2.1_795\workspace\Solar_Tracker_Latest_Workspace\Solar_Project\FreeRTOS\Debug\libFreeRTOS.a(tasks.o)
                0x0200008c                pxCurrentTCB
 .bss.pxReadyTasksLists
                0x02000090       0xa0 C:\Users\Lauri\Documents\MCUXpressoIDE_10.2.1_795\workspace\Solar_Tracker_Latest_Workspace\Solar_Project\FreeRTOS\Debug\libFreeRTOS.a(tasks.o)
 .bss.xDelayedTaskList1
                0x02000130       0x14 C:\Users\Lauri\Documents\MCUXpressoIDE_10.2.1_795\workspace\Solar_Tracker_Latest_Workspace\Solar_Project\FreeRTOS\Debug\libFreeRTOS.a(tasks.o)
 .bss.xDelayedTaskList2
                0x02000144       0x14 C:\Users\Lauri\Documents\MCUXpressoIDE_10.2.1_795\workspace\Solar_Tracker_Latest_Workspace\Solar_Project\FreeRTOS\Debug\libFreeRTOS.a(tasks.o)
 .bss.pxDelayedTaskList
                0x02000158        0x4 C:\Users\Lauri\Documents\MCUXpressoIDE_10.2.1_795\workspace\Solar_Tracker_Latest_Workspace\Solar_Project\FreeRTOS\Debug\libFreeRTOS.a(tasks.o)
 .bss.pxOverflowDelayedTaskList
                0x0200015c        0x4 C:\Users\Lauri\Documents\MCUXpressoIDE_10.2.1_795\workspace\Solar_Tracker_Latest_Workspace\Solar_Project\FreeRTOS\Debug\libFreeRTOS.a(tasks.o)
 .bss.xPendingReadyList
                0x02000160       0x14 C:\Users\Lauri\Documents\MCUXpressoIDE_10.2.1_795\workspace\Solar_Tracker_Latest_Workspace\Solar_Project\FreeRTOS\Debug\libFreeRTOS.a(tasks.o)
 .bss.xTasksWaitingTermination
                0x02000174       0x14 C:\Users\Lauri\Documents\MCUXpressoIDE_10.2.1_795\workspace\Solar_Tracker_Latest_Workspace\Solar_Project\FreeRTOS\Debug\libFreeRTOS.a(tasks.o)
 .bss.uxDeletedTasksWaitingCleanUp
                0x02000188        0x4 C:\Users\Lauri\Documents\MCUXpressoIDE_10.2.1_795\workspace\Solar_Tracker_Latest_Workspace\Solar_Project\FreeRTOS\Debug\libFreeRTOS.a(tasks.o)
 .bss.xSuspendedTaskList
                0x0200018c       0x14 C:\Users\Lauri\Documents\MCUXpressoIDE_10.2.1_795\workspace\Solar_Tracker_Latest_Workspace\Solar_Project\FreeRTOS\Debug\libFreeRTOS.a(tasks.o)
 .bss.uxCurrentNumberOfTasks
                0x020001a0        0x4 C:\Users\Lauri\Documents\MCUXpressoIDE_10.2.1_795\workspace\Solar_Tracker_Latest_Workspace\Solar_Project\FreeRTOS\Debug\libFreeRTOS.a(tasks.o)
 .bss.xTickCount
                0x020001a4        0x4 C:\Users\Lauri\Documents\MCUXpressoIDE_10.2.1_795\workspace\Solar_Tracker_Latest_Workspace\Solar_Project\FreeRTOS\Debug\libFreeRTOS.a(tasks.o)
 .bss.uxTopReadyPriority
                0x020001a8        0x4 C:\Users\Lauri\Documents\MCUXpressoIDE_10.2.1_795\workspace\Solar_Tracker_Latest_Workspace\Solar_Project\FreeRTOS\Debug\libFreeRTOS.a(tasks.o)
 .bss.xSchedulerRunning
                0x020001ac        0x4 C:\Users\Lauri\Documents\MCUXpressoIDE_10.2.1_795\workspace\Solar_Tracker_Latest_Workspace\Solar_Project\FreeRTOS\Debug\libFreeRTOS.a(tasks.o)
 .bss.uxPendedTicks
                0x020001b0        0x4 C:\Users\Lauri\Documents\MCUXpressoIDE_10.2.1_795\workspace\Solar_Tracker_Latest_Workspace\Solar_Project\FreeRTOS\Debug\libFreeRTOS.a(tasks.o)
 .bss.xYieldPending
                0x020001b4        0x4 C:\Users\Lauri\Documents\MCUXpressoIDE_10.2.1_795\workspace\Solar_Tracker_Latest_Workspace\Solar_Project\FreeRTOS\Debug\libFreeRTOS.a(tasks.o)
 .bss.xNumOfOverflows
                0x020001b8        0x4 C:\Users\Lauri\Documents\MCUXpressoIDE_10.2.1_795\workspace\Solar_Tracker_Latest_Workspace\Solar_Project\FreeRTOS\Debug\libFreeRTOS.a(tasks.o)
 .bss.uxTaskNumber
                0x020001bc        0x4 C:\Users\Lauri\Documents\MCUXpressoIDE_10.2.1_795\workspace\Solar_Tracker_Latest_Workspace\Solar_Project\FreeRTOS\Debug\libFreeRTOS.a(tasks.o)
 .bss.xNextTaskUnblockTime
                0x020001c0        0x4 C:\Users\Lauri\Documents\MCUXpressoIDE_10.2.1_795\workspace\Solar_Tracker_Latest_Workspace\Solar_Project\FreeRTOS\Debug\libFreeRTOS.a(tasks.o)
 .bss.xIdleTaskHandle
                0x020001c4        0x4 C:\Users\Lauri\Documents\MCUXpressoIDE_10.2.1_795\workspace\Solar_Tracker_Latest_Workspace\Solar_Project\FreeRTOS\Debug\libFreeRTOS.a(tasks.o)
 .bss.uxSchedulerSuspended
                0x020001c8        0x4 C:\Users\Lauri\Documents\MCUXpressoIDE_10.2.1_795\workspace\Solar_Tracker_Latest_Workspace\Solar_Project\FreeRTOS\Debug\libFreeRTOS.a(tasks.o)
 .bss.__malloc_free_list
                0x020001cc        0x4 c:/nxp/mcuxpressoide_10.2.1_795/ide/tools/bin/../lib/gcc/arm-none-eabi/7.2.1/../../../../arm-none-eabi/lib/thumb/v7-m\libc_nano.a(lib_a-nano-mallocr.o)
                0x020001cc                __malloc_free_list
 .bss.__malloc_sbrk_start
                0x020001d0        0x4 c:/nxp/mcuxpressoide_10.2.1_795/ide/tools/bin/../lib/gcc/arm-none-eabi/7.2.1/../../../../arm-none-eabi/lib/thumb/v7-m\libc_nano.a(lib_a-nano-mallocr.o)
                0x020001d0                __malloc_sbrk_start
 .bss.__end_of_heap
                0x020001d4        0x4 c:/nxp/mcuxpressoide_10.2.1_795/ide/tools/bin/../lib/gcc/arm-none-eabi/7.2.1/../../../../arm-none-eabi/lib/thumb/v7-m\libcr_newlib_nohost.a(_cr_sbrk.o)
                0x020001d4                __end_of_heap
 .bss           0x020001d8       0x1c c:/nxp/mcuxpressoide_10.2.1_795/ide/tools/bin/../lib/gcc/arm-none-eabi/7.2.1/thumb/v7-m\crtbegin.o
 *(COMMON)
 COMMON         0x020001f4        0x4 C:\Users\Lauri\Documents\MCUXpressoIDE_10.2.1_795\workspace\Solar_Tracker_Latest_Workspace\Solar_Project\lpc_chip_15xx\Debug\liblpc_chip_15xx.a(chip_15xx.o)
                0x020001f4                SystemCoreClock
 COMMON         0x020001f8        0x4 c:/nxp/mcuxpressoide_10.2.1_795/ide/tools/bin/../lib/gcc/arm-none-eabi/7.2.1/../../../../arm-none-eabi/lib/thumb/v7-m\libc_nano.a(lib_a-reent.o)
                0x020001f8                errno
                0x020001fc                . = ALIGN (0x4)
                0x020001fc                _ebss = .
                [!provide]                PROVIDE (end, .)

.noinit_RAM2    0x02008000        0x0
 *(.noinit.$RAM2*)
 *(.noinit.$Ram2_4*)
                0x02008000                . = ALIGN (0x4)

.noinit         0x020001fc        0x0
                0x020001fc                _noinit = .
 *(.noinit*)
                0x020001fc                . = ALIGN (0x4)
                0x020001fc                _end_noinit = .
                0x020001fc                PROVIDE (_pvHeapStart, DEFINED (__user_heap_base)?__user_heap_base:.)
                0x02008000                PROVIDE (_vStackTop, DEFINED (__user_stack_top)?__user_stack_top:(__top_Ram0_16_32 - 0x0))
                0xfdff735a                PROVIDE (__valid_user_code_checksum, (0x0 - ((((((_vStackTop + (ResetISR + 0x1)) + (NMI_Handler + 0x1)) + (HardFault_Handler + 0x1)) + (DEFINED (MemManage_Handler)?MemManage_Handler:0x0 + 0x1)) + (DEFINED (BusFault_Handler)?BusFault_Handler:0x0 + 0x1)) + (DEFINED (UsageFault_Handler)?UsageFault_Handler:0x0 + 0x1))))
                0x00000000                _image_start = LOADADDR (.text)
                0x000032e0                _image_end = (LOADADDR (.data) + SIZEOF (.data))
                0x000032e0                _image_size = (_image_end - _image_start)
OUTPUT(Solar.axf elf32-littlearm)

.debug_info     0x00000000    0x1b0bd
 .debug_info    0x00000000      0x69c ./src/PavelIoPin.o
 .debug_info    0x0000069c     0x1588 ./src/SerialPort.o
 .debug_info    0x00001c24     0x109f ./src/cr_cpp_config.o
 .debug_info    0x00002cc3      0x27e ./src/cr_startup_lpc15xx.o
 .debug_info    0x00002f41     0x7dd4 ./src/pavel_main.o
 .debug_info    0x0000ad15      0x96c ./src/sysinit.o
 .debug_info    0x0000b681     0x135e C:\Users\Lauri\Documents\MCUXpressoIDE_10.2.1_795\workspace\Solar_Tracker_Latest_Workspace\Solar_Project\lpc_board_nxp_lpcxpresso_1549\Debug\liblpc_board_nxp_lpcxpresso_1549.a(board.o)
 .debug_info    0x0000c9df     0x150a C:\Users\Lauri\Documents\MCUXpressoIDE_10.2.1_795\workspace\Solar_Tracker_Latest_Workspace\Solar_Project\lpc_board_nxp_lpcxpresso_1549\Debug\liblpc_board_nxp_lpcxpresso_1549.a(board_sysinit.o)
 .debug_info    0x0000dee9      0x9dd C:\Users\Lauri\Documents\MCUXpressoIDE_10.2.1_795\workspace\Solar_Tracker_Latest_Workspace\Solar_Project\lpc_chip_15xx\Debug\liblpc_chip_15xx.a(chip_15xx.o)
 .debug_info    0x0000e8c6      0xd9e C:\Users\Lauri\Documents\MCUXpressoIDE_10.2.1_795\workspace\Solar_Tracker_Latest_Workspace\Solar_Project\lpc_chip_15xx\Debug\liblpc_chip_15xx.a(clock_15xx.o)
 .debug_info    0x0000f664      0x688 C:\Users\Lauri\Documents\MCUXpressoIDE_10.2.1_795\workspace\Solar_Tracker_Latest_Workspace\Solar_Project\lpc_chip_15xx\Debug\liblpc_chip_15xx.a(gpio_15xx.o)
 .debug_info    0x0000fcec      0x279 C:\Users\Lauri\Documents\MCUXpressoIDE_10.2.1_795\workspace\Solar_Tracker_Latest_Workspace\Solar_Project\lpc_chip_15xx\Debug\liblpc_chip_15xx.a(iocon_15xx.o)
 .debug_info    0x0000ff65      0xb7a C:\Users\Lauri\Documents\MCUXpressoIDE_10.2.1_795\workspace\Solar_Tracker_Latest_Workspace\Solar_Project\lpc_chip_15xx\Debug\liblpc_chip_15xx.a(ring_buffer.o)
 .debug_info    0x00010adf      0x623 C:\Users\Lauri\Documents\MCUXpressoIDE_10.2.1_795\workspace\Solar_Tracker_Latest_Workspace\Solar_Project\lpc_chip_15xx\Debug\liblpc_chip_15xx.a(ritimer_15xx.o)
 .debug_info    0x00011102      0xaba C:\Users\Lauri\Documents\MCUXpressoIDE_10.2.1_795\workspace\Solar_Tracker_Latest_Workspace\Solar_Project\lpc_chip_15xx\Debug\liblpc_chip_15xx.a(sct_15xx.o)
 .debug_info    0x00011bbc      0x66c C:\Users\Lauri\Documents\MCUXpressoIDE_10.2.1_795\workspace\Solar_Tracker_Latest_Workspace\Solar_Project\lpc_chip_15xx\Debug\liblpc_chip_15xx.a(swm_15xx.o)
 .debug_info    0x00012228      0x79f C:\Users\Lauri\Documents\MCUXpressoIDE_10.2.1_795\workspace\Solar_Tracker_Latest_Workspace\Solar_Project\lpc_chip_15xx\Debug\liblpc_chip_15xx.a(sysctl_15xx.o)
 .debug_info    0x000129c7      0x778 C:\Users\Lauri\Documents\MCUXpressoIDE_10.2.1_795\workspace\Solar_Tracker_Latest_Workspace\Solar_Project\lpc_chip_15xx\Debug\liblpc_chip_15xx.a(sysinit_15xx.o)
 .debug_info    0x0001313f      0x955 C:\Users\Lauri\Documents\MCUXpressoIDE_10.2.1_795\workspace\Solar_Tracker_Latest_Workspace\Solar_Project\lpc_chip_15xx\Debug\liblpc_chip_15xx.a(uart_15xx.o)
 .debug_info    0x00013a94     0x1a59 C:\Users\Lauri\Documents\MCUXpressoIDE_10.2.1_795\workspace\Solar_Tracker_Latest_Workspace\Solar_Project\FreeRTOS\Debug\libFreeRTOS.a(queue.o)
 .debug_info    0x000154ed     0x2591 C:\Users\Lauri\Documents\MCUXpressoIDE_10.2.1_795\workspace\Solar_Tracker_Latest_Workspace\Solar_Project\FreeRTOS\Debug\libFreeRTOS.a(tasks.o)
 .debug_info    0x00017a7e      0x9d7 C:\Users\Lauri\Documents\MCUXpressoIDE_10.2.1_795\workspace\Solar_Tracker_Latest_Workspace\Solar_Project\FreeRTOS\Debug\libFreeRTOS.a(heap_3.o)
 .debug_info    0x00018455      0xca4 C:\Users\Lauri\Documents\MCUXpressoIDE_10.2.1_795\workspace\Solar_Tracker_Latest_Workspace\Solar_Project\FreeRTOS\Debug\libFreeRTOS.a(port.o)
 .debug_info    0x000190f9      0xa85 C:\Users\Lauri\Documents\MCUXpressoIDE_10.2.1_795\workspace\Solar_Tracker_Latest_Workspace\Solar_Project\FreeRTOS\Debug\libFreeRTOS.a(FreeRTOSCommonHooks.o)
 .debug_info    0x00019b7e      0xb76 C:\Users\Lauri\Documents\MCUXpressoIDE_10.2.1_795\workspace\Solar_Tracker_Latest_Workspace\Solar_Project\FreeRTOS\Debug\libFreeRTOS.a(list.o)
 .debug_info    0x0001a6f4      0x95f c:/nxp/mcuxpressoide_10.2.1_795/ide/tools/bin/../lib/gcc/arm-none-eabi/7.2.1/../../../../arm-none-eabi/lib/thumb/v7-m\libcr_newlib_nohost.a(_cr_sbrk.o)
 .debug_info    0x0001b053       0x6a c:/nxp/mcuxpressoide_10.2.1_795/ide/tools/bin/../lib/gcc/arm-none-eabi/7.2.1/../../../../arm-none-eabi/lib/thumb/v7-m\libcr_newlib_nohost.a(_cr_check_heap.o)

.debug_abbrev   0x00000000     0x4336
 .debug_abbrev  0x00000000      0x283 ./src/PavelIoPin.o
 .debug_abbrev  0x00000283      0x3f8 ./src/SerialPort.o
 .debug_abbrev  0x0000067b      0x32c ./src/cr_cpp_config.o
 .debug_abbrev  0x000009a7      0x106 ./src/cr_startup_lpc15xx.o
 .debug_abbrev  0x00000aad      0xa31 ./src/pavel_main.o
 .debug_abbrev  0x000014de      0x1b1 ./src/sysinit.o
 .debug_abbrev  0x0000168f      0x32b C:\Users\Lauri\Documents\MCUXpressoIDE_10.2.1_795\workspace\Solar_Tracker_Latest_Workspace\Solar_Project\lpc_board_nxp_lpcxpresso_1549\Debug\liblpc_board_nxp_lpcxpresso_1549.a(board.o)
 .debug_abbrev  0x000019ba      0x2fa C:\Users\Lauri\Documents\MCUXpressoIDE_10.2.1_795\workspace\Solar_Tracker_Latest_Workspace\Solar_Project\lpc_board_nxp_lpcxpresso_1549\Debug\liblpc_board_nxp_lpcxpresso_1549.a(board_sysinit.o)
 .debug_abbrev  0x00001cb4      0x1c0 C:\Users\Lauri\Documents\MCUXpressoIDE_10.2.1_795\workspace\Solar_Tracker_Latest_Workspace\Solar_Project\lpc_chip_15xx\Debug\liblpc_chip_15xx.a(chip_15xx.o)
 .debug_abbrev  0x00001e74      0x2ac C:\Users\Lauri\Documents\MCUXpressoIDE_10.2.1_795\workspace\Solar_Tracker_Latest_Workspace\Solar_Project\lpc_chip_15xx\Debug\liblpc_chip_15xx.a(clock_15xx.o)
 .debug_abbrev  0x00002120      0x188 C:\Users\Lauri\Documents\MCUXpressoIDE_10.2.1_795\workspace\Solar_Tracker_Latest_Workspace\Solar_Project\lpc_chip_15xx\Debug\liblpc_chip_15xx.a(gpio_15xx.o)
 .debug_abbrev  0x000022a8      0x144 C:\Users\Lauri\Documents\MCUXpressoIDE_10.2.1_795\workspace\Solar_Tracker_Latest_Workspace\Solar_Project\lpc_chip_15xx\Debug\liblpc_chip_15xx.a(iocon_15xx.o)
 .debug_abbrev  0x000023ec      0x246 C:\Users\Lauri\Documents\MCUXpressoIDE_10.2.1_795\workspace\Solar_Tracker_Latest_Workspace\Solar_Project\lpc_chip_15xx\Debug\liblpc_chip_15xx.a(ring_buffer.o)
 .debug_abbrev  0x00002632      0x188 C:\Users\Lauri\Documents\MCUXpressoIDE_10.2.1_795\workspace\Solar_Tracker_Latest_Workspace\Solar_Project\lpc_chip_15xx\Debug\liblpc_chip_15xx.a(ritimer_15xx.o)
 .debug_abbrev  0x000027ba      0x202 C:\Users\Lauri\Documents\MCUXpressoIDE_10.2.1_795\workspace\Solar_Tracker_Latest_Workspace\Solar_Project\lpc_chip_15xx\Debug\liblpc_chip_15xx.a(sct_15xx.o)
 .debug_abbrev  0x000029bc      0x165 C:\Users\Lauri\Documents\MCUXpressoIDE_10.2.1_795\workspace\Solar_Tracker_Latest_Workspace\Solar_Project\lpc_chip_15xx\Debug\liblpc_chip_15xx.a(swm_15xx.o)
 .debug_abbrev  0x00002b21      0x13a C:\Users\Lauri\Documents\MCUXpressoIDE_10.2.1_795\workspace\Solar_Tracker_Latest_Workspace\Solar_Project\lpc_chip_15xx\Debug\liblpc_chip_15xx.a(sysctl_15xx.o)
 .debug_abbrev  0x00002c5b      0x1b5 C:\Users\Lauri\Documents\MCUXpressoIDE_10.2.1_795\workspace\Solar_Tracker_Latest_Workspace\Solar_Project\lpc_chip_15xx\Debug\liblpc_chip_15xx.a(sysinit_15xx.o)
 .debug_abbrev  0x00002e10      0x1fa C:\Users\Lauri\Documents\MCUXpressoIDE_10.2.1_795\workspace\Solar_Tracker_Latest_Workspace\Solar_Project\lpc_chip_15xx\Debug\liblpc_chip_15xx.a(uart_15xx.o)
 .debug_abbrev  0x0000300a      0x36a C:\Users\Lauri\Documents\MCUXpressoIDE_10.2.1_795\workspace\Solar_Tracker_Latest_Workspace\Solar_Project\FreeRTOS\Debug\libFreeRTOS.a(queue.o)
 .debug_abbrev  0x00003374      0x398 C:\Users\Lauri\Documents\MCUXpressoIDE_10.2.1_795\workspace\Solar_Tracker_Latest_Workspace\Solar_Project\FreeRTOS\Debug\libFreeRTOS.a(tasks.o)
 .debug_abbrev  0x0000370c      0x214 C:\Users\Lauri\Documents\MCUXpressoIDE_10.2.1_795\workspace\Solar_Tracker_Latest_Workspace\Solar_Project\FreeRTOS\Debug\libFreeRTOS.a(heap_3.o)
 .debug_abbrev  0x00003920      0x31d C:\Users\Lauri\Documents\MCUXpressoIDE_10.2.1_795\workspace\Solar_Tracker_Latest_Workspace\Solar_Project\FreeRTOS\Debug\libFreeRTOS.a(port.o)
 .debug_abbrev  0x00003c3d      0x26f C:\Users\Lauri\Documents\MCUXpressoIDE_10.2.1_795\workspace\Solar_Tracker_Latest_Workspace\Solar_Project\FreeRTOS\Debug\libFreeRTOS.a(FreeRTOSCommonHooks.o)
 .debug_abbrev  0x00003eac      0x205 C:\Users\Lauri\Documents\MCUXpressoIDE_10.2.1_795\workspace\Solar_Tracker_Latest_Workspace\Solar_Project\FreeRTOS\Debug\libFreeRTOS.a(list.o)
 .debug_abbrev  0x000040b1      0x223 c:/nxp/mcuxpressoide_10.2.1_795/ide/tools/bin/../lib/gcc/arm-none-eabi/7.2.1/../../../../arm-none-eabi/lib/thumb/v7-m\libcr_newlib_nohost.a(_cr_sbrk.o)
 .debug_abbrev  0x000042d4       0x62 c:/nxp/mcuxpressoide_10.2.1_795/ide/tools/bin/../lib/gcc/arm-none-eabi/7.2.1/../../../../arm-none-eabi/lib/thumb/v7-m\libcr_newlib_nohost.a(_cr_check_heap.o)

.debug_aranges  0x00000000     0x1058
 .debug_aranges
                0x00000000       0x68 ./src/PavelIoPin.o
 .debug_aranges
                0x00000068       0xb8 ./src/SerialPort.o
 .debug_aranges
                0x00000120       0x48 ./src/cr_cpp_config.o
 .debug_aranges
                0x00000168       0x80 ./src/cr_startup_lpc15xx.o
 .debug_aranges
                0x000001e8      0x3c0 ./src/pavel_main.o
 .debug_aranges
                0x000005a8       0x20 ./src/sysinit.o
 .debug_aranges
                0x000005c8       0xd0 C:\Users\Lauri\Documents\MCUXpressoIDE_10.2.1_795\workspace\Solar_Tracker_Latest_Workspace\Solar_Project\lpc_board_nxp_lpcxpresso_1549\Debug\liblpc_board_nxp_lpcxpresso_1549.a(board.o)
 .debug_aranges
                0x00000698       0x60 C:\Users\Lauri\Documents\MCUXpressoIDE_10.2.1_795\workspace\Solar_Tracker_Latest_Workspace\Solar_Project\lpc_board_nxp_lpcxpresso_1549\Debug\liblpc_board_nxp_lpcxpresso_1549.a(board_sysinit.o)
 .debug_aranges
                0x000006f8       0x50 C:\Users\Lauri\Documents\MCUXpressoIDE_10.2.1_795\workspace\Solar_Tracker_Latest_Workspace\Solar_Project\lpc_chip_15xx\Debug\liblpc_chip_15xx.a(chip_15xx.o)
 .debug_aranges
                0x00000748      0x128 C:\Users\Lauri\Documents\MCUXpressoIDE_10.2.1_795\workspace\Solar_Tracker_Latest_Workspace\Solar_Project\lpc_chip_15xx\Debug\liblpc_chip_15xx.a(clock_15xx.o)
 .debug_aranges
                0x00000870       0x70 C:\Users\Lauri\Documents\MCUXpressoIDE_10.2.1_795\workspace\Solar_Tracker_Latest_Workspace\Solar_Project\lpc_chip_15xx\Debug\liblpc_chip_15xx.a(gpio_15xx.o)
 .debug_aranges
                0x000008e0       0x28 C:\Users\Lauri\Documents\MCUXpressoIDE_10.2.1_795\workspace\Solar_Tracker_Latest_Workspace\Solar_Project\lpc_chip_15xx\Debug\liblpc_chip_15xx.a(iocon_15xx.o)
 .debug_aranges
                0x00000908       0x60 C:\Users\Lauri\Documents\MCUXpressoIDE_10.2.1_795\workspace\Solar_Tracker_Latest_Workspace\Solar_Project\lpc_chip_15xx\Debug\liblpc_chip_15xx.a(ring_buffer.o)
 .debug_aranges
                0x00000968       0x80 C:\Users\Lauri\Documents\MCUXpressoIDE_10.2.1_795\workspace\Solar_Tracker_Latest_Workspace\Solar_Project\lpc_chip_15xx\Debug\liblpc_chip_15xx.a(ritimer_15xx.o)
 .debug_aranges
                0x000009e8       0x50 C:\Users\Lauri\Documents\MCUXpressoIDE_10.2.1_795\workspace\Solar_Tracker_Latest_Workspace\Solar_Project\lpc_chip_15xx\Debug\liblpc_chip_15xx.a(sct_15xx.o)
 .debug_aranges
                0x00000a38       0x40 C:\Users\Lauri\Documents\MCUXpressoIDE_10.2.1_795\workspace\Solar_Tracker_Latest_Workspace\Solar_Project\lpc_chip_15xx\Debug\liblpc_chip_15xx.a(swm_15xx.o)
 .debug_aranges
                0x00000a78       0x50 C:\Users\Lauri\Documents\MCUXpressoIDE_10.2.1_795\workspace\Solar_Tracker_Latest_Workspace\Solar_Project\lpc_chip_15xx\Debug\liblpc_chip_15xx.a(sysctl_15xx.o)
 .debug_aranges
                0x00000ac8       0x58 C:\Users\Lauri\Documents\MCUXpressoIDE_10.2.1_795\workspace\Solar_Tracker_Latest_Workspace\Solar_Project\lpc_chip_15xx\Debug\liblpc_chip_15xx.a(sysinit_15xx.o)
 .debug_aranges
                0x00000b20       0xc8 C:\Users\Lauri\Documents\MCUXpressoIDE_10.2.1_795\workspace\Solar_Tracker_Latest_Workspace\Solar_Project\lpc_chip_15xx\Debug\liblpc_chip_15xx.a(uart_15xx.o)
 .debug_aranges
                0x00000be8      0x128 C:\Users\Lauri\Documents\MCUXpressoIDE_10.2.1_795\workspace\Solar_Tracker_Latest_Workspace\Solar_Project\FreeRTOS\Debug\libFreeRTOS.a(queue.o)
 .debug_aranges
                0x00000d10      0x1f0 C:\Users\Lauri\Documents\MCUXpressoIDE_10.2.1_795\workspace\Solar_Tracker_Latest_Workspace\Solar_Project\FreeRTOS\Debug\libFreeRTOS.a(tasks.o)
 .debug_aranges
                0x00000f00       0x28 C:\Users\Lauri\Documents\MCUXpressoIDE_10.2.1_795\workspace\Solar_Tracker_Latest_Workspace\Solar_Project\FreeRTOS\Debug\libFreeRTOS.a(heap_3.o)
 .debug_aranges
                0x00000f28       0x70 C:\Users\Lauri\Documents\MCUXpressoIDE_10.2.1_795\workspace\Solar_Tracker_Latest_Workspace\Solar_Project\FreeRTOS\Debug\libFreeRTOS.a(port.o)
 .debug_aranges
                0x00000f98       0x40 C:\Users\Lauri\Documents\MCUXpressoIDE_10.2.1_795\workspace\Solar_Tracker_Latest_Workspace\Solar_Project\FreeRTOS\Debug\libFreeRTOS.a(FreeRTOSCommonHooks.o)
 .debug_aranges
                0x00000fd8       0x40 C:\Users\Lauri\Documents\MCUXpressoIDE_10.2.1_795\workspace\Solar_Tracker_Latest_Workspace\Solar_Project\FreeRTOS\Debug\libFreeRTOS.a(list.o)
 .debug_aranges
                0x00001018       0x20 c:/nxp/mcuxpressoide_10.2.1_795/ide/tools/bin/../lib/gcc/arm-none-eabi/7.2.1/../../../../arm-none-eabi/lib/thumb/v7-m\libcr_newlib_nohost.a(_cr_sbrk.o)
 .debug_aranges
                0x00001038       0x20 c:/nxp/mcuxpressoide_10.2.1_795/ide/tools/bin/../lib/gcc/arm-none-eabi/7.2.1/../../../../arm-none-eabi/lib/thumb/v7-m\libcr_newlib_nohost.a(_cr_check_heap.o)

.debug_ranges   0x00000000      0xec0
 .debug_ranges  0x00000000       0x58 ./src/PavelIoPin.o
 .debug_ranges  0x00000058       0xa8 ./src/SerialPort.o
 .debug_ranges  0x00000100       0x38 ./src/cr_cpp_config.o
 .debug_ranges  0x00000138       0x70 ./src/cr_startup_lpc15xx.o
 .debug_ranges  0x000001a8      0x3b0 ./src/pavel_main.o
 .debug_ranges  0x00000558       0x10 ./src/sysinit.o
 .debug_ranges  0x00000568       0xd8 C:\Users\Lauri\Documents\MCUXpressoIDE_10.2.1_795\workspace\Solar_Tracker_Latest_Workspace\Solar_Project\lpc_board_nxp_lpcxpresso_1549\Debug\liblpc_board_nxp_lpcxpresso_1549.a(board.o)
 .debug_ranges  0x00000640       0x50 C:\Users\Lauri\Documents\MCUXpressoIDE_10.2.1_795\workspace\Solar_Tracker_Latest_Workspace\Solar_Project\lpc_board_nxp_lpcxpresso_1549\Debug\liblpc_board_nxp_lpcxpresso_1549.a(board_sysinit.o)
 .debug_ranges  0x00000690       0x40 C:\Users\Lauri\Documents\MCUXpressoIDE_10.2.1_795\workspace\Solar_Tracker_Latest_Workspace\Solar_Project\lpc_chip_15xx\Debug\liblpc_chip_15xx.a(chip_15xx.o)
 .debug_ranges  0x000006d0      0x118 C:\Users\Lauri\Documents\MCUXpressoIDE_10.2.1_795\workspace\Solar_Tracker_Latest_Workspace\Solar_Project\lpc_chip_15xx\Debug\liblpc_chip_15xx.a(clock_15xx.o)
 .debug_ranges  0x000007e8       0x60 C:\Users\Lauri\Documents\MCUXpressoIDE_10.2.1_795\workspace\Solar_Tracker_Latest_Workspace\Solar_Project\lpc_chip_15xx\Debug\liblpc_chip_15xx.a(gpio_15xx.o)
 .debug_ranges  0x00000848       0x18 C:\Users\Lauri\Documents\MCUXpressoIDE_10.2.1_795\workspace\Solar_Tracker_Latest_Workspace\Solar_Project\lpc_chip_15xx\Debug\liblpc_chip_15xx.a(iocon_15xx.o)
 .debug_ranges  0x00000860       0x50 C:\Users\Lauri\Documents\MCUXpressoIDE_10.2.1_795\workspace\Solar_Tracker_Latest_Workspace\Solar_Project\lpc_chip_15xx\Debug\liblpc_chip_15xx.a(ring_buffer.o)
 .debug_ranges  0x000008b0       0x70 C:\Users\Lauri\Documents\MCUXpressoIDE_10.2.1_795\workspace\Solar_Tracker_Latest_Workspace\Solar_Project\lpc_chip_15xx\Debug\liblpc_chip_15xx.a(ritimer_15xx.o)
 .debug_ranges  0x00000920       0x40 C:\Users\Lauri\Documents\MCUXpressoIDE_10.2.1_795\workspace\Solar_Tracker_Latest_Workspace\Solar_Project\lpc_chip_15xx\Debug\liblpc_chip_15xx.a(sct_15xx.o)
 .debug_ranges  0x00000960       0x30 C:\Users\Lauri\Documents\MCUXpressoIDE_10.2.1_795\workspace\Solar_Tracker_Latest_Workspace\Solar_Project\lpc_chip_15xx\Debug\liblpc_chip_15xx.a(swm_15xx.o)
 .debug_ranges  0x00000990       0x40 C:\Users\Lauri\Documents\MCUXpressoIDE_10.2.1_795\workspace\Solar_Tracker_Latest_Workspace\Solar_Project\lpc_chip_15xx\Debug\liblpc_chip_15xx.a(sysctl_15xx.o)
 .debug_ranges  0x000009d0       0x48 C:\Users\Lauri\Documents\MCUXpressoIDE_10.2.1_795\workspace\Solar_Tracker_Latest_Workspace\Solar_Project\lpc_chip_15xx\Debug\liblpc_chip_15xx.a(sysinit_15xx.o)
 .debug_ranges  0x00000a18       0xb8 C:\Users\Lauri\Documents\MCUXpressoIDE_10.2.1_795\workspace\Solar_Tracker_Latest_Workspace\Solar_Project\lpc_chip_15xx\Debug\liblpc_chip_15xx.a(uart_15xx.o)
 .debug_ranges  0x00000ad0      0x118 C:\Users\Lauri\Documents\MCUXpressoIDE_10.2.1_795\workspace\Solar_Tracker_Latest_Workspace\Solar_Project\FreeRTOS\Debug\libFreeRTOS.a(queue.o)
 .debug_ranges  0x00000be8      0x1e0 C:\Users\Lauri\Documents\MCUXpressoIDE_10.2.1_795\workspace\Solar_Tracker_Latest_Workspace\Solar_Project\FreeRTOS\Debug\libFreeRTOS.a(tasks.o)
 .debug_ranges  0x00000dc8       0x18 C:\Users\Lauri\Documents\MCUXpressoIDE_10.2.1_795\workspace\Solar_Tracker_Latest_Workspace\Solar_Project\FreeRTOS\Debug\libFreeRTOS.a(heap_3.o)
 .debug_ranges  0x00000de0       0x60 C:\Users\Lauri\Documents\MCUXpressoIDE_10.2.1_795\workspace\Solar_Tracker_Latest_Workspace\Solar_Project\FreeRTOS\Debug\libFreeRTOS.a(port.o)
 .debug_ranges  0x00000e40       0x30 C:\Users\Lauri\Documents\MCUXpressoIDE_10.2.1_795\workspace\Solar_Tracker_Latest_Workspace\Solar_Project\FreeRTOS\Debug\libFreeRTOS.a(FreeRTOSCommonHooks.o)
 .debug_ranges  0x00000e70       0x30 C:\Users\Lauri\Documents\MCUXpressoIDE_10.2.1_795\workspace\Solar_Tracker_Latest_Workspace\Solar_Project\FreeRTOS\Debug\libFreeRTOS.a(list.o)
 .debug_ranges  0x00000ea0       0x10 c:/nxp/mcuxpressoide_10.2.1_795/ide/tools/bin/../lib/gcc/arm-none-eabi/7.2.1/../../../../arm-none-eabi/lib/thumb/v7-m\libcr_newlib_nohost.a(_cr_sbrk.o)
 .debug_ranges  0x00000eb0       0x10 c:/nxp/mcuxpressoide_10.2.1_795/ide/tools/bin/../lib/gcc/arm-none-eabi/7.2.1/../../../../arm-none-eabi/lib/thumb/v7-m\libcr_newlib_nohost.a(_cr_check_heap.o)

.debug_macro    0x00000000     0x8e3e
 .debug_macro   0x00000000      0x26f ./src/PavelIoPin.o
 .debug_macro   0x0000026f      0x39d ./src/SerialPort.o
 .debug_macro   0x0000060c      0x137 ./src/cr_cpp_config.o
 .debug_macro   0x00000743      0x10e ./src/cr_cpp_config.o
 .debug_macro   0x00000851       0x94 ./src/cr_cpp_config.o
 .debug_macro   0x000008e5       0x23 ./src/cr_startup_lpc15xx.o
 .debug_macro   0x00000908      0x7dc ./src/pavel_main.o
 .debug_macro   0x000010e4       0x22 ./src/pavel_main.o
 .debug_macro   0x00001106       0x2c ./src/pavel_main.o
 .debug_macro   0x00001132       0x10 ./src/pavel_main.o
 .debug_macro   0x00001142      0x118 ./src/pavel_main.o
 .debug_macro   0x0000125a      0x15a ./src/pavel_main.o
 .debug_macro   0x000013b4       0xd6 ./src/pavel_main.o
 .debug_macro   0x0000148a       0x10 ./src/pavel_main.o
 .debug_macro   0x0000149a       0x1f ./src/pavel_main.o
 .debug_macro   0x000014b9       0x16 ./src/pavel_main.o
 .debug_macro   0x000014cf      0x46b ./src/pavel_main.o
 .debug_macro   0x0000193a       0xb5 ./src/pavel_main.o
 .debug_macro   0x000019ef       0x8c ./src/pavel_main.o
 .debug_macro   0x00001a7b       0x86 ./src/pavel_main.o
 .debug_macro   0x00001b01       0x7e ./src/pavel_main.o
 .debug_macro   0x00001b7f       0x17 ./src/pavel_main.o
 .debug_macro   0x00001b96      0x376 ./src/sysinit.o
 .debug_macro   0x00001f0c       0x22 ./src/sysinit.o
 .debug_macro   0x00001f2e      0xa7d ./src/sysinit.o
 .debug_macro   0x000029ab       0x9c ./src/sysinit.o
 .debug_macro   0x00002a47       0x97 ./src/sysinit.o
 .debug_macro   0x00002ade      0x330 ./src/sysinit.o
 .debug_macro   0x00002e0e       0xfd ./src/sysinit.o
 .debug_macro   0x00002f0b       0x43 ./src/sysinit.o
 .debug_macro   0x00002f4e      0x129 ./src/sysinit.o
 .debug_macro   0x00003077      0x3f3 C:\Users\Lauri\Documents\MCUXpressoIDE_10.2.1_795\workspace\Solar_Tracker_Latest_Workspace\Solar_Project\lpc_board_nxp_lpcxpresso_1549\Debug\liblpc_board_nxp_lpcxpresso_1549.a(board.o)
 .debug_macro   0x0000346a      0xa6c C:\Users\Lauri\Documents\MCUXpressoIDE_10.2.1_795\workspace\Solar_Tracker_Latest_Workspace\Solar_Project\lpc_board_nxp_lpcxpresso_1549\Debug\liblpc_board_nxp_lpcxpresso_1549.a(board.o)
 .debug_macro   0x00003ed6       0x87 C:\Users\Lauri\Documents\MCUXpressoIDE_10.2.1_795\workspace\Solar_Tracker_Latest_Workspace\Solar_Project\lpc_board_nxp_lpcxpresso_1549\Debug\liblpc_board_nxp_lpcxpresso_1549.a(board.o)
 .debug_macro   0x00003f5d       0x1c C:\Users\Lauri\Documents\MCUXpressoIDE_10.2.1_795\workspace\Solar_Tracker_Latest_Workspace\Solar_Project\lpc_board_nxp_lpcxpresso_1549\Debug\liblpc_board_nxp_lpcxpresso_1549.a(board.o)
 .debug_macro   0x00003f79       0x52 C:\Users\Lauri\Documents\MCUXpressoIDE_10.2.1_795\workspace\Solar_Tracker_Latest_Workspace\Solar_Project\lpc_board_nxp_lpcxpresso_1549\Debug\liblpc_board_nxp_lpcxpresso_1549.a(board.o)
 .debug_macro   0x00003fcb       0x40 C:\Users\Lauri\Documents\MCUXpressoIDE_10.2.1_795\workspace\Solar_Tracker_Latest_Workspace\Solar_Project\lpc_board_nxp_lpcxpresso_1549\Debug\liblpc_board_nxp_lpcxpresso_1549.a(board.o)
 .debug_macro   0x0000400b       0x10 C:\Users\Lauri\Documents\MCUXpressoIDE_10.2.1_795\workspace\Solar_Tracker_Latest_Workspace\Solar_Project\lpc_board_nxp_lpcxpresso_1549\Debug\liblpc_board_nxp_lpcxpresso_1549.a(board.o)
 .debug_macro   0x0000401b       0x40 C:\Users\Lauri\Documents\MCUXpressoIDE_10.2.1_795\workspace\Solar_Tracker_Latest_Workspace\Solar_Project\lpc_board_nxp_lpcxpresso_1549\Debug\liblpc_board_nxp_lpcxpresso_1549.a(board.o)
 .debug_macro   0x0000405b       0xd7 C:\Users\Lauri\Documents\MCUXpressoIDE_10.2.1_795\workspace\Solar_Tracker_Latest_Workspace\Solar_Project\lpc_board_nxp_lpcxpresso_1549\Debug\liblpc_board_nxp_lpcxpresso_1549.a(board.o)
 .debug_macro   0x00004132       0x1c C:\Users\Lauri\Documents\MCUXpressoIDE_10.2.1_795\workspace\Solar_Tracker_Latest_Workspace\Solar_Project\lpc_board_nxp_lpcxpresso_1549\Debug\liblpc_board_nxp_lpcxpresso_1549.a(board.o)
 .debug_macro   0x0000414e       0x3d C:\Users\Lauri\Documents\MCUXpressoIDE_10.2.1_795\workspace\Solar_Tracker_Latest_Workspace\Solar_Project\lpc_board_nxp_lpcxpresso_1549\Debug\liblpc_board_nxp_lpcxpresso_1549.a(board.o)
 .debug_macro   0x0000418b      0x16f C:\Users\Lauri\Documents\MCUXpressoIDE_10.2.1_795\workspace\Solar_Tracker_Latest_Workspace\Solar_Project\lpc_board_nxp_lpcxpresso_1549\Debug\liblpc_board_nxp_lpcxpresso_1549.a(board.o)
 .debug_macro   0x000042fa       0x12 C:\Users\Lauri\Documents\MCUXpressoIDE_10.2.1_795\workspace\Solar_Tracker_Latest_Workspace\Solar_Project\lpc_board_nxp_lpcxpresso_1549\Debug\liblpc_board_nxp_lpcxpresso_1549.a(board.o)
 .debug_macro   0x0000430c      0x414 C:\Users\Lauri\Documents\MCUXpressoIDE_10.2.1_795\workspace\Solar_Tracker_Latest_Workspace\Solar_Project\lpc_board_nxp_lpcxpresso_1549\Debug\liblpc_board_nxp_lpcxpresso_1549.a(board_sysinit.o)
 .debug_macro   0x00004720       0x16 C:\Users\Lauri\Documents\MCUXpressoIDE_10.2.1_795\workspace\Solar_Tracker_Latest_Workspace\Solar_Project\lpc_board_nxp_lpcxpresso_1549\Debug\liblpc_board_nxp_lpcxpresso_1549.a(board_sysinit.o)
 .debug_macro   0x00004736       0x35 C:\Users\Lauri\Documents\MCUXpressoIDE_10.2.1_795\workspace\Solar_Tracker_Latest_Workspace\Solar_Project\lpc_board_nxp_lpcxpresso_1549\Debug\liblpc_board_nxp_lpcxpresso_1549.a(board_sysinit.o)
 .debug_macro   0x0000476b      0x260 C:\Users\Lauri\Documents\MCUXpressoIDE_10.2.1_795\workspace\Solar_Tracker_Latest_Workspace\Solar_Project\lpc_chip_15xx\Debug\liblpc_chip_15xx.a(chip_15xx.o)
 .debug_macro   0x000049cb      0x260 C:\Users\Lauri\Documents\MCUXpressoIDE_10.2.1_795\workspace\Solar_Tracker_Latest_Workspace\Solar_Project\lpc_chip_15xx\Debug\liblpc_chip_15xx.a(clock_15xx.o)
 .debug_macro   0x00004c2b      0x260 C:\Users\Lauri\Documents\MCUXpressoIDE_10.2.1_795\workspace\Solar_Tracker_Latest_Workspace\Solar_Project\lpc_chip_15xx\Debug\liblpc_chip_15xx.a(gpio_15xx.o)
 .debug_macro   0x00004e8b      0x260 C:\Users\Lauri\Documents\MCUXpressoIDE_10.2.1_795\workspace\Solar_Tracker_Latest_Workspace\Solar_Project\lpc_chip_15xx\Debug\liblpc_chip_15xx.a(iocon_15xx.o)
 .debug_macro   0x000050eb      0x151 C:\Users\Lauri\Documents\MCUXpressoIDE_10.2.1_795\workspace\Solar_Tracker_Latest_Workspace\Solar_Project\lpc_chip_15xx\Debug\liblpc_chip_15xx.a(ring_buffer.o)
 .debug_macro   0x0000523c       0x8d C:\Users\Lauri\Documents\MCUXpressoIDE_10.2.1_795\workspace\Solar_Tracker_Latest_Workspace\Solar_Project\lpc_chip_15xx\Debug\liblpc_chip_15xx.a(ring_buffer.o)
 .debug_macro   0x000052c9      0x174 C:\Users\Lauri\Documents\MCUXpressoIDE_10.2.1_795\workspace\Solar_Tracker_Latest_Workspace\Solar_Project\lpc_chip_15xx\Debug\liblpc_chip_15xx.a(ring_buffer.o)
 .debug_macro   0x0000543d       0x10 C:\Users\Lauri\Documents\MCUXpressoIDE_10.2.1_795\workspace\Solar_Tracker_Latest_Workspace\Solar_Project\lpc_chip_15xx\Debug\liblpc_chip_15xx.a(ring_buffer.o)
 .debug_macro   0x0000544d       0x74 C:\Users\Lauri\Documents\MCUXpressoIDE_10.2.1_795\workspace\Solar_Tracker_Latest_Workspace\Solar_Project\lpc_chip_15xx\Debug\liblpc_chip_15xx.a(ring_buffer.o)
 .debug_macro   0x000054c1       0x10 C:\Users\Lauri\Documents\MCUXpressoIDE_10.2.1_795\workspace\Solar_Tracker_Latest_Workspace\Solar_Project\lpc_chip_15xx\Debug\liblpc_chip_15xx.a(ring_buffer.o)
 .debug_macro   0x000054d1      0x260 C:\Users\Lauri\Documents\MCUXpressoIDE_10.2.1_795\workspace\Solar_Tracker_Latest_Workspace\Solar_Project\lpc_chip_15xx\Debug\liblpc_chip_15xx.a(ritimer_15xx.o)
 .debug_macro   0x00005731      0x260 C:\Users\Lauri\Documents\MCUXpressoIDE_10.2.1_795\workspace\Solar_Tracker_Latest_Workspace\Solar_Project\lpc_chip_15xx\Debug\liblpc_chip_15xx.a(sct_15xx.o)
 .debug_macro   0x00005991      0x26c C:\Users\Lauri\Documents\MCUXpressoIDE_10.2.1_795\workspace\Solar_Tracker_Latest_Workspace\Solar_Project\lpc_chip_15xx\Debug\liblpc_chip_15xx.a(swm_15xx.o)
 .debug_macro   0x00005bfd      0x278 C:\Users\Lauri\Documents\MCUXpressoIDE_10.2.1_795\workspace\Solar_Tracker_Latest_Workspace\Solar_Project\lpc_chip_15xx\Debug\liblpc_chip_15xx.a(sysctl_15xx.o)
 .debug_macro   0x00005e75      0x260 C:\Users\Lauri\Documents\MCUXpressoIDE_10.2.1_795\workspace\Solar_Tracker_Latest_Workspace\Solar_Project\lpc_chip_15xx\Debug\liblpc_chip_15xx.a(sysinit_15xx.o)
 .debug_macro   0x000060d5      0x260 C:\Users\Lauri\Documents\MCUXpressoIDE_10.2.1_795\workspace\Solar_Tracker_Latest_Workspace\Solar_Project\lpc_chip_15xx\Debug\liblpc_chip_15xx.a(uart_15xx.o)
 .debug_macro   0x00006335      0x4fc C:\Users\Lauri\Documents\MCUXpressoIDE_10.2.1_795\workspace\Solar_Tracker_Latest_Workspace\Solar_Project\FreeRTOS\Debug\libFreeRTOS.a(queue.o)
 .debug_macro   0x00006831      0xa72 C:\Users\Lauri\Documents\MCUXpressoIDE_10.2.1_795\workspace\Solar_Tracker_Latest_Workspace\Solar_Project\FreeRTOS\Debug\libFreeRTOS.a(queue.o)
 .debug_macro   0x000072a3      0x10e C:\Users\Lauri\Documents\MCUXpressoIDE_10.2.1_795\workspace\Solar_Tracker_Latest_Workspace\Solar_Project\FreeRTOS\Debug\libFreeRTOS.a(queue.o)
 .debug_macro   0x000073b1       0x8d C:\Users\Lauri\Documents\MCUXpressoIDE_10.2.1_795\workspace\Solar_Tracker_Latest_Workspace\Solar_Project\FreeRTOS\Debug\libFreeRTOS.a(queue.o)
 .debug_macro   0x0000743e       0x16 C:\Users\Lauri\Documents\MCUXpressoIDE_10.2.1_795\workspace\Solar_Tracker_Latest_Workspace\Solar_Project\FreeRTOS\Debug\libFreeRTOS.a(queue.o)
 .debug_macro   0x00007454       0x29 C:\Users\Lauri\Documents\MCUXpressoIDE_10.2.1_795\workspace\Solar_Tracker_Latest_Workspace\Solar_Project\FreeRTOS\Debug\libFreeRTOS.a(queue.o)
 .debug_macro   0x0000747d       0x11 C:\Users\Lauri\Documents\MCUXpressoIDE_10.2.1_795\workspace\Solar_Tracker_Latest_Workspace\Solar_Project\FreeRTOS\Debug\libFreeRTOS.a(queue.o)
 .debug_macro   0x0000748e      0x112 C:\Users\Lauri\Documents\MCUXpressoIDE_10.2.1_795\workspace\Solar_Tracker_Latest_Workspace\Solar_Project\FreeRTOS\Debug\libFreeRTOS.a(queue.o)
 .debug_macro   0x000075a0      0x574 C:\Users\Lauri\Documents\MCUXpressoIDE_10.2.1_795\workspace\Solar_Tracker_Latest_Workspace\Solar_Project\FreeRTOS\Debug\libFreeRTOS.a(tasks.o)
 .debug_macro   0x00007b14       0x91 C:\Users\Lauri\Documents\MCUXpressoIDE_10.2.1_795\workspace\Solar_Tracker_Latest_Workspace\Solar_Project\FreeRTOS\Debug\libFreeRTOS.a(tasks.o)
 .debug_macro   0x00007ba5       0x10 C:\Users\Lauri\Documents\MCUXpressoIDE_10.2.1_795\workspace\Solar_Tracker_Latest_Workspace\Solar_Project\FreeRTOS\Debug\libFreeRTOS.a(tasks.o)
 .debug_macro   0x00007bb5       0x16 C:\Users\Lauri\Documents\MCUXpressoIDE_10.2.1_795\workspace\Solar_Tracker_Latest_Workspace\Solar_Project\FreeRTOS\Debug\libFreeRTOS.a(tasks.o)
 .debug_macro   0x00007bcb      0x491 C:\Users\Lauri\Documents\MCUXpressoIDE_10.2.1_795\workspace\Solar_Tracker_Latest_Workspace\Solar_Project\FreeRTOS\Debug\libFreeRTOS.a(heap_3.o)
 .debug_macro   0x0000805c      0x4ff C:\Users\Lauri\Documents\MCUXpressoIDE_10.2.1_795\workspace\Solar_Tracker_Latest_Workspace\Solar_Project\FreeRTOS\Debug\libFreeRTOS.a(port.o)
 .debug_macro   0x0000855b      0x46d C:\Users\Lauri\Documents\MCUXpressoIDE_10.2.1_795\workspace\Solar_Tracker_Latest_Workspace\Solar_Project\FreeRTOS\Debug\libFreeRTOS.a(FreeRTOSCommonHooks.o)
 .debug_macro   0x000089c8      0x476 C:\Users\Lauri\Documents\MCUXpressoIDE_10.2.1_795\workspace\Solar_Tracker_Latest_Workspace\Solar_Project\FreeRTOS\Debug\libFreeRTOS.a(list.o)

.debug_line     0x00000000     0xd090
 .debug_line    0x00000000      0x608 ./src/PavelIoPin.o
 .debug_line    0x00000608      0x858 ./src/SerialPort.o
 .debug_line    0x00000e60      0x3e2 ./src/cr_cpp_config.o
 .debug_line    0x00001242       0xd5 ./src/cr_startup_lpc15xx.o
 .debug_line    0x00001317     0x1a66 ./src/pavel_main.o
 .debug_line    0x00002d7d      0x689 ./src/sysinit.o
 .debug_line    0x00003406      0x930 C:\Users\Lauri\Documents\MCUXpressoIDE_10.2.1_795\workspace\Solar_Tracker_Latest_Workspace\Solar_Project\lpc_board_nxp_lpcxpresso_1549\Debug\liblpc_board_nxp_lpcxpresso_1549.a(board.o)
 .debug_line    0x00003d36      0x804 C:\Users\Lauri\Documents\MCUXpressoIDE_10.2.1_795\workspace\Solar_Tracker_Latest_Workspace\Solar_Project\lpc_board_nxp_lpcxpresso_1549\Debug\liblpc_board_nxp_lpcxpresso_1549.a(board_sysinit.o)
 .debug_line    0x0000453a      0x5af C:\Users\Lauri\Documents\MCUXpressoIDE_10.2.1_795\workspace\Solar_Tracker_Latest_Workspace\Solar_Project\lpc_chip_15xx\Debug\liblpc_chip_15xx.a(chip_15xx.o)
 .debug_line    0x00004ae9      0x803 C:\Users\Lauri\Documents\MCUXpressoIDE_10.2.1_795\workspace\Solar_Tracker_Latest_Workspace\Solar_Project\lpc_chip_15xx\Debug\liblpc_chip_15xx.a(clock_15xx.o)
 .debug_line    0x000052ec      0x607 C:\Users\Lauri\Documents\MCUXpressoIDE_10.2.1_795\workspace\Solar_Tracker_Latest_Workspace\Solar_Project\lpc_chip_15xx\Debug\liblpc_chip_15xx.a(gpio_15xx.o)
 .debug_line    0x000058f3      0x54f C:\Users\Lauri\Documents\MCUXpressoIDE_10.2.1_795\workspace\Solar_Tracker_Latest_Workspace\Solar_Project\lpc_chip_15xx\Debug\liblpc_chip_15xx.a(iocon_15xx.o)
 .debug_line    0x00005e42      0x3e4 C:\Users\Lauri\Documents\MCUXpressoIDE_10.2.1_795\workspace\Solar_Tracker_Latest_Workspace\Solar_Project\lpc_chip_15xx\Debug\liblpc_chip_15xx.a(ring_buffer.o)
 .debug_line    0x00006226      0x62f C:\Users\Lauri\Documents\MCUXpressoIDE_10.2.1_795\workspace\Solar_Tracker_Latest_Workspace\Solar_Project\lpc_chip_15xx\Debug\liblpc_chip_15xx.a(ritimer_15xx.o)
 .debug_line    0x00006855      0x5a8 C:\Users\Lauri\Documents\MCUXpressoIDE_10.2.1_795\workspace\Solar_Tracker_Latest_Workspace\Solar_Project\lpc_chip_15xx\Debug\liblpc_chip_15xx.a(sct_15xx.o)
 .debug_line    0x00006dfd      0x57a C:\Users\Lauri\Documents\MCUXpressoIDE_10.2.1_795\workspace\Solar_Tracker_Latest_Workspace\Solar_Project\lpc_chip_15xx\Debug\liblpc_chip_15xx.a(swm_15xx.o)
 .debug_line    0x00007377      0x5b1 C:\Users\Lauri\Documents\MCUXpressoIDE_10.2.1_795\workspace\Solar_Tracker_Latest_Workspace\Solar_Project\lpc_chip_15xx\Debug\liblpc_chip_15xx.a(sysctl_15xx.o)